Archive member included to satisfy reference by file (symbol)

/Users/ryougi/.local/share/fxsdk/sysroot/lib/gcc/sh3eb-elf/14.1.0/libgcc.a(_movmem_i4.o)
                              CMakeFiles/cgba-gint-gpsp.dir/src/nor_rom.c.obj (___movmem_i4_even)
/Users/ryougi/.local/share/fxsdk/sysroot/lib/gcc/sh3eb-elf/14.1.0/libgcc.a(_div_table.o)
                              CMakeFiles/cgba-gint-gpsp.dir/src/gint_platform.c.obj (___udivsi3_i4i)
/Users/ryougi/.local/share/fxsdk/sysroot/lib/gcc/sh3eb-elf/14.1.0/libgcc.a(divsf3.o)
                              CMakeFiles/cgba-gint-gpsp.dir/Users/ryougi/Documents/cgba/.claude/worktrees/keen-swartz-eb3b22/vendor/gpsp/gba_memory.c.obj (___divsf3)
/Users/ryougi/.local/share/fxsdk/sysroot/lib/gcc/sh3eb-elf/14.1.0/libgcc.a(mulsf3.o)
                              CMakeFiles/cgba-gint-gpsp.dir/Users/ryougi/Documents/cgba/.claude/worktrees/keen-swartz-eb3b22/vendor/gpsp/gba_memory.c.obj (___mulsf3)
/Users/ryougi/.local/share/fxsdk/sysroot/lib/gcc/sh3eb-elf/14.1.0/libgcc.a(fixunssfsi.o)
                              CMakeFiles/cgba-gint-gpsp.dir/Users/ryougi/Documents/cgba/.claude/worktrees/keen-swartz-eb3b22/vendor/gpsp/gba_memory.c.obj (___fixunssfsi)
/Users/ryougi/.local/share/fxsdk/sysroot/lib/gcc/sh3eb-elf/14.1.0/libgcc.a(floatunsisf.o)
                              CMakeFiles/cgba-gint-gpsp.dir/Users/ryougi/Documents/cgba/.claude/worktrees/keen-swartz-eb3b22/vendor/gpsp/gba_memory.c.obj (___floatunsisf)
/Users/ryougi/.local/share/fxsdk/sysroot/lib/gcc/sh3eb-elf/14.1.0/libgcc.a(divdf3.o)
                              CMakeFiles/cgba-gint-gpsp.dir/Users/ryougi/Documents/cgba/.claude/worktrees/keen-swartz-eb3b22/vendor/gpsp/gba_memory.c.obj (___divdf3)
/Users/ryougi/.local/share/fxsdk/sysroot/lib/gcc/sh3eb-elf/14.1.0/libgcc.a(muldf3.o)
                              CMakeFiles/cgba-gint-gpsp.dir/Users/ryougi/Documents/cgba/.claude/worktrees/keen-swartz-eb3b22/vendor/gpsp/gba_memory.c.obj (___muldf3)
/Users/ryougi/.local/share/fxsdk/sysroot/lib/gcc/sh3eb-elf/14.1.0/libgcc.a(fixunsdfsi.o)
                              CMakeFiles/cgba-gint-gpsp.dir/Users/ryougi/Documents/cgba/.claude/worktrees/keen-swartz-eb3b22/vendor/gpsp/gba_memory.c.obj (___fixunsdfsi)
/Users/ryougi/.local/share/fxsdk/sysroot/lib/gcc/sh3eb-elf/14.1.0/libgcc.a(floatsidf.o)
                              CMakeFiles/cgba-gint-gpsp.dir/Users/ryougi/Documents/cgba/.claude/worktrees/keen-swartz-eb3b22/vendor/gpsp/gba_memory.c.obj (___floatsidf)
/Users/ryougi/.local/share/fxsdk/sysroot/lib/gcc/sh3eb-elf/14.1.0/libgcc.a(floatunsidf.o)
                              CMakeFiles/cgba-gint-gpsp.dir/Users/ryougi/Documents/cgba/.claude/worktrees/keen-swartz-eb3b22/vendor/gpsp/gba_memory.c.obj (___floatunsidf)
/Users/ryougi/.local/share/fxsdk/sysroot/lib/gcc/sh3eb-elf/14.1.0/libgcc.a(fixdfdi.o)
                              CMakeFiles/cgba-gint-gpsp.dir/Users/ryougi/Documents/cgba/.claude/worktrees/keen-swartz-eb3b22/vendor/gpsp/gba_memory.c.obj (___fixdfdi)
/Users/ryougi/.local/share/fxsdk/sysroot/lib/gcc/sh3eb-elf/14.1.0/libgcc.a(extendsfdf2.o)
                              CMakeFiles/cgba-gint-gpsp.dir/Users/ryougi/Documents/cgba/.claude/worktrees/keen-swartz-eb3b22/vendor/gpsp/gba_memory.c.obj (___extendsfdf2)
/Users/ryougi/.local/share/fxsdk/sysroot/lib/gcc/sh3eb-elf/14.1.0/libgcc.a(_udiv_qrnnd_16.o)
                              /Users/ryougi/.local/share/fxsdk/sysroot/lib/gcc/sh3eb-elf/14.1.0/libgcc.a(divsf3.o) (___udiv_qrnnd_16)
/Users/ryougi/.local/share/fxsdk/sysroot/lib/gcc/sh3eb-elf/14.1.0/libgcc.a(_clzsi2.o)
                              /Users/ryougi/.local/share/fxsdk/sysroot/lib/gcc/sh3eb-elf/14.1.0/libgcc.a(divsf3.o) (___clzsi2)
/Users/ryougi/.local/share/fxsdk/sysroot/lib/gcc/sh3eb-elf/14.1.0/libgcc.a(_clz.o)
                              /Users/ryougi/.local/share/fxsdk/sysroot/lib/gcc/sh3eb-elf/14.1.0/libgcc.a(_clzsi2.o) (___clz_tab)
/Users/ryougi/.local/share/fxsdk/sysroot/lib/gcc/sh3eb-elf/14.1.0/../../../../sh3eb-elf/lib/libgint-cg.a(dma.c.obj)
                              CMakeFiles/cgba-gint-gpsp.dir/src/gint_platform.c.obj (_dma_transfer_async)
/Users/ryougi/.local/share/fxsdk/sysroot/lib/gcc/sh3eb-elf/14.1.0/../../../../sh3eb-elf/lib/libgint-cg.a(inth.s.obj)
                              dma.c.obj (symbol from plugin) (_inth_dma_ae)
/Users/ryougi/.local/share/fxsdk/sysroot/lib/gcc/sh3eb-elf/14.1.0/../../../../sh3eb-elf/lib/libgint-cg.a(intc.c.obj)
                              dma.c.obj (symbol from plugin) (_intc_priority)
/Users/ryougi/.local/share/fxsdk/sysroot/lib/gcc/sh3eb-elf/14.1.0/../../../../sh3eb-elf/lib/libgint-cg.a(inth.s.obj)
                              intc.c.obj (symbol from plugin) (_intc_generic_handler)
/Users/ryougi/.local/share/fxsdk/sysroot/lib/gcc/sh3eb-elf/14.1.0/../../../../sh3eb-elf/lib/libgint-cg.a(exch.c.obj)
                              CMakeFiles/cgba-gint-gpsp.dir/src/gpsp_runner.c.obj (_gint_panic)
[...]
Memory Configuration

Name             Origin             Length             Attributes
rom              0x00300000         0x00200000         xr
ram              0x08101400         0x0007ac00         rw
highram          0x8c200000         0x004f0000         rw
ilram            0xe5200000         0x00001000         xrw
xyram            0xe500e000         0x00004000         xrw
*default*        0x00000000         0xffffffff

Linker script and memory map

LOAD /Users/ryougi/.local/share/fxsdk/sysroot/lib/gcc/sh3eb-elf/14.1.0/libgcc.a
LOAD CMakeFiles/cgba-gint-gpsp.dir/src/main.c.obj
LOAD CMakeFiles/cgba-gint-gpsp.dir/src/gint_platform.c.obj
LOAD CMakeFiles/cgba-gint-gpsp.dir/src/nor_rom.c.obj
LOAD CMakeFiles/cgba-gint-gpsp.dir/src/nor_filestream.c.obj
LOAD CMakeFiles/cgba-gint-gpsp.dir/src/gpsp_runner.c.obj
LOAD CMakeFiles/cgba-gint-gpsp.dir/src/frame_pacing.c.obj
LOAD CMakeFiles/cgba-gint-gpsp.dir/src/no_osheap.c.obj
LOAD CMakeFiles/cgba-gint-gpsp.dir/src/crash_panic.c.obj
LOAD CMakeFiles/cgba-gint-gpsp.dir/Users/ryougi/Documents/cgba/.claude/worktrees/keen-swartz-eb3b22/ports/fxcg100/fxcg100_keys.c.obj
LOAD CMakeFiles/cgba-gint-gpsp.dir/Users/ryougi/Documents/cgba/.claude/worktrees/keen-swartz-eb3b22/ports/fxcg100/fxcg100_config.c.obj
LOAD CMakeFiles/cgba-gint-gpsp.dir/Users/ryougi/Documents/cgba/.claude/worktrees/keen-swartz-eb3b22/ports/fxcg100/fxcg100_menu.c.obj
LOAD CMakeFiles/cgba-gint-gpsp.dir/Users/ryougi/Documents/cgba/.claude/worktrees/keen-swartz-eb3b22/ports/fxcg100/fxcg100_gpsp_stubs.c.obj
LOAD CMakeFiles/cgba-gint-gpsp.dir/Users/ryougi/Documents/cgba/.claude/worktrees/keen-swartz-eb3b22/ports/fxcg100/fxcg100_sound_stub.c.obj
LOAD CMakeFiles/cgba-gint-gpsp.dir/Users/ryougi/Documents/cgba/.claude/worktrees/keen-swartz-eb3b22/vendor/gpsp/main.c.obj
LOAD CMakeFiles/cgba-gint-gpsp.dir/Users/ryougi/Documents/cgba/.claude/worktrees/keen-swartz-eb3b22/vendor/gpsp/gba_memory.c.obj
LOAD CMakeFiles/cgba-gint-gpsp.dir/Users/ryougi/Documents/cgba/.claude/worktrees/keen-swartz-eb3b22/vendor/gpsp/input.c.obj
LOAD CMakeFiles/cgba-gint-gpsp.dir/Users/ryougi/Documents/cgba/.claude/worktrees/keen-swartz-eb3b22/vendor/gpsp/cheats.c.obj
LOAD CMakeFiles/cgba-gint-gpsp.dir/Users/ryougi/Documents/cgba/.claude/worktrees/keen-swartz-eb3b22/vendor/gpsp/gbp.c.obj
LOAD CMakeFiles/cgba-gint-gpsp.dir/Users/ryougi/Documents/cgba/.claude/worktrees/keen-swartz-eb3b22/vendor/gpsp/serial.c.obj
LOAD CMakeFiles/cgba-gint-gpsp.dir/Users/ryougi/Documents/cgba/.claude/worktrees/keen-swartz-eb3b22/vendor/gpsp/serial_proto.c.obj
LOAD CMakeFiles/cgba-gint-gpsp.dir/Users/ryougi/Documents/cgba/.claude/worktrees/keen-swartz-eb3b22/vendor/gpsp/rfu.c.obj
LOAD CMakeFiles/cgba-gint-gpsp.dir/Users/ryougi/Documents/cgba/.claude/worktrees/keen-swartz-eb3b22/vendor/gpsp/savestate.c.obj
LOAD CMakeFiles/cgba-gint-gpsp.dir/Users/ryougi/Documents/cgba/.claude/worktrees/keen-swartz-eb3b22/vendor/gpsp/cpu_threaded.c.obj
LOAD CMakeFiles/cgba-gint-gpsp.dir/Users/ryougi/Documents/cgba/.claude/worktrees/keen-swartz-eb3b22/vendor/gpsp/memmap.c.obj
LOAD CMakeFiles/cgba-gint-gpsp.dir/Users/ryougi/Documents/cgba/.claude/worktrees/keen-swartz-eb3b22/ports/fxcg100/sh4/sh4_interp_helpers.c.obj
LOAD CMakeFiles/cgba-gint-gpsp.dir/Users/ryougi/Documents/cgba/.claude/worktrees/keen-swartz-eb3b22/ports/fxcg100/sh4/sh4_fastmem.c.obj
LOAD CMakeFiles/cgba-gint-gpsp.dir/Users/ryougi/Documents/cgba/.claude/worktrees/keen-swartz-eb3b22/ports/fxcg100/sh4/sh4_dynarec_state.c.obj
LOAD CMakeFiles/cgba-gint-gpsp.dir/Users/ryougi/Documents/cgba/.claude/worktrees/keen-swartz-eb3b22/ports/fxcg100/sh4/sh4_diff_harness.c.obj
LOAD CMakeFiles/cgba-gint-gpsp.dir/Users/ryougi/Documents/cgba/.claude/worktrees/keen-swartz-eb3b22/vendor/gpsp/cpu.cc.obj
LOAD CMakeFiles/cgba-gint-gpsp.dir/Users/ryougi/Documents/cgba/.claude/worktrees/keen-swartz-eb3b22/vendor/gpsp/video.cc.obj
LOAD CMakeFiles/cgba-gint-gpsp.dir/Users/ryougi/Documents/cgba/.claude/worktrees/keen-swartz-eb3b22/vendor/gpsp/bios_data.S.obj
LOAD CMakeFiles/cgba-gint-gpsp.dir/Users/ryougi/Documents/cgba/.claude/worktrees/keen-swartz-eb3b22/vendor/gpsp/sh4/sh4_stub.S.obj
LOAD /var/folders/p_/62vqyc5j0vbb0vcv8xjtc3tw0000gn/T//cc9IXPvc.ltrans0.ltrans.o
LOAD /var/folders/p_/62vqyc5j0vbb0vcv8xjtc3tw0000gn/T//ccNP8iFR.debug.temp.o
LOAD /var/folders/p_/62vqyc5j0vbb0vcv8xjtc3tw0000gn/T//cc3LZx0g.debug.temp.o
LOAD /var/folders/p_/62vqyc5j0vbb0vcv8xjtc3tw0000gn/T//ccCm9pSo.debug.temp.o
LOAD /var/folders/p_/62vqyc5j0vbb0vcv8xjtc3tw0000gn/T//ccmSCear.debug.temp.o
LOAD /var/folders/p_/62vqyc5j0vbb0vcv8xjtc3tw0000gn/T//ccZPLIv8.debug.temp.o
LOAD /var/folders/p_/62vqyc5j0vbb0vcv8xjtc3tw0000gn/T//cc9Ufp7q.debug.temp.o
LOAD /var/folders/p_/62vqyc5j0vbb0vcv8xjtc3tw0000gn/T//cc5qZKFM.debug.temp.o
LOAD /var/folders/p_/62vqyc5j0vbb0vcv8xjtc3tw0000gn/T//cc3tmB1U.debug.temp.o
LOAD /var/folders/p_/62vqyc5j0vbb0vcv8xjtc3tw0000gn/T//ccrfEmJn.debug.temp.o
LOAD /var/folders/p_/62vqyc5j0vbb0vcv8xjtc3tw0000gn/T//ccj69sfL.debug.temp.o
LOAD /var/folders/p_/62vqyc5j0vbb0vcv8xjtc3tw0000gn/T//ccbN5P9Z.debug.temp.o
LOAD /var/folders/p_/62vqyc5j0vbb0vcv8xjtc3tw0000gn/T//cc0aT4tc.debug.temp.o
LOAD /var/folders/p_/62vqyc5j0vbb0vcv8xjtc3tw0000gn/T//ccZwYkOU.debug.temp.o
LOAD /var/folders/p_/62vqyc5j0vbb0vcv8xjtc3tw0000gn/T//ccSRuiPh.debug.temp.o
LOAD /var/folders/p_/62vqyc5j0vbb0vcv8xjtc3tw0000gn/T//ccAwqLH0.debug.temp.o
LOAD /var/folders/p_/62vqyc5j0vbb0vcv8xjtc3tw0000gn/T//ccIu8SAO.debug.temp.o
LOAD /var/folders/p_/62vqyc5j0vbb0vcv8xjtc3tw0000gn/T//ccbqe0T8.debug.temp.o
LOAD /var/folders/p_/62vqyc5j0vbb0vcv8xjtc3tw0000gn/T//ccgaTgLw.debug.temp.o
LOAD /var/folders/p_/62vqyc5j0vbb0vcv8xjtc3tw0000gn/T//ccJTLoPe.debug.temp.o
LOAD /var/folders/p_/62vqyc5j0vbb0vcv8xjtc3tw0000gn/T//ccJLfRUA.debug.temp.o
LOAD /var/folders/p_/62vqyc5j0vbb0vcv8xjtc3tw0000gn/T//cc9N65Iv.debug.temp.o
LOAD /var/folders/p_/62vqyc5j0vbb0vcv8xjtc3tw0000gn/T//ccHnqC18.debug.temp.o
LOAD /var/folders/p_/62vqyc5j0vbb0vcv8xjtc3tw0000gn/T//ccSr9shF.debug.temp.o
LOAD /var/folders/p_/62vqyc5j0vbb0vcv8xjtc3tw0000gn/T//ccmNNbOz.debug.temp.o
LOAD /var/folders/p_/62vqyc5j0vbb0vcv8xjtc3tw0000gn/T//cc15AEBO.debug.temp.o
LOAD /var/folders/p_/62vqyc5j0vbb0vcv8xjtc3tw0000gn/T//ccjgXUCg.debug.temp.o
LOAD /var/folders/p_/62vqyc5j0vbb0vcv8xjtc3tw0000gn/T//ccnWTIyE.debug.temp.o
LOAD /var/folders/p_/62vqyc5j0vbb0vcv8xjtc3tw0000gn/T//cclDcwRH.debug.temp.o
LOAD /var/folders/p_/62vqyc5j0vbb0vcv8xjtc3tw0000gn/T//ccrF9Vii.debug.temp.o
LOAD /var/folders/p_/62vqyc5j0vbb0vcv8xjtc3tw0000gn/T//cciQOAW0.debug.temp.o
LOAD /var/folders/p_/62vqyc5j0vbb0vcv8xjtc3tw0000gn/T//cc0F4QD7.debug.temp.o
LOAD /var/folders/p_/62vqyc5j0vbb0vcv8xjtc3tw0000gn/T//ccyCUA1M.debug.temp.o
LOAD /var/folders/p_/62vqyc5j0vbb0vcv8xjtc3tw0000gn/T//ccD8AwVz.debug.temp.o
LOAD /var/folders/p_/62vqyc5j0vbb0vcv8xjtc3tw0000gn/T//ccLkWjCF.debug.temp.o
LOAD /var/folders/p_/62vqyc5j0vbb0vcv8xjtc3tw0000gn/T//ccqwWtCd.debug.temp.o
LOAD /var/folders/p_/62vqyc5j0vbb0vcv8xjtc3tw0000gn/T//ccCAcNhw.debug.temp.o
LOAD /var/folders/p_/62vqyc5j0vbb0vcv8xjtc3tw0000gn/T//ccksdjQC.debug.temp.o
LOAD /var/folders/p_/62vqyc5j0vbb0vcv8xjtc3tw0000gn/T//ccG6AqFz.debug.temp.o
LOAD /var/folders/p_/62vqyc5j0vbb0vcv8xjtc3tw0000gn/T//ccv9lkU8.debug.temp.o
LOAD /var/folders/p_/62vqyc5j0vbb0vcv8xjtc3tw0000gn/T//ccEryxDS.debug.temp.o
LOAD /Users/ryougi/.local/share/fxsdk/sysroot/lib/gcc/sh3eb-elf/14.1.0/libgcc.a
LOAD /Users/ryougi/.local/share/fxsdk/sysroot/lib/gcc/sh3eb-elf/14.1.0/libgcc.a
LOAD /Users/ryougi/.local/share/fxsdk/sysroot/lib/gcc/sh3eb-elf/14.1.0/../../../../sh3eb-elf/lib/libgint-cg.a
LOAD /Users/ryougi/.local/share/fxsdk/sysroot/lib/gcc/sh3eb-elf/14.1.0/../../../../sh3eb-elf/lib/libc.a
LOAD /Users/ryougi/.local/share/fxsdk/sysroot/lib/gcc/sh3eb-elf/14.1.0/../../../../sh3eb-elf/lib/libgint-cg.a
LOAD /Users/ryougi/.local/share/fxsdk/sysroot/lib/gcc/sh3eb-elf/14.1.0/../../../../sh3eb-elf/lib/libc.a
LOAD /Users/ryougi/.local/share/fxsdk/sysroot/lib/gcc/sh3eb-elf/14.1.0/../../../../sh3eb-elf/lib/libopenlibm.a
LOAD /Users/ryougi/.local/share/fxsdk/sysroot/lib/gcc/sh3eb-elf/14.1.0/libgcc.a
                0x00300000                        _brom = ORIGIN (rom)
                0x0005f410                        _srom = (((SIZEOF (.text) + SIZEOF (.rodata)) + SIZEOF (.gint.drivers)) + SIZEOF (.gint.blocks))

.text           0x00300000    0x5aba0
 *(.text.entry)
 .text.entry    0x00300000        0xc /var/folders/p_/62vqyc5j0vbb0vcv8xjtc3tw0000gn/T//cc9IXPvc.ltrans0.ltrans.o
                0x00300000                _start
                0x0030000c                        _bctors = .
 *(.ctors .ctors.*)
 .ctors         0x0030000c        0x4 /var/folders/p_/62vqyc5j0vbb0vcv8xjtc3tw0000gn/T//cc9IXPvc.ltrans0.ltrans.o
                0x00300010                        _ectors = .
                0x00300010                        _bdtors = .
 *(.dtors .dtors.*)
                0x00300010                        _edtors = .
                0x00300010                        _gint_exch_start = .
 *(.gint.exch)
 .gint.exch     0x00300010       0xa0 /Users/ryougi/.local/share/fxsdk/sysroot/lib/gcc/sh3eb-elf/14.1.0/../../../../sh3eb-elf/lib/libgint-cg.a(exch.s.obj)
                0x00300010                _gint_exch
                0x003000b0                        _gint_exch_end = .
                0x000000a0                        _gint_exch_size = ABSOLUTE ((. - _gint_exch_start))
                0x003000b0                        _gint_tlbh_start = .
 *(.gint.tlbh)
 .gint.tlbh     0x003000b0       0x70 /Users/ryougi/.local/share/fxsdk/sysroot/lib/gcc/sh3eb-elf/14.1.0/../../../../sh3eb-elf/lib/libgint-cg.a(tlbh.S.obj)
                0x003000b0                _gint_tlbh
                0x00300120                        _gint_tlbh_end = .
                0x00000070                        _gint_tlbh_size = ABSOLUTE ((. - _gint_tlbh_start))
 *(.text .text.*)
 .text.draw_status
                0x00300120       0x74 CMakeFiles/cgba-gint-gpsp.dir/src/main.c.obj
 .text.startup.main
                0x00300194      0xbe4 CMakeFiles/cgba-gint-gpsp.dir/src/main.c.obj
                0x00300194                _main
 .text.fps_draw_text.constprop.0
                0x00300d78       0xd8 CMakeFiles/cgba-gint-gpsp.dir/src/gint_platform.c.obj
 .text.fxcg100_lcd_init
                0x00300e50        0x4 CMakeFiles/cgba-gint-gpsp.dir/src/gint_platform.c.obj
                0x00300e50                _fxcg100_lcd_init
 .text.fxcg100_lcd_update
                0x00300e54       0x64 CMakeFiles/cgba-gint-gpsp.dir/src/gint_platform.c.obj
                0x00300e54                _fxcg100_lcd_update
 .text.fxcg100_lcd_blit_gba
                0x00300eb8      0x1d0 CMakeFiles/cgba-gint-gpsp.dir/src/gint_platform.c.obj
                0x00300eb8                _fxcg100_lcd_blit_gba
 .text.fxcg100_lcd_overlay_fps
                0x00301088      0x158 CMakeFiles/cgba-gint-gpsp.dir/src/gint_platform.c.obj
                0x00301088                _fxcg100_lcd_overlay_fps
 .text.sort_rom_entries
                0x003011e0      0x100 CMakeFiles/cgba-gint-gpsp.dir/src/nor_rom.c.obj
 .text.load_single_page_fallback
                0x003012e0       0x88 CMakeFiles/cgba-gint-gpsp.dir/src/nor_rom.c.obj
 .text.fc_copy  0x00301368       0x80 CMakeFiles/cgba-gint-gpsp.dir/src/nor_rom.c.obj
 .text.add_rom_entry_from_path.isra.0
                0x003013e8      0x2a0 CMakeFiles/cgba-gint-gpsp.dir/src/nor_rom.c.obj
 .text.list_storage_roms_with_pattern.isra.0
                0x00301688      0x1bc CMakeFiles/cgba-gint-gpsp.dir/src/nor_rom.c.obj
 .text.cgba_nor_rom_close
                0x00301844       0x54 CMakeFiles/cgba-gint-gpsp.dir/src/nor_rom.c.obj
                0x00301844                _cgba_nor_rom_close
 .text.cgba_nor_rom_read
                0x00301898       0xe4 CMakeFiles/cgba-gint-gpsp.dir/src/nor_rom.c.obj
                0x00301898                _cgba_nor_rom_read
 .text.map_open_fd
                0x0030197c      0x284 CMakeFiles/cgba-gint-gpsp.dir/src/nor_rom.c.obj
 .text.cgba_nor_rom_open_path
                0x00301c00       0xcc CMakeFiles/cgba-gint-gpsp.dir/src/nor_rom.c.obj
                0x00301c00                _cgba_nor_rom_open_path
 .text.cgba_nor_rom_scan_gba
                0x00301ccc       0x80 CMakeFiles/cgba-gint-gpsp.dir/src/nor_rom.c.obj
                0x00301ccc                _cgba_nor_rom_scan_gba
 .text.cgba_nor_rom_status
                0x00301d4c       0x80 CMakeFiles/cgba-gint-gpsp.dir/src/nor_rom.c.obj
                0x00301d4c                _cgba_nor_rom_status
 .text.cgba_gpsp_filestream_bind
                0x00301dcc        0xc CMakeFiles/cgba-gint-gpsp.dir/src/nor_filestream.c.obj
                0x00301dcc                _cgba_gpsp_filestream_bind
 .text.filestream_open
                0x00301dd8       0x24 CMakeFiles/cgba-gint-gpsp.dir/src/nor_filestream.c.obj
                0x00301dd8                _filestream_open
 .text.filestream_seek
                0x00301dfc       0x4c CMakeFiles/cgba-gint-gpsp.dir/src/nor_filestream.c.obj
                0x00301dfc                _filestream_seek
 .text.filestream_read
                0x00301e48       0x94 CMakeFiles/cgba-gint-gpsp.dir/src/nor_filestream.c.obj
                0x00301e48                _filestream_read
 .text.cgba_panic_text
                0x00301edc       0x3c CMakeFiles/cgba-gint-gpsp.dir/src/gpsp_runner.c.obj
 .text.cgba_crash_panic
                0x00301f18      0x11c CMakeFiles/cgba-gint-gpsp.dir/src/gpsp_runner.c.obj
 .text.cgba_crash_reporting_init
                0x00302034       0x10 CMakeFiles/cgba-gint-gpsp.dir/src/gpsp_runner.c.obj
                0x00302034                _cgba_crash_reporting_init
 .text.cgba_sh4_wild_jump
                0x00302044       0x18 CMakeFiles/cgba-gint-gpsp.dir/src/gpsp_runner.c.obj
                0x00302044                _cgba_sh4_wild_jump
 .text.cgba_gpsp_refresh_roms
                0x0030205c       0x18 CMakeFiles/cgba-gint-gpsp.dir/src/gpsp_runner.c.obj
                0x0030205c                _cgba_gpsp_refresh_roms
 .text.cgba_gpsp_rom_name
                0x00302074       0x70 CMakeFiles/cgba-gint-gpsp.dir/src/gpsp_runner.c.obj
                0x00302074                _cgba_gpsp_rom_name
 .text.cgba_gpsp_rom_count
                0x003020e4       0x38 CMakeFiles/cgba-gint-gpsp.dir/src/gpsp_runner.c.obj
                0x003020e4                _cgba_gpsp_rom_count
 .text.cgba_gpsp_init
                0x0030211c      0x1b8 CMakeFiles/cgba-gint-gpsp.dir/src/gpsp_runner.c.obj
                0x0030211c                _cgba_gpsp_init
 .text.cgba_gpsp_last_error
                0x003022d4       0x14 CMakeFiles/cgba-gint-gpsp.dir/src/gpsp_runner.c.obj
                0x003022d4                _cgba_gpsp_last_error
 .text.cgba_gpsp_run_frame
                0x003022e8      0x1f0 CMakeFiles/cgba-gint-gpsp.dir/src/gpsp_runner.c.obj
                0x003022e8                _cgba_gpsp_run_frame
 .text.cgba_gpsp_keyinput
                0x003024d8       0x14 CMakeFiles/cgba-gint-gpsp.dir/src/gpsp_runner.c.obj
                0x003024d8                _cgba_gpsp_keyinput
 .text.cgba_gpsp_diag
                0x003024ec      0x1cc CMakeFiles/cgba-gint-gpsp.dir/src/gpsp_runner.c.obj
                0x003024ec                _cgba_gpsp_diag
 .text.cgba_fps_init
                0x003026b8       0x20 CMakeFiles/cgba-gint-gpsp.dir/src/frame_pacing.c.obj
                0x003026b8                _cgba_fps_init
 .text.cgba_fps_tick
                0x003026d8       0x84 CMakeFiles/cgba-gint-gpsp.dir/src/frame_pacing.c.obj
                0x003026d8                _cgba_fps_tick
 .text.null_malloc
                0x0030275c        0x4 CMakeFiles/cgba-gint-gpsp.dir/src/no_osheap.c.obj
 .text.null_realloc
                0x00302760        0x4 CMakeFiles/cgba-gint-gpsp.dir/src/no_osheap.c.obj
 .text.null_free
                0x00302764        0x4 CMakeFiles/cgba-gint-gpsp.dir/src/no_osheap.c.obj
 .text.__Timer_Install
                0x00302768        0x4 CMakeFiles/cgba-gint-gpsp.dir/src/no_osheap.c.obj
                0x00302768                ___Timer_Install
 .text.__Timer_Start
                0x0030276c        0x4 CMakeFiles/cgba-gint-gpsp.dir/src/no_osheap.c.obj
                0x0030276c                ___Timer_Start
 .text.__Timer_Stop
                0x00302770        0x4 CMakeFiles/cgba-gint-gpsp.dir/src/no_osheap.c.obj
                0x00302770                ___Timer_Stop
 .text.__Timer_Deinstall
                0x00302774        0x4 CMakeFiles/cgba-gint-gpsp.dir/src/no_osheap.c.obj
                0x00302774                ___Timer_Deinstall
 .text.__PutKeyCode
                0x00302778        0x4 CMakeFiles/cgba-gint-gpsp.dir/src/no_osheap.c.obj
                0x00302778                ___PutKeyCode
 .text.__GetKeyWait
                0x0030277c        0x4 CMakeFiles/cgba-gint-gpsp.dir/src/no_osheap.c.obj
                0x0030277c                ___GetKeyWait
 .text.__ClearKeyBuffer
                0x00302780        0x4 CMakeFiles/cgba-gint-gpsp.dir/src/no_osheap.c.obj
                0x00302780                ___ClearKeyBuffer
 .text.__GetVRAMAddress
                0x00302784        0x4 CMakeFiles/cgba-gint-gpsp.dir/src/no_osheap.c.obj
                0x00302784                ___GetVRAMAddress
 .text.__Reset  0x00302788        0x4 CMakeFiles/cgba-gint-gpsp.dir/src/no_osheap.c.obj
                0x00302788                ___Reset
 .text.cgba_panic_draw_begin
                0x0030278c        0xc CMakeFiles/cgba-gint-gpsp.dir/src/crash_panic.c.obj
                0x0030278c                _cgba_panic_draw_begin
 .text.cgba_panic_draw_line
                0x00302798       0x38 CMakeFiles/cgba-gint-gpsp.dir/src/crash_panic.c.obj
                0x00302798                _cgba_panic_draw_line
 .text.cgba_panic_draw_present
                0x003027d0       0x30 CMakeFiles/cgba-gint-gpsp.dir/src/crash_panic.c.obj
                0x003027d0                _cgba_panic_draw_present
 .text.set_fastforward_override
                0x00302800        0x4 CMakeFiles/cgba-gint-gpsp.dir/Users/ryougi/Documents/cgba/.claude/worktrees/keen-swartz-eb3b22/ports/fxcg100/fxcg100_gpsp_stubs.c.obj
                0x00302800                _set_fastforward_override
 .text.netpacket_send
                0x00302804        0x4 CMakeFiles/cgba-gint-gpsp.dir/Users/ryougi/Documents/cgba/.claude/worktrees/keen-swartz-eb3b22/ports/fxcg100/fxcg100_gpsp_stubs.c.obj
                0x00302804                _netpacket_send
 .text.netpacket_poll_receive
                0x00302808        0x4 CMakeFiles/cgba-gint-gpsp.dir/Users/ryougi/Documents/cgba/.claude/worktrees/keen-swartz-eb3b22/ports/fxcg100/fxcg100_gpsp_stubs.c.obj
                0x00302808                _netpacket_poll_receive
 .text.sound_timer_queue32
                0x0030280c        0x4 CMakeFiles/cgba-gint-gpsp.dir/Users/ryougi/Documents/cgba/.claude/worktrees/keen-swartz-eb3b22/ports/fxcg100/fxcg100_sound_stub.c.obj
                0x0030280c                _sound_timer_queue32
 .text.sound_timer
                0x00302810        0x4 CMakeFiles/cgba-gint-gpsp.dir/Users/ryougi/Documents/cgba/.claude/worktrees/keen-swartz-eb3b22/ports/fxcg100/fxcg100_sound_stub.c.obj
                0x00302810                _sound_timer
 .text.sound_reset_fifo
                0x00302814       0x24 CMakeFiles/cgba-gint-gpsp.dir/Users/ryougi/Documents/cgba/.claude/worktrees/keen-swartz-eb3b22/ports/fxcg100/fxcg100_sound_stub.c.obj
                0x00302814                _sound_reset_fifo
 .text.render_gbc_sound
                0x00302838        0x4 CMakeFiles/cgba-gint-gpsp.dir/Users/ryougi/Documents/cgba/.claude/worktrees/keen-swartz-eb3b22/ports/fxcg100/fxcg100_sound_stub.c.obj
                0x00302838                _render_gbc_sound
 .text.init_sound
                0x0030283c       0x5c CMakeFiles/cgba-gint-gpsp.dir/Users/ryougi/Documents/cgba/.claude/worktrees/keen-swartz-eb3b22/ports/fxcg100/fxcg100_sound_stub.c.obj
                0x0030283c                _init_sound
 .text.reset_sound
                0x00302898       0x5c CMakeFiles/cgba-gint-gpsp.dir/Users/ryougi/Documents/cgba/.claude/worktrees/keen-swartz-eb3b22/ports/fxcg100/fxcg100_sound_stub.c.obj
                0x00302898                _reset_sound
 .text.sound_check_savestate
                0x003028f4        0x4 CMakeFiles/cgba-gint-gpsp.dir/Users/ryougi/Documents/cgba/.claude/worktrees/keen-swartz-eb3b22/ports/fxcg100/fxcg100_sound_stub.c.obj
                0x003028f4                _sound_check_savestate
 .text.sound_write_savestate
                0x003028f8        0x4 CMakeFiles/cgba-gint-gpsp.dir/Users/ryougi/Documents/cgba/.claude/worktrees/keen-swartz-eb3b22/ports/fxcg100/fxcg100_sound_stub.c.obj
                0x003028f8                _sound_write_savestate
 .text.sound_read_savestate
                0x003028fc       0x60 CMakeFiles/cgba-gint-gpsp.dir/Users/ryougi/Documents/cgba/.claude/worktrees/keen-swartz-eb3b22/ports/fxcg100/fxcg100_sound_stub.c.obj
                0x003028fc                _sound_read_savestate
 .text.rand_gen
                0x0030295c       0x28 CMakeFiles/cgba-gint-gpsp.dir/Users/ryougi/Documents/cgba/.claude/worktrees/keen-swartz-eb3b22/vendor/gpsp/main.c.obj
                0x0030295c                _rand_gen
 .text.rand_seed
                0x00302984       0x28 CMakeFiles/cgba-gint-gpsp.dir/Users/ryougi/Documents/cgba/.claude/worktrees/keen-swartz-eb3b22/vendor/gpsp/main.c.obj
                0x00302984                _rand_seed
 .text.init_main
                0x003029ac       0x74 CMakeFiles/cgba-gint-gpsp.dir/Users/ryougi/Documents/cgba/.claude/worktrees/keen-swartz-eb3b22/vendor/gpsp/main.c.obj
                0x003029ac                _init_main
 .text.update_gba
                0x00302a20      0x54c CMakeFiles/cgba-gint-gpsp.dir/Users/ryougi/Documents/cgba/.claude/worktrees/keen-swartz-eb3b22/vendor/gpsp/main.c.obj
                0x00302a20                _update_gba
 .text.reset_gba
                0x00302f6c       0x34 CMakeFiles/cgba-gint-gpsp.dir/Users/ryougi/Documents/cgba/.claude/worktrees/keen-swartz-eb3b22/vendor/gpsp/main.c.obj
                0x00302f6c                _reset_gba
 .text.main_check_savestate
                0x00302fa0      0x13c CMakeFiles/cgba-gint-gpsp.dir/Users/ryougi/Documents/cgba/.claude/worktrees/keen-swartz-eb3b22/vendor/gpsp/main.c.obj
                0x00302fa0                _main_check_savestate
 .text.main_read_savestate
                0x003030dc      0x1c4 CMakeFiles/cgba-gint-gpsp.dir/Users/ryougi/Documents/cgba/.claude/worktrees/keen-swartz-eb3b22/vendor/gpsp/main.c.obj
                0x003030dc                _main_read_savestate
 .text.main_write_savestate
                0x003032a0      0x4f4 CMakeFiles/cgba-gint-gpsp.dir/Users/ryougi/Documents/cgba/.claude/worktrees/keen-swartz-eb3b22/vendor/gpsp/main.c.obj
                0x003032a0                _main_write_savestate
 .text.evict_gamepak_page
                0x00303794       0xdc CMakeFiles/cgba-gint-gpsp.dir/Users/ryougi/Documents/cgba/.claude/worktrees/keen-swartz-eb3b22/vendor/gpsp/gba_memory.c.obj
 .text.trigger_timer
                0x00303870      0x188 CMakeFiles/cgba-gint-gpsp.dir/Users/ryougi/Documents/cgba/.claude/worktrees/keen-swartz-eb3b22/vendor/gpsp/gba_memory.c.obj
 .text.normalize_blank_backup_for_detected_type
                0x003039f8       0x6c CMakeFiles/cgba-gint-gpsp.dir/Users/ryougi/Documents/cgba/.claude/worktrees/keen-swartz-eb3b22/vendor/gpsp/gba_memory.c.obj
 .text.load_game_config_over
                0x00303a64      0x138 CMakeFiles/cgba-gint-gpsp.dir/Users/ryougi/Documents/cgba/.claude/worktrees/keen-swartz-eb3b22/vendor/gpsp/gba_memory.c.obj
 .text.rom_is_pokemon_family
                0x00303b9c       0x8c CMakeFiles/cgba-gint-gpsp.dir/Users/ryougi/Documents/cgba/.claude/worktrees/keen-swartz-eb3b22/vendor/gpsp/gba_memory.c.obj
 .text.detect_backup_subcircuit
                0x00303c28      0x36c CMakeFiles/cgba-gint-gpsp.dir/Users/ryougi/Documents/cgba/.claude/worktrees/keen-swartz-eb3b22/vendor/gpsp/gba_memory.c.obj
 .text.reload_timing_info
                0x00303f94       0xc0 CMakeFiles/cgba-gint-gpsp.dir/Users/ryougi/Documents/cgba/.claude/worktrees/keen-swartz-eb3b22/vendor/gpsp/gba_memory.c.obj
                0x00303f94                _reload_timing_info
 .text.read_backup
                0x00304054       0xa4 CMakeFiles/cgba-gint-gpsp.dir/Users/ryougi/Documents/cgba/.claude/worktrees/keen-swartz-eb3b22/vendor/gpsp/gba_memory.c.obj
                0x00304054                _read_backup
 .text.write_eeprom
                0x003040f8      0x130 CMakeFiles/cgba-gint-gpsp.dir/Users/ryougi/Documents/cgba/.claude/worktrees/keen-swartz-eb3b22/vendor/gpsp/gba_memory.c.obj
                0x003040f8                _write_eeprom
 .text.read_eeprom
                0x00304228       0x7c CMakeFiles/cgba-gint-gpsp.dir/Users/ryougi/Documents/cgba/.claude/worktrees/keen-swartz-eb3b22/vendor/gpsp/gba_memory.c.obj
                0x00304228                _read_eeprom
 .text.write_backup
                0x003042a4      0x200 CMakeFiles/cgba-gint-gpsp.dir/Users/ryougi/Documents/cgba/.claude/worktrees/keen-swartz-eb3b22/vendor/gpsp/gba_memory.c.obj
                0x003042a4                _write_backup
 .text.update_gpio_romregs
                0x003044a4       0x60 CMakeFiles/cgba-gint-gpsp.dir/Users/ryougi/Documents/cgba/.claude/worktrees/keen-swartz-eb3b22/vendor/gpsp/gba_memory.c.obj
                0x003044a4                _update_gpio_romregs
 .text.write_rumble
                0x00304504       0x48 CMakeFiles/cgba-gint-gpsp.dir/Users/ryougi/Documents/cgba/.claude/worktrees/keen-swartz-eb3b22/vendor/gpsp/gba_memory.c.obj
                0x00304504                _write_rumble
 .text.write_gpio
                0x0030454c      0x514 CMakeFiles/cgba-gint-gpsp.dir/Users/ryougi/Documents/cgba/.claude/worktrees/keen-swartz-eb3b22/vendor/gpsp/gba_memory.c.obj
                0x0030454c                _write_gpio
 .text.load_gamepak_page
                0x00304a60      0x154 CMakeFiles/cgba-gint-gpsp.dir/Users/ryougi/Documents/cgba/.claude/worktrees/keen-swartz-eb3b22/vendor/gpsp/gba_memory.c.obj
                0x00304a60                _load_gamepak_page
 .text.read_memory8
                0x00304bb4      0x1d4 CMakeFiles/cgba-gint-gpsp.dir/Users/ryougi/Documents/cgba/.claude/worktrees/keen-swartz-eb3b22/vendor/gpsp/gba_memory.c.obj
                0x00304bb4                _read_memory8
 .text.read_memory8s
                0x00304d88       0x14 CMakeFiles/cgba-gint-gpsp.dir/Users/ryougi/Documents/cgba/.claude/worktrees/keen-swartz-eb3b22/vendor/gpsp/gba_memory.c.obj
                0x00304d88                _read_memory8s
 .text.read_memory16
                0x00304d9c      0x1dc CMakeFiles/cgba-gint-gpsp.dir/Users/ryougi/Documents/cgba/.claude/worktrees/keen-swartz-eb3b22/vendor/gpsp/gba_memory.c.obj
                0x00304d9c                _read_memory16
 .text.read_memory16_signed
                0x00304f78      0x1e4 CMakeFiles/cgba-gint-gpsp.dir/Users/ryougi/Documents/cgba/.claude/worktrees/keen-swartz-eb3b22/vendor/gpsp/gba_memory.c.obj
                0x00304f78                _read_memory16_signed
 .text.read_memory16s
                0x0030515c       0x14 CMakeFiles/cgba-gint-gpsp.dir/Users/ryougi/Documents/cgba/.claude/worktrees/keen-swartz-eb3b22/vendor/gpsp/gba_memory.c.obj
                0x0030515c                _read_memory16s
 .text.read_memory32
                0x00305170      0x1f4 CMakeFiles/cgba-gint-gpsp.dir/Users/ryougi/Documents/cgba/.claude/worktrees/keen-swartz-eb3b22/vendor/gpsp/gba_memory.c.obj
                0x00305170                _read_memory32
 .text.dma_tf_loop32
                0x00305364     0x1eb4 CMakeFiles/cgba-gint-gpsp.dir/Users/ryougi/Documents/cgba/.claude/worktrees/keen-swartz-eb3b22/vendor/gpsp/gba_memory.c.obj
                0x00305364                _dma_tf_loop32
 .text.dma_transfer_copy
                0x00307218       0x6c CMakeFiles/cgba-gint-gpsp.dir/Users/ryougi/Documents/cgba/.claude/worktrees/keen-swartz-eb3b22/vendor/gpsp/gba_memory.c.obj
 .text.gpsp_dma_transfer
                0x00307284      0x25c CMakeFiles/cgba-gint-gpsp.dir/Users/ryougi/Documents/cgba/.claude/worktrees/keen-swartz-eb3b22/vendor/gpsp/gba_memory.c.obj
                0x00307284                _gpsp_dma_transfer
 .text.trigger_dma
                0x003074e0      0x1f0 CMakeFiles/cgba-gint-gpsp.dir/Users/ryougi/Documents/cgba/.claude/worktrees/keen-swartz-eb3b22/vendor/gpsp/gba_memory.c.obj
 .text.write_io_register16
                0x003076d0      0xb08 CMakeFiles/cgba-gint-gpsp.dir/Users/ryougi/Documents/cgba/.claude/worktrees/keen-swartz-eb3b22/vendor/gpsp/gba_memory.c.obj
                0x003076d0                _write_io_register16
 .text.write_io_register8
                0x003081d8       0x88 CMakeFiles/cgba-gint-gpsp.dir/Users/ryougi/Documents/cgba/.claude/worktrees/keen-swartz-eb3b22/vendor/gpsp/gba_memory.c.obj
                0x003081d8                _write_io_register8
 .text.write_memory8
                0x00308260       0xe4 CMakeFiles/cgba-gint-gpsp.dir/Users/ryougi/Documents/cgba/.claude/worktrees/keen-swartz-eb3b22/vendor/gpsp/gba_memory.c.obj
                0x00308260                _write_memory8
 .text.write_io_register32
                0x00308344       0x70 CMakeFiles/cgba-gint-gpsp.dir/Users/ryougi/Documents/cgba/.claude/worktrees/keen-swartz-eb3b22/vendor/gpsp/gba_memory.c.obj
                0x00308344                _write_io_register32
 .text.write_memory32
                0x003083b4      0x110 CMakeFiles/cgba-gint-gpsp.dir/Users/ryougi/Documents/cgba/.claude/worktrees/keen-swartz-eb3b22/vendor/gpsp/gba_memory.c.obj
                0x003083b4                _write_memory32
 .text.write_memory16
                0x003084c4      0x10c CMakeFiles/cgba-gint-gpsp.dir/Users/ryougi/Documents/cgba/.claude/worktrees/keen-swartz-eb3b22/vendor/gpsp/gba_memory.c.obj
                0x003084c4                _write_memory16
 .text.dma_tf_loop16
                0x003085d0     0x1bac CMakeFiles/cgba-gint-gpsp.dir/Users/ryougi/Documents/cgba/.claude/worktrees/keen-swartz-eb3b22/vendor/gpsp/gba_memory.c.obj
                0x003085d0                _dma_tf_loop16
 .text.init_gamepak_buffer
                0x0030a17c       0x50 CMakeFiles/cgba-gint-gpsp.dir/Users/ryougi/Documents/cgba/.claude/worktrees/keen-swartz-eb3b22/vendor/gpsp/gba_memory.c.obj
                0x0030a17c                _init_gamepak_buffer
 .text.gamepak_must_swap
                0x0030a1cc       0x2c CMakeFiles/cgba-gint-gpsp.dir/Users/ryougi/Documents/cgba/.claude/worktrees/keen-swartz-eb3b22/vendor/gpsp/gba_memory.c.obj
                0x0030a1cc                _gamepak_must_swap
 .text.init_memory
                0x0030a1f8      0x23c CMakeFiles/cgba-gint-gpsp.dir/Users/ryougi/Documents/cgba/.claude/worktrees/keen-swartz-eb3b22/vendor/gpsp/gba_memory.c.obj
                0x0030a1f8                _init_memory
 .text.memory_check_savestate
                0x0030a434      0x154 CMakeFiles/cgba-gint-gpsp.dir/Users/ryougi/Documents/cgba/.claude/worktrees/keen-swartz-eb3b22/vendor/gpsp/gba_memory.c.obj
                0x0030a434                _memory_check_savestate
 .text.memory_read_savestate
                0x0030a588      0x3c4 CMakeFiles/cgba-gint-gpsp.dir/Users/ryougi/Documents/cgba/.claude/worktrees/keen-swartz-eb3b22/vendor/gpsp/gba_memory.c.obj
                0x0030a588                _memory_read_savestate
 .text.memory_write_savestate
                0x0030a94c      0xb5c CMakeFiles/cgba-gint-gpsp.dir/Users/ryougi/Documents/cgba/.claude/worktrees/keen-swartz-eb3b22/vendor/gpsp/gba_memory.c.obj
                0x0030a94c                _memory_write_savestate
 .text.load_gamepak_from_pages
                0x0030b4a8      0x360 CMakeFiles/cgba-gint-gpsp.dir/Users/ryougi/Documents/cgba/.claude/worktrees/keen-swartz-eb3b22/vendor/gpsp/gba_memory.c.obj
                0x0030b4a8                _load_gamepak_from_pages
 .text.gpsp_set_input_state_bits
                0x0030b808       0x10 CMakeFiles/cgba-gint-gpsp.dir/Users/ryougi/Documents/cgba/.claude/worktrees/keen-swartz-eb3b22/vendor/gpsp/input.c.obj
                0x0030b808                _gpsp_set_input_state_bits
 .text.update_input
                0x0030b818      0x2d0 CMakeFiles/cgba-gint-gpsp.dir/Users/ryougi/Documents/cgba/.claude/worktrees/keen-swartz-eb3b22/vendor/gpsp/input.c.obj
                0x0030b818                _update_input
 .text.input_check_savestate
                0x0030bae8       0x34 CMakeFiles/cgba-gint-gpsp.dir/Users/ryougi/Documents/cgba/.claude/worktrees/keen-swartz-eb3b22/vendor/gpsp/input.c.obj
                0x0030bae8                _input_check_savestate
 .text.input_read_savestate
                0x0030bb1c       0xd0 CMakeFiles/cgba-gint-gpsp.dir/Users/ryougi/Documents/cgba/.claude/worktrees/keen-swartz-eb3b22/vendor/gpsp/input.c.obj
                0x0030bb1c                _input_read_savestate
 .text.input_write_savestate
                0x0030bbec      0x1d4 CMakeFiles/cgba-gint-gpsp.dir/Users/ryougi/Documents/cgba/.claude/worktrees/keen-swartz-eb3b22/vendor/gpsp/input.c.obj
                0x0030bbec                _input_write_savestate
 .text.process_cheats
                0x0030bdc0      0x36c CMakeFiles/cgba-gint-gpsp.dir/Users/ryougi/Documents/cgba/.claude/worktrees/keen-swartz-eb3b22/vendor/gpsp/cheats.c.obj
                0x0030bdc0                _process_cheats
 .text.gbp_get_state
                0x0030c12c       0x30 CMakeFiles/cgba-gint-gpsp.dir/Users/ryougi/Documents/cgba/.claude/worktrees/keen-swartz-eb3b22/vendor/gpsp/gbp.c.obj
                0x0030c12c                _gbp_get_state
 .text.gbp_set_state
                0x0030c15c       0x2c CMakeFiles/cgba-gint-gpsp.dir/Users/ryougi/Documents/cgba/.claude/worktrees/keen-swartz-eb3b22/vendor/gpsp/gbp.c.obj
                0x0030c15c                _gbp_set_state
 .text.gbp_reset
                0x0030c188       0x34 CMakeFiles/cgba-gint-gpsp.dir/Users/ryougi/Documents/cgba/.claude/worktrees/keen-swartz-eb3b22/vendor/gpsp/gbp.c.obj
                0x0030c188                _gbp_reset
 .text.gbp_transfer
                0x0030c1bc       0xac CMakeFiles/cgba-gint-gpsp.dir/Users/ryougi/Documents/cgba/.claude/worktrees/keen-swartz-eb3b22/vendor/gpsp/gbp.c.obj
                0x0030c1bc                _gbp_transfer
 .text.serial_get_irq_cycles
                0x0030c268        0xc CMakeFiles/cgba-gint-gpsp.dir/Users/ryougi/Documents/cgba/.claude/worktrees/keen-swartz-eb3b22/vendor/gpsp/serial.c.obj
                0x0030c268                _serial_get_irq_cycles
 .text.serial_set_irq_cycles
                0x0030c274        0xc CMakeFiles/cgba-gint-gpsp.dir/Users/ryougi/Documents/cgba/.claude/worktrees/keen-swartz-eb3b22/vendor/gpsp/serial.c.obj
                0x0030c274                _serial_set_irq_cycles
 .text.write_rcnt
                0x0030c280       0xcc CMakeFiles/cgba-gint-gpsp.dir/Users/ryougi/Documents/cgba/.claude/worktrees/keen-swartz-eb3b22/vendor/gpsp/serial.c.obj
                0x0030c280                _write_rcnt
 .text.write_siocnt
                0x0030c34c      0x220 CMakeFiles/cgba-gint-gpsp.dir/Users/ryougi/Documents/cgba/.claude/worktrees/keen-swartz-eb3b22/vendor/gpsp/serial.c.obj
                0x0030c34c                _write_siocnt
 .text.serial_next_event
                0x0030c56c       0x14 CMakeFiles/cgba-gint-gpsp.dir/Users/ryougi/Documents/cgba/.claude/worktrees/keen-swartz-eb3b22/vendor/gpsp/serial.c.obj
                0x0030c56c                _serial_next_event
 .text.update_serial
                0x0030c580       0xe0 CMakeFiles/cgba-gint-gpsp.dir/Users/ryougi/Documents/cgba/.claude/worktrees/keen-swartz-eb3b22/vendor/gpsp/serial.c.obj
                0x0030c580                _update_serial
 .text.process_awpeer_val
                0x0030c660       0xe4 CMakeFiles/cgba-gint-gpsp.dir/Users/ryougi/Documents/cgba/.claude/worktrees/keen-swartz-eb3b22/vendor/gpsp/serial_proto.c.obj
 .text.process_awpeer
                0x0030c744       0xf8 CMakeFiles/cgba-gint-gpsp.dir/Users/ryougi/Documents/cgba/.claude/worktrees/keen-swartz-eb3b22/vendor/gpsp/serial_proto.c.obj
 .text.serialaw_senddata
                0x0030c83c       0x8c CMakeFiles/cgba-gint-gpsp.dir/Users/ryougi/Documents/cgba/.claude/worktrees/keen-swartz-eb3b22/vendor/gpsp/serial_proto.c.obj
 .text.serialpoke_senddata
                0x0030c8c8       0x78 CMakeFiles/cgba-gint-gpsp.dir/Users/ryougi/Documents/cgba/.claude/worktrees/keen-swartz-eb3b22/vendor/gpsp/serial_proto.c.obj
 .text.serialproto_reset
                0x0030c940       0x14 CMakeFiles/cgba-gint-gpsp.dir/Users/ryougi/Documents/cgba/.claude/worktrees/keen-swartz-eb3b22/vendor/gpsp/serial_proto.c.obj
                0x0030c940                _serialproto_reset
 .text.serialpoke_master_send
                0x0030c954      0x290 CMakeFiles/cgba-gint-gpsp.dir/Users/ryougi/Documents/cgba/.claude/worktrees/keen-swartz-eb3b22/vendor/gpsp/serial_proto.c.obj
                0x0030c954                _serialpoke_master_send
 .text.serialpoke_update
                0x0030cbe4      0x32c CMakeFiles/cgba-gint-gpsp.dir/Users/ryougi/Documents/cgba/.claude/worktrees/keen-swartz-eb3b22/vendor/gpsp/serial_proto.c.obj
                0x0030cbe4                _serialpoke_update
 .text.serialaw_master_send
                0x0030cf10      0x2bc CMakeFiles/cgba-gint-gpsp.dir/Users/ryougi/Documents/cgba/.claude/worktrees/keen-swartz-eb3b22/vendor/gpsp/serial_proto.c.obj
                0x0030cf10                _serialaw_master_send
 .text.serialaw_update
                0x0030d1cc      0x3d4 CMakeFiles/cgba-gint-gpsp.dir/Users/ryougi/Documents/cgba/.claude/worktrees/keen-swartz-eb3b22/vendor/gpsp/serial_proto.c.obj
                0x0030d1cc                _serialaw_update
 .text.rfu_net_send_data.constprop.0
                0x0030d5a0       0x88 CMakeFiles/cgba-gint-gpsp.dir/Users/ryougi/Documents/cgba/.claude/worktrees/keen-swartz-eb3b22/vendor/gpsp/rfu.c.obj
 .text.rfu_process_command
                0x0030d628      0x6d0 CMakeFiles/cgba-gint-gpsp.dir/Users/ryougi/Documents/cgba/.claude/worktrees/keen-swartz-eb3b22/vendor/gpsp/rfu.c.obj
 .text.rfu_reset
                0x0030dcf8       0x80 CMakeFiles/cgba-gint-gpsp.dir/Users/ryougi/Documents/cgba/.claude/worktrees/keen-swartz-eb3b22/vendor/gpsp/rfu.c.obj
                0x0030dcf8                _rfu_reset
 .text.rfu_transfer
                0x0030dd78      0x214 CMakeFiles/cgba-gint-gpsp.dir/Users/ryougi/Documents/cgba/.claude/worktrees/keen-swartz-eb3b22/vendor/gpsp/rfu.c.obj
                0x0030dd78                _rfu_transfer
 .text.rfu_update
                0x0030df8c      0x1a4 CMakeFiles/cgba-gint-gpsp.dir/Users/ryougi/Documents/cgba/.claude/worktrees/keen-swartz-eb3b22/vendor/gpsp/rfu.c.obj
                0x0030df8c                _rfu_update
 .text.bson_contains_key
                0x0030e130      0x128 CMakeFiles/cgba-gint-gpsp.dir/Users/ryougi/Documents/cgba/.claude/worktrees/keen-swartz-eb3b22/vendor/gpsp/savestate.c.obj
                0x0030e130                _bson_contains_key
 .text.bson_find_key
                0x0030e258      0x124 CMakeFiles/cgba-gint-gpsp.dir/Users/ryougi/Documents/cgba/.claude/worktrees/keen-swartz-eb3b22/vendor/gpsp/savestate.c.obj
                0x0030e258                _bson_find_key
 .text.bson_read_int32
                0x0030e37c       0x50 CMakeFiles/cgba-gint-gpsp.dir/Users/ryougi/Documents/cgba/.claude/worktrees/keen-swartz-eb3b22/vendor/gpsp/savestate.c.obj
                0x0030e37c                _bson_read_int32
 .text.bson_read_int32_array
                0x0030e3cc       0xac CMakeFiles/cgba-gint-gpsp.dir/Users/ryougi/Documents/cgba/.claude/worktrees/keen-swartz-eb3b22/vendor/gpsp/savestate.c.obj
                0x0030e3cc                _bson_read_int32_array
 .text.bson_read_bytes
                0x0030e478       0x60 CMakeFiles/cgba-gint-gpsp.dir/Users/ryougi/Documents/cgba/.claude/worktrees/keen-swartz-eb3b22/vendor/gpsp/savestate.c.obj
                0x0030e478                _bson_read_bytes
 .text.gba_load_state
                0x0030e4d8      0x1b0 CMakeFiles/cgba-gint-gpsp.dir/Users/ryougi/Documents/cgba/.claude/worktrees/keen-swartz-eb3b22/vendor/gpsp/savestate.c.obj
                0x0030e4d8                _gba_load_state
 .text.gba_save_state
                0x0030e688      0x15c CMakeFiles/cgba-gint-gpsp.dir/Users/ryougi/Documents/cgba/.claude/worktrees/keen-swartz-eb3b22/vendor/gpsp/savestate.c.obj
                0x0030e688                _gba_save_state
 .text.sh4g_u16
                0x0030e7e4       0x14 CMakeFiles/cgba-gint-gpsp.dir/Users/ryougi/Documents/cgba/.claude/worktrees/keen-swartz-eb3b22/vendor/gpsp/cpu_threaded.c.obj
 .text.sh4g_patch_cond_skip
                0x0030e7f8       0xc0 CMakeFiles/cgba-gint-gpsp.dir/Users/ryougi/Documents/cgba/.claude/worktrees/keen-swartz-eb3b22/vendor/gpsp/cpu_threaded.c.obj
 .text.sh4g_store_greg.constprop.0
                0x0030e8b8       0x28 CMakeFiles/cgba-gint-gpsp.dir/Users/ryougi/Documents/cgba/.claude/worktrees/keen-swartz-eb3b22/vendor/gpsp/cpu_threaded.c.obj
 .text.sh4g_far_jmp
                0x0030e8e0       0xb8 CMakeFiles/cgba-gint-gpsp.dir/Users/ryougi/Documents/cgba/.claude/worktrees/keen-swartz-eb3b22/vendor/gpsp/cpu_threaded.c.obj
 .text.sh4g_far_call
                0x0030e998       0xcc CMakeFiles/cgba-gint-gpsp.dir/Users/ryougi/Documents/cgba/.claude/worktrees/keen-swartz-eb3b22/vendor/gpsp/cpu_threaded.c.obj
 .text.sh4g_set_flags.part.0.constprop.0
                0x0030ea64      0x27c CMakeFiles/cgba-gint-gpsp.dir/Users/ryougi/Documents/cgba/.claude/worktrees/keen-swartz-eb3b22/vendor/gpsp/cpu_threaded.c.obj
 .text.sh4g_arm_shift_imm_op2
                0x0030ece0       0x74 CMakeFiles/cgba-gint-gpsp.dir/Users/ryougi/Documents/cgba/.claude/worktrees/keen-swartz-eb3b22/vendor/gpsp/cpu_threaded.c.obj
 .text.sh4g_cond_to_T
                0x0030ed54      0x124 CMakeFiles/cgba-gint-gpsp.dir/Users/ryougi/Documents/cgba/.claude/worktrees/keen-swartz-eb3b22/vendor/gpsp/cpu_threaded.c.obj
 .text.sh4g_const
                0x0030ee78      0x100 CMakeFiles/cgba-gint-gpsp.dir/Users/ryougi/Documents/cgba/.claude/worktrees/keen-swartz-eb3b22/vendor/gpsp/cpu_threaded.c.obj
 .text.sh4g_cycle_debit
                0x0030ef78       0x50 CMakeFiles/cgba-gint-gpsp.dir/Users/ryougi/Documents/cgba/.claude/worktrees/keen-swartz-eb3b22/vendor/gpsp/cpu_threaded.c.obj
 .text.sh4g_charge_mem_run.part.0.constprop.0
                0x0030efc8       0xb0 CMakeFiles/cgba-gint-gpsp.dir/Users/ryougi/Documents/cgba/.claude/worktrees/keen-swartz-eb3b22/vendor/gpsp/cpu_threaded.c.obj
 .text.sh4g_branch_exit_idle.constprop.0
                0x0030f078      0x100 CMakeFiles/cgba-gint-gpsp.dir/Users/ryougi/Documents/cgba/.claude/worktrees/keen-swartz-eb3b22/vendor/gpsp/cpu_threaded.c.obj
 .text.sh4g_branch_exit.constprop.0
                0x0030f178       0xfc CMakeFiles/cgba-gint-gpsp.dir/Users/ryougi/Documents/cgba/.claude/worktrees/keen-swartz-eb3b22/vendor/gpsp/cpu_threaded.c.obj
 .text.sh4g_cycle_sub.part.0.constprop.0
                0x0030f274       0x94 CMakeFiles/cgba-gint-gpsp.dir/Users/ryougi/Documents/cgba/.claude/worktrees/keen-swartz-eb3b22/vendor/gpsp/cpu_threaded.c.obj
 .text.sh4g_dp_addsub
                0x0030f308      0x248 CMakeFiles/cgba-gint-gpsp.dir/Users/ryougi/Documents/cgba/.claude/worktrees/keen-swartz-eb3b22/vendor/gpsp/cpu_threaded.c.obj
 .text.sh4g_op2_tramp_call
                0x0030f550      0x128 CMakeFiles/cgba-gint-gpsp.dir/Users/ryougi/Documents/cgba/.claude/worktrees/keen-swartz-eb3b22/vendor/gpsp/cpu_threaded.c.obj
 .text.sh4g_dp_carry.constprop.0
                0x0030f678      0x284 CMakeFiles/cgba-gint-gpsp.dir/Users/ryougi/Documents/cgba/.claude/worktrees/keen-swartz-eb3b22/vendor/gpsp/cpu_threaded.c.obj
 .text.sh4g_fastmem_site_raw
                0x0030f8fc      0x12c CMakeFiles/cgba-gint-gpsp.dir/Users/ryougi/Documents/cgba/.claude/worktrees/keen-swartz-eb3b22/vendor/gpsp/cpu_threaded.c.obj
 .text.sh4g_shift_imm
                0x0030fa28      0x1ec CMakeFiles/cgba-gint-gpsp.dir/Users/ryougi/Documents/cgba/.claude/worktrees/keen-swartz-eb3b22/vendor/gpsp/cpu_threaded.c.obj
 .text.sh4g_thumb_ldst_native
                0x0030fc14      0x574 CMakeFiles/cgba-gint-gpsp.dir/Users/ryougi/Documents/cgba/.claude/worktrees/keen-swartz-eb3b22/vendor/gpsp/cpu_threaded.c.obj
 .text.sh4g_arm_multiply_native
                0x00310188       0xfc CMakeFiles/cgba-gint-gpsp.dir/Users/ryougi/Documents/cgba/.claude/worktrees/keen-swartz-eb3b22/vendor/gpsp/cpu_threaded.c.obj
 .text.sh4g_thumb_ldst_const_native
                0x00310284      0x2ec CMakeFiles/cgba-gint-gpsp.dir/Users/ryougi/Documents/cgba/.claude/worktrees/keen-swartz-eb3b22/vendor/gpsp/cpu_threaded.c.obj
 .text.sh4g_arm_multiply_long_native
                0x00310570      0x1c8 CMakeFiles/cgba-gint-gpsp.dir/Users/ryougi/Documents/cgba/.claude/worktrees/keen-swartz-eb3b22/vendor/gpsp/cpu_threaded.c.obj
 .text.sh4g_arm_ldst_native
                0x00310738      0x3a4 CMakeFiles/cgba-gint-gpsp.dir/Users/ryougi/Documents/cgba/.claude/worktrees/keen-swartz-eb3b22/vendor/gpsp/cpu_threaded.c.obj
 .text.sh4g_thumb_shift_reg_native.isra.0
                0x00310adc      0x500 CMakeFiles/cgba-gint-gpsp.dir/Users/ryougi/Documents/cgba/.claude/worktrees/keen-swartz-eb3b22/vendor/gpsp/cpu_threaded.c.obj
 .text.sh4g_arm_psr_native.part.0
                0x00310fdc      0x494 CMakeFiles/cgba-gint-gpsp.dir/Users/ryougi/Documents/cgba/.claude/worktrees/keen-swartz-eb3b22/vendor/gpsp/cpu_threaded.c.obj
 .text.sh4g_thumb_block_native
                0x00311470      0xf98 CMakeFiles/cgba-gint-gpsp.dir/Users/ryougi/Documents/cgba/.claude/worktrees/keen-swartz-eb3b22/vendor/gpsp/cpu_threaded.c.obj
 .text.sh4g_arm_block_native
                0x00312408      0x9dc CMakeFiles/cgba-gint-gpsp.dir/Users/ryougi/Documents/cgba/.claude/worktrees/keen-swartz-eb3b22/vendor/gpsp/cpu_threaded.c.obj
 .text.sh4g_arm_dp_native.isra.0
                0x00312de4      0x608 CMakeFiles/cgba-gint-gpsp.dir/Users/ryougi/Documents/cgba/.claude/worktrees/keen-swartz-eb3b22/vendor/gpsp/cpu_threaded.c.obj
 .text.sh4g_thumb_dp_native
                0x003133ec      0x658 CMakeFiles/cgba-gint-gpsp.dir/Users/ryougi/Documents/cgba/.claude/worktrees/keen-swartz-eb3b22/vendor/gpsp/cpu_threaded.c.obj
 .text.cgba_sh4_prof_counter_for_key
                0x00313a44       0x8c CMakeFiles/cgba-gint-gpsp.dir/Users/ryougi/Documents/cgba/.claude/worktrees/keen-swartz-eb3b22/vendor/gpsp/cpu_threaded.c.obj
                0x00313a44                _cgba_sh4_prof_counter_for_key
 .text.cgba_sh4_prof_reset
                0x00313ad0       0x44 CMakeFiles/cgba-gint-gpsp.dir/Users/ryougi/Documents/cgba/.claude/worktrees/keen-swartz-eb3b22/vendor/gpsp/cpu_threaded.c.obj
                0x00313ad0                _cgba_sh4_prof_reset
 .text.translate_icache_sync
                0x00313b14       0xc0 CMakeFiles/cgba-gint-gpsp.dir/Users/ryougi/Documents/cgba/.claude/worktrees/keen-swartz-eb3b22/vendor/gpsp/cpu_threaded.c.obj
                0x00313b14                _translate_icache_sync
 .text.flush_translation_cache_ram
                0x00313bd4      0x13c CMakeFiles/cgba-gint-gpsp.dir/Users/ryougi/Documents/cgba/.claude/worktrees/keen-swartz-eb3b22/vendor/gpsp/cpu_threaded.c.obj
                0x00313bd4                _flush_translation_cache_ram
 .text.flush_translation_cache_rom
                0x00313d10       0x6c CMakeFiles/cgba-gint-gpsp.dir/Users/ryougi/Documents/cgba/.claude/worktrees/keen-swartz-eb3b22/vendor/gpsp/cpu_threaded.c.obj
                0x00313d10                _flush_translation_cache_rom
 .text.translate_block_arm
                0x00313d7c     0x51a0 CMakeFiles/cgba-gint-gpsp.dir/Users/ryougi/Documents/cgba/.claude/worktrees/keen-swartz-eb3b22/vendor/gpsp/cpu_threaded.c.obj
                0x00313d7c                _translate_block_arm
 .text.block_lookup_translate_arm
                0x00318f1c      0x1ac CMakeFiles/cgba-gint-gpsp.dir/Users/ryougi/Documents/cgba/.claude/worktrees/keen-swartz-eb3b22/vendor/gpsp/cpu_threaded.c.obj
                0x00318f1c                _block_lookup_translate_arm
 .text.block_lookup_address_arm
                0x003190c8       0xec CMakeFiles/cgba-gint-gpsp.dir/Users/ryougi/Documents/cgba/.claude/worktrees/keen-swartz-eb3b22/vendor/gpsp/cpu_threaded.c.obj
                0x003190c8                _block_lookup_address_arm
 .text.translate_block_thumb
                0x003191b4     0x49ac CMakeFiles/cgba-gint-gpsp.dir/Users/ryougi/Documents/cgba/.claude/worktrees/keen-swartz-eb3b22/vendor/gpsp/cpu_threaded.c.obj
                0x003191b4                _translate_block_thumb
 .text.block_lookup_translate_thumb
                0x0031db60      0x1a4 CMakeFiles/cgba-gint-gpsp.dir/Users/ryougi/Documents/cgba/.claude/worktrees/keen-swartz-eb3b22/vendor/gpsp/cpu_threaded.c.obj
                0x0031db60                _block_lookup_translate_thumb
 .text.block_lookup_address_thumb
                0x0031dd04       0xec CMakeFiles/cgba-gint-gpsp.dir/Users/ryougi/Documents/cgba/.claude/worktrees/keen-swartz-eb3b22/vendor/gpsp/cpu_threaded.c.obj
                0x0031dd04                _block_lookup_address_thumb
 .text.block_lookup_address_dual
                0x0031ddf0       0x40 CMakeFiles/cgba-gint-gpsp.dir/Users/ryougi/Documents/cgba/.claude/worktrees/keen-swartz-eb3b22/vendor/gpsp/cpu_threaded.c.obj
                0x0031ddf0                _block_lookup_address_dual
 .text.init_dynarec_caches
                0x0031de30       0xd8 CMakeFiles/cgba-gint-gpsp.dir/Users/ryougi/Documents/cgba/.claude/worktrees/keen-swartz-eb3b22/vendor/gpsp/cpu_threaded.c.obj
                0x0031de30                _init_dynarec_caches
 .text.flush_dynarec_caches
                0x0031df08       0x44 CMakeFiles/cgba-gint-gpsp.dir/Users/ryougi/Documents/cgba/.claude/worktrees/keen-swartz-eb3b22/vendor/gpsp/cpu_threaded.c.obj
                0x0031df08                _flush_dynarec_caches
 .text.cgba_sh4_helper_thumb_ldst_detail
                0x0031df4c      0x1fc CMakeFiles/cgba-gint-gpsp.dir/Users/ryougi/Documents/cgba/.claude/worktrees/keen-swartz-eb3b22/ports/fxcg100/sh4/sh4_interp_helpers.c.obj
 .text.sh4_rebank_and_irq
                0x0031e148       0x78 CMakeFiles/cgba-gint-gpsp.dir/Users/ryougi/Documents/cgba/.claude/worktrees/keen-swartz-eb3b22/ports/fxcg100/sh4/sh4_interp_helpers.c.obj
 .text.execute_store_u8
                0x0031e1c0       0xdc CMakeFiles/cgba-gint-gpsp.dir/Users/ryougi/Documents/cgba/.claude/worktrees/keen-swartz-eb3b22/ports/fxcg100/sh4/sh4_interp_helpers.c.obj
                0x0031e1c0                _execute_store_u8
 .text.execute_store_u16
                0x0031e29c       0xe0 CMakeFiles/cgba-gint-gpsp.dir/Users/ryougi/Documents/cgba/.claude/worktrees/keen-swartz-eb3b22/ports/fxcg100/sh4/sh4_interp_helpers.c.obj
                0x0031e29c                _execute_store_u16
 .text.execute_store_u32
                0x0031e37c       0xcc CMakeFiles/cgba-gint-gpsp.dir/Users/ryougi/Documents/cgba/.claude/worktrees/keen-swartz-eb3b22/ports/fxcg100/sh4/sh4_interp_helpers.c.obj
                0x0031e37c                _execute_store_u32
 .text.cgba_sh4_thumb_ldst
                0x0031e448      0x42c CMakeFiles/cgba-gint-gpsp.dir/Users/ryougi/Documents/cgba/.claude/worktrees/keen-swartz-eb3b22/ports/fxcg100/sh4/sh4_interp_helpers.c.obj
                0x0031e448                _cgba_sh4_thumb_ldst
 .text.cgba_sh4_thumb_block
                0x0031e874      0x2d0 CMakeFiles/cgba-gint-gpsp.dir/Users/ryougi/Documents/cgba/.claude/worktrees/keen-swartz-eb3b22/ports/fxcg100/sh4/sh4_interp_helpers.c.obj
                0x0031e874                _cgba_sh4_thumb_block
 .text.cgba_sh4_thumb_shift_reg
                0x0031eb44      0x17c CMakeFiles/cgba-gint-gpsp.dir/Users/ryougi/Documents/cgba/.claude/worktrees/keen-swartz-eb3b22/ports/fxcg100/sh4/sh4_interp_helpers.c.obj
                0x0031eb44                _cgba_sh4_thumb_shift_reg
 .text.cgba_sh4_thumb_shift_imm
                0x0031ecc0      0x118 CMakeFiles/cgba-gint-gpsp.dir/Users/ryougi/Documents/cgba/.claude/worktrees/keen-swartz-eb3b22/ports/fxcg100/sh4/sh4_interp_helpers.c.obj
                0x0031ecc0                _cgba_sh4_thumb_shift_imm
 .text.cgba_sh4_thumb_dp
                0x0031edd8      0x6d0 CMakeFiles/cgba-gint-gpsp.dir/Users/ryougi/Documents/cgba/.claude/worktrees/keen-swartz-eb3b22/ports/fxcg100/sh4/sh4_interp_helpers.c.obj
                0x0031edd8                _cgba_sh4_thumb_dp
 .text.cgba_sh4_arm_ldst
                0x0031f4a8      0x4d8 CMakeFiles/cgba-gint-gpsp.dir/Users/ryougi/Documents/cgba/.claude/worktrees/keen-swartz-eb3b22/ports/fxcg100/sh4/sh4_interp_helpers.c.obj
                0x0031f4a8                _cgba_sh4_arm_ldst
 .text.execute_spsr_restore
                0x0031f980       0x58 CMakeFiles/cgba-gint-gpsp.dir/Users/ryougi/Documents/cgba/.claude/worktrees/keen-swartz-eb3b22/ports/fxcg100/sh4/sh4_interp_helpers.c.obj
                0x0031f980                _execute_spsr_restore
 .text.cgba_sh4_arm_block
                0x0031f9d8      0x360 CMakeFiles/cgba-gint-gpsp.dir/Users/ryougi/Documents/cgba/.claude/worktrees/keen-swartz-eb3b22/ports/fxcg100/sh4/sh4_interp_helpers.c.obj
                0x0031f9d8                _cgba_sh4_arm_block
 .text.cgba_sh4_arm_dp
                0x0031fd38      0x488 CMakeFiles/cgba-gint-gpsp.dir/Users/ryougi/Documents/cgba/.claude/worktrees/keen-swartz-eb3b22/ports/fxcg100/sh4/sh4_interp_helpers.c.obj
                0x0031fd38                _cgba_sh4_arm_dp
 .text.cgba_sh4_arm_multiply
                0x003201c0       0x94 CMakeFiles/cgba-gint-gpsp.dir/Users/ryougi/Documents/cgba/.claude/worktrees/keen-swartz-eb3b22/ports/fxcg100/sh4/sh4_interp_helpers.c.obj
                0x003201c0                _cgba_sh4_arm_multiply
 .text.cgba_sh4_arm_multiply_long
                0x00320254       0xb8 CMakeFiles/cgba-gint-gpsp.dir/Users/ryougi/Documents/cgba/.claude/worktrees/keen-swartz-eb3b22/ports/fxcg100/sh4/sh4_interp_helpers.c.obj
                0x00320254                _cgba_sh4_arm_multiply_long
 .text.cgba_sh4_arm_psr
                0x0032030c      0x124 CMakeFiles/cgba-gint-gpsp.dir/Users/ryougi/Documents/cgba/.claude/worktrees/keen-swartz-eb3b22/ports/fxcg100/sh4/sh4_interp_helpers.c.obj
                0x0032030c                _cgba_sh4_arm_psr
 .text.cgba_sh4_arm_swap
                0x00320430      0x110 CMakeFiles/cgba-gint-gpsp.dir/Users/ryougi/Documents/cgba/.claude/worktrees/keen-swartz-eb3b22/ports/fxcg100/sh4/sh4_interp_helpers.c.obj
                0x00320430                _cgba_sh4_arm_swap
 .text.cgba_sh4_hle_div
                0x00320540       0x44 CMakeFiles/cgba-gint-gpsp.dir/Users/ryougi/Documents/cgba/.claude/worktrees/keen-swartz-eb3b22/ports/fxcg100/sh4/sh4_interp_helpers.c.obj
                0x00320540                _cgba_sh4_hle_div
 .text.sh4_swi_handler
                0x00320584       0x4c CMakeFiles/cgba-gint-gpsp.dir/Users/ryougi/Documents/cgba/.claude/worktrees/keen-swartz-eb3b22/ports/fxcg100/sh4/sh4_interp_helpers.c.obj
                0x00320584                _sh4_swi_handler
 .text.cgba_sh4_bios_fallback
                0x003205d0       0xac CMakeFiles/cgba-gint-gpsp.dir/Users/ryougi/Documents/cgba/.claude/worktrees/keen-swartz-eb3b22/ports/fxcg100/sh4/sh4_interp_helpers.c.obj
                0x003205d0                _cgba_sh4_bios_fallback
 .text.cgba_sh4_cold_interp
                0x0032067c       0xe0 CMakeFiles/cgba-gint-gpsp.dir/Users/ryougi/Documents/cgba/.claude/worktrees/keen-swartz-eb3b22/ports/fxcg100/sh4/sh4_interp_helpers.c.obj
                0x0032067c                _cgba_sh4_cold_interp
 .text.init_emitter
                0x0032075c        0x4 CMakeFiles/cgba-gint-gpsp.dir/Users/ryougi/Documents/cgba/.claude/worktrees/keen-swartz-eb3b22/ports/fxcg100/sh4/sh4_interp_helpers.c.obj
                0x0032075c                _init_emitter
 .text.execute_arm_translate
                0x00320760       0x10 CMakeFiles/cgba-gint-gpsp.dir/Users/ryougi/Documents/cgba/.claude/worktrees/keen-swartz-eb3b22/ports/fxcg100/sh4/sh4_interp_helpers.c.obj
                0x00320760                _execute_arm_translate
 .text.sh4g_const
                0x00320770      0x100 CMakeFiles/cgba-gint-gpsp.dir/Users/ryougi/Documents/cgba/.claude/worktrees/keen-swartz-eb3b22/ports/fxcg100/sh4/sh4_fastmem.c.obj
 .text.sh4g_fastmem_emit_block_routine
                0x00320870      0x790 CMakeFiles/cgba-gint-gpsp.dir/Users/ryougi/Documents/cgba/.claude/worktrees/keen-swartz-eb3b22/ports/fxcg100/sh4/sh4_fastmem.c.obj
 .text.sh4g_fastmem_emit_routine
                0x00321000      0x818 CMakeFiles/cgba-gint-gpsp.dir/Users/ryougi/Documents/cgba/.claude/worktrees/keen-swartz-eb3b22/ports/fxcg100/sh4/sh4_fastmem.c.obj
 .text.cgba_sh4_fastmem_init
                0x00321818       0xa4 CMakeFiles/cgba-gint-gpsp.dir/Users/ryougi/Documents/cgba/.claude/worktrees/keen-swartz-eb3b22/ports/fxcg100/sh4/sh4_fastmem.c.obj
                0x00321818                _cgba_sh4_fastmem_init
 .text.cgba_sh4_diff_regions
                0x003218bc      0x41c CMakeFiles/cgba-gint-gpsp.dir/Users/ryougi/Documents/cgba/.claude/worktrees/keen-swartz-eb3b22/ports/fxcg100/sh4/sh4_diff_harness.c.obj
                0x003218bc                _cgba_sh4_diff_regions
 .text._Z20exec_thumb_block_memIL7AccMode0EL8AddrMode2EEhjjRi.isra.0
                0x00321cd8      0x138 CMakeFiles/cgba-gint-gpsp.dir/Users/ryougi/Documents/cgba/.claude/worktrees/keen-swartz-eb3b22/vendor/gpsp/cpu.cc.obj
 .text.set_cpu_mode
                0x00321e10       0xcc CMakeFiles/cgba-gint-gpsp.dir/Users/ryougi/Documents/cgba/.claude/worktrees/keen-swartz-eb3b22/vendor/gpsp/cpu.cc.obj
                0x00321e10                _set_cpu_mode
 .text.check_interrupt
                0x00321edc       0x34 CMakeFiles/cgba-gint-gpsp.dir/Users/ryougi/Documents/cgba/.claude/worktrees/keen-swartz-eb3b22/vendor/gpsp/cpu.cc.obj
                0x00321edc                _check_interrupt
 .text.check_and_raise_interrupts
                0x00321f10       0x94 CMakeFiles/cgba-gint-gpsp.dir/Users/ryougi/Documents/cgba/.claude/worktrees/keen-swartz-eb3b22/vendor/gpsp/cpu.cc.obj
                0x00321f10                _check_and_raise_interrupts
 .text.flag_interrupt
                0x00321fa4       0x40 CMakeFiles/cgba-gint-gpsp.dir/Users/ryougi/Documents/cgba/.claude/worktrees/keen-swartz-eb3b22/vendor/gpsp/cpu.cc.obj
                0x00321fa4                _flag_interrupt
 .text.execute_arm
                0x00321fe4    0x12a44 CMakeFiles/cgba-gint-gpsp.dir/Users/ryougi/Documents/cgba/.claude/worktrees/keen-swartz-eb3b22/vendor/gpsp/cpu.cc.obj
                0x00321fe4                _execute_arm
 .text.init_cpu
                0x00334a28       0xc4 CMakeFiles/cgba-gint-gpsp.dir/Users/ryougi/Documents/cgba/.claude/worktrees/keen-swartz-eb3b22/vendor/gpsp/cpu.cc.obj
                0x00334a28                _init_cpu
 .text.cpu_check_savestate
                0x00334aec       0x74 CMakeFiles/cgba-gint-gpsp.dir/Users/ryougi/Documents/cgba/.claude/worktrees/keen-swartz-eb3b22/vendor/gpsp/cpu.cc.obj
                0x00334aec                _cpu_check_savestate
 .text.cpu_read_savestate
                0x00334b60       0x90 CMakeFiles/cgba-gint-gpsp.dir/Users/ryougi/Documents/cgba/.claude/worktrees/keen-swartz-eb3b22/vendor/gpsp/cpu.cc.obj
                0x00334b60                _cpu_read_savestate
 .text.cpu_write_savestate
                0x00334bf0      0x2c0 CMakeFiles/cgba-gint-gpsp.dir/Users/ryougi/Documents/cgba/.claude/worktrees/keen-swartz-eb3b22/vendor/gpsp/cpu.cc.obj
                0x00334bf0                _cpu_write_savestate
 .text._Z22render_scanline_bitmapIL8rendtype1EjLj5EtLj160ELj128EL11bm_rendmode2ELb1EEvjjPvPKt
                0x00334eb0      0x11c CMakeFiles/cgba-gint-gpsp.dir/Users/ryougi/Documents/cgba/.claude/worktrees/keen-swartz-eb3b22/vendor/gpsp/video.cc.obj
 .text._Z22render_scanline_bitmapIL8rendtype1EjLj5EtLj160ELj128EL11bm_rendmode1ELb1EEvjjPvPKt
                0x00334fcc      0x10c CMakeFiles/cgba-gint-gpsp.dir/Users/ryougi/Documents/cgba/.claude/worktrees/keen-swartz-eb3b22/vendor/gpsp/video.cc.obj
 .text._Z22render_scanline_bitmapIL8rendtype1EjLj5EtLj160ELj128EL11bm_rendmode0ELb1EEvjjPvPKt
                0x003350d8       0xf8 CMakeFiles/cgba-gint-gpsp.dir/Users/ryougi/Documents/cgba/.claude/worktrees/keen-swartz-eb3b22/vendor/gpsp/video.cc.obj
 .text._Z22render_scanline_bitmapIL8rendtype1EjLj5EtLj160ELj128EL11bm_rendmode2ELb0EEvjjPvPKt
                0x003351d0       0xf8 CMakeFiles/cgba-gint-gpsp.dir/Users/ryougi/Documents/cgba/.claude/worktrees/keen-swartz-eb3b22/vendor/gpsp/video.cc.obj
 .text._Z22render_scanline_bitmapIL8rendtype1EjLj5EtLj160ELj128EL11bm_rendmode1ELb0EEvjjPvPKt
                0x003352c8       0xec CMakeFiles/cgba-gint-gpsp.dir/Users/ryougi/Documents/cgba/.claude/worktrees/keen-swartz-eb3b22/vendor/gpsp/video.cc.obj
 .text._Z22render_scanline_bitmapIL8rendtype1EjLj5EtLj160ELj128EL11bm_rendmode0ELb0EEvjjPvPKt
                0x003353b4       0xe4 CMakeFiles/cgba-gint-gpsp.dir/Users/ryougi/Documents/cgba/.claude/worktrees/keen-swartz-eb3b22/vendor/gpsp/video.cc.obj
 .text._Z22render_scanline_bitmapIL8rendtype1EjLj4EhLj240ELj160EL11bm_rendmode2ELb1EEvjjPvPKt
                0x00335498      0x120 CMakeFiles/cgba-gint-gpsp.dir/Users/ryougi/Documents/cgba/.claude/worktrees/keen-swartz-eb3b22/vendor/gpsp/video.cc.obj
 .text._Z22render_scanline_bitmapIL8rendtype1EjLj4EhLj240ELj160EL11bm_rendmode1ELb1EEvjjPvPKt
                0x003355b8      0x108 CMakeFiles/cgba-gint-gpsp.dir/Users/ryougi/Documents/cgba/.claude/worktrees/keen-swartz-eb3b22/vendor/gpsp/video.cc.obj
 .text._Z22render_scanline_bitmapIL8rendtype1EjLj4EhLj240ELj160EL11bm_rendmode0ELb1EEvjjPvPKt
                0x003356c0       0xf4 CMakeFiles/cgba-gint-gpsp.dir/Users/ryougi/Documents/cgba/.claude/worktrees/keen-swartz-eb3b22/vendor/gpsp/video.cc.obj
 .text._Z22render_scanline_bitmapIL8rendtype1EjLj4EhLj240ELj160EL11bm_rendmode2ELb0EEvjjPvPKt
                0x003357b4      0x104 CMakeFiles/cgba-gint-gpsp.dir/Users/ryougi/Documents/cgba/.claude/worktrees/keen-swartz-eb3b22/vendor/gpsp/video.cc.obj
 .text._Z22render_scanline_bitmapIL8rendtype1EjLj4EhLj240ELj160EL11bm_rendmode1ELb0EEvjjPvPKt
                0x003358b8       0xf0 CMakeFiles/cgba-gint-gpsp.dir/Users/ryougi/Documents/cgba/.claude/worktrees/keen-swartz-eb3b22/vendor/gpsp/video.cc.obj
 .text._Z22render_scanline_bitmapIL8rendtype1EjLj4EhLj240ELj160EL11bm_rendmode0ELb0EEvjjPvPKt
                0x003359a8       0xdc CMakeFiles/cgba-gint-gpsp.dir/Users/ryougi/Documents/cgba/.claude/worktrees/keen-swartz-eb3b22/vendor/gpsp/video.cc.obj
 .text._Z22render_scanline_bitmapIL8rendtype1EjLj3EtLj240ELj160EL11bm_rendmode2ELb1EEvjjPvPKt
                0x00335a84      0x100 CMakeFiles/cgba-gint-gpsp.dir/Users/ryougi/Documents/cgba/.claude/worktrees/keen-swartz-eb3b22/vendor/gpsp/video.cc.obj
 .text._Z22render_scanline_bitmapIL8rendtype1EjLj3EtLj240ELj160EL11bm_rendmode1ELb1EEvjjPvPKt
                0x00335b84       0xf0 CMakeFiles/cgba-gint-gpsp.dir/Users/ryougi/Documents/cgba/.claude/worktrees/keen-swartz-eb3b22/vendor/gpsp/video.cc.obj
 .text._Z22render_scanline_bitmapIL8rendtype1EjLj3EtLj240ELj160EL11bm_rendmode0ELb1EEvjjPvPKt
                0x00335c74       0xd4 CMakeFiles/cgba-gint-gpsp.dir/Users/ryougi/Documents/cgba/.claude/worktrees/keen-swartz-eb3b22/vendor/gpsp/video.cc.obj
 .text._Z22render_scanline_bitmapIL8rendtype1EjLj3EtLj240ELj160EL11bm_rendmode2ELb0EEvjjPvPKt
                0x00335d48       0xe4 CMakeFiles/cgba-gint-gpsp.dir/Users/ryougi/Documents/cgba/.claude/worktrees/keen-swartz-eb3b22/vendor/gpsp/video.cc.obj
 .text._Z22render_scanline_bitmapIL8rendtype1EjLj3EtLj240ELj160EL11bm_rendmode1ELb0EEvjjPvPKt
                0x00335e2c       0xd4 CMakeFiles/cgba-gint-gpsp.dir/Users/ryougi/Documents/cgba/.claude/worktrees/keen-swartz-eb3b22/vendor/gpsp/video.cc.obj
 .text._Z22render_scanline_bitmapIL8rendtype1EjLj3EtLj240ELj160EL11bm_rendmode0ELb0EEvjjPvPKt
                0x00335f00       0xb0 CMakeFiles/cgba-gint-gpsp.dir/Users/ryougi/Documents/cgba/.claude/worktrees/keen-swartz-eb3b22/vendor/gpsp/video.cc.obj
 .text._Z22render_scanline_bitmapIL8rendtype0EtLj5EtLj160ELj128EL11bm_rendmode2ELb1EEvjjPvPKt
                0x00335fb0      0x11c CMakeFiles/cgba-gint-gpsp.dir/Users/ryougi/Documents/cgba/.claude/worktrees/keen-swartz-eb3b22/vendor/gpsp/video.cc.obj
 .text._Z22render_scanline_bitmapIL8rendtype0EtLj5EtLj160ELj128EL11bm_rendmode1ELb1EEvjjPvPKt
                0x003360cc      0x10c CMakeFiles/cgba-gint-gpsp.dir/Users/ryougi/Documents/cgba/.claude/worktrees/keen-swartz-eb3b22/vendor/gpsp/video.cc.obj
 .text._Z22render_scanline_bitmapIL8rendtype0EtLj5EtLj160ELj128EL11bm_rendmode0ELb1EEvjjPvPKt
                0x003361d8       0xf8 CMakeFiles/cgba-gint-gpsp.dir/Users/ryougi/Documents/cgba/.claude/worktrees/keen-swartz-eb3b22/vendor/gpsp/video.cc.obj
 .text._Z22render_scanline_bitmapIL8rendtype0EtLj5EtLj160ELj128EL11bm_rendmode2ELb0EEvjjPvPKt
                0x003362d0       0xf8 CMakeFiles/cgba-gint-gpsp.dir/Users/ryougi/Documents/cgba/.claude/worktrees/keen-swartz-eb3b22/vendor/gpsp/video.cc.obj
 .text._Z22render_scanline_bitmapIL8rendtype0EtLj5EtLj160ELj128EL11bm_rendmode1ELb0EEvjjPvPKt
                0x003363c8       0xe8 CMakeFiles/cgba-gint-gpsp.dir/Users/ryougi/Documents/cgba/.claude/worktrees/keen-swartz-eb3b22/vendor/gpsp/video.cc.obj
 .text._Z22render_scanline_bitmapIL8rendtype0EtLj5EtLj160ELj128EL11bm_rendmode0ELb0EEvjjPvPKt
                0x003364b0       0xe0 CMakeFiles/cgba-gint-gpsp.dir/Users/ryougi/Documents/cgba/.claude/worktrees/keen-swartz-eb3b22/vendor/gpsp/video.cc.obj
 .text._Z22render_scanline_bitmapIL8rendtype0EtLj4EhLj240ELj160EL11bm_rendmode2ELb1EEvjjPvPKt
                0x00336590      0x10c CMakeFiles/cgba-gint-gpsp.dir/Users/ryougi/Documents/cgba/.claude/worktrees/keen-swartz-eb3b22/vendor/gpsp/video.cc.obj
 .text._Z22render_scanline_bitmapIL8rendtype0EtLj4EhLj240ELj160EL11bm_rendmode1ELb1EEvjjPvPKt
                0x0033669c       0xec CMakeFiles/cgba-gint-gpsp.dir/Users/ryougi/Documents/cgba/.claude/worktrees/keen-swartz-eb3b22/vendor/gpsp/video.cc.obj
 .text._Z22render_scanline_bitmapIL8rendtype0EtLj4EhLj240ELj160EL11bm_rendmode0ELb1EEvjjPvPKt
                0x00336788       0xe0 CMakeFiles/cgba-gint-gpsp.dir/Users/ryougi/Documents/cgba/.claude/worktrees/keen-swartz-eb3b22/vendor/gpsp/video.cc.obj
 .text._Z22render_scanline_bitmapIL8rendtype0EtLj4EhLj240ELj160EL11bm_rendmode2ELb0EEvjjPvPKt
                0x00336868       0xec CMakeFiles/cgba-gint-gpsp.dir/Users/ryougi/Documents/cgba/.claude/worktrees/keen-swartz-eb3b22/vendor/gpsp/video.cc.obj
 .text._Z22render_scanline_bitmapIL8rendtype0EtLj4EhLj240ELj160EL11bm_rendmode1ELb0EEvjjPvPKt
                0x00336954       0xcc CMakeFiles/cgba-gint-gpsp.dir/Users/ryougi/Documents/cgba/.claude/worktrees/keen-swartz-eb3b22/vendor/gpsp/video.cc.obj
 .text._Z22render_scanline_bitmapIL8rendtype0EtLj4EhLj240ELj160EL11bm_rendmode0ELb0EEvjjPvPKt
                0x00336a20      0x108 CMakeFiles/cgba-gint-gpsp.dir/Users/ryougi/Documents/cgba/.claude/worktrees/keen-swartz-eb3b22/vendor/gpsp/video.cc.obj
 .text._Z22render_scanline_bitmapIL8rendtype0EtLj3EtLj240ELj160EL11bm_rendmode2ELb1EEvjjPvPKt
                0x00336b28      0x100 CMakeFiles/cgba-gint-gpsp.dir/Users/ryougi/Documents/cgba/.claude/worktrees/keen-swartz-eb3b22/vendor/gpsp/video.cc.obj
 .text._Z22render_scanline_bitmapIL8rendtype0EtLj3EtLj240ELj160EL11bm_rendmode1ELb1EEvjjPvPKt
                0x00336c28       0xf0 CMakeFiles/cgba-gint-gpsp.dir/Users/ryougi/Documents/cgba/.claude/worktrees/keen-swartz-eb3b22/vendor/gpsp/video.cc.obj
 .text._Z22render_scanline_bitmapIL8rendtype0EtLj3EtLj240ELj160EL11bm_rendmode0ELb1EEvjjPvPKt
                0x00336d18       0xd4 CMakeFiles/cgba-gint-gpsp.dir/Users/ryougi/Documents/cgba/.claude/worktrees/keen-swartz-eb3b22/vendor/gpsp/video.cc.obj
 .text._Z22render_scanline_bitmapIL8rendtype0EtLj3EtLj240ELj160EL11bm_rendmode2ELb0EEvjjPvPKt
                0x00336dec       0xe0 CMakeFiles/cgba-gint-gpsp.dir/Users/ryougi/Documents/cgba/.claude/worktrees/keen-swartz-eb3b22/vendor/gpsp/video.cc.obj
 .text._Z22render_scanline_bitmapIL8rendtype0EtLj3EtLj240ELj160EL11bm_rendmode1ELb0EEvjjPvPKt
                0x00336ecc       0xd4 CMakeFiles/cgba-gint-gpsp.dir/Users/ryougi/Documents/cgba/.claude/worktrees/keen-swartz-eb3b22/vendor/gpsp/video.cc.obj
 .text._Z22render_scanline_bitmapIL8rendtype0EtLj3EtLj240ELj160EL11bm_rendmode0ELb0EEvjjPvPKt
                0x00336fa0       0xb0 CMakeFiles/cgba-gint-gpsp.dir/Users/ryougi/Documents/cgba/.claude/worktrees/keen-swartz-eb3b22/vendor/gpsp/video.cc.obj
 .text._Z22render_scanline_bitmapIL8rendtype1EtLj4EhLj240ELj160EL11bm_rendmode2ELb1EEvjjPvPKt
                0x00337050      0x124 CMakeFiles/cgba-gint-gpsp.dir/Users/ryougi/Documents/cgba/.claude/worktrees/keen-swartz-eb3b22/vendor/gpsp/video.cc.obj
 .text._Z22render_scanline_bitmapIL8rendtype1EtLj4EhLj240ELj160EL11bm_rendmode1ELb1EEvjjPvPKt
                0x00337174      0x104 CMakeFiles/cgba-gint-gpsp.dir/Users/ryougi/Documents/cgba/.claude/worktrees/keen-swartz-eb3b22/vendor/gpsp/video.cc.obj
 .text._Z22render_scanline_bitmapIL8rendtype1EtLj4EhLj240ELj160EL11bm_rendmode0ELb1EEvjjPvPKt
                0x00337278       0xf8 CMakeFiles/cgba-gint-gpsp.dir/Users/ryougi/Documents/cgba/.claude/worktrees/keen-swartz-eb3b22/vendor/gpsp/video.cc.obj
 .text._Z22render_scanline_bitmapIL8rendtype1EtLj4EhLj240ELj160EL11bm_rendmode2ELb0EEvjjPvPKt
                0x00337370      0x114 CMakeFiles/cgba-gint-gpsp.dir/Users/ryougi/Documents/cgba/.claude/worktrees/keen-swartz-eb3b22/vendor/gpsp/video.cc.obj
 .text._Z22render_scanline_bitmapIL8rendtype1EtLj4EhLj240ELj160EL11bm_rendmode1ELb0EEvjjPvPKt
                0x00337484       0xec CMakeFiles/cgba-gint-gpsp.dir/Users/ryougi/Documents/cgba/.claude/worktrees/keen-swartz-eb3b22/vendor/gpsp/video.cc.obj
 .text._Z22render_scanline_bitmapIL8rendtype1EtLj4EhLj240ELj160EL11bm_rendmode0ELb0EEvjjPvPKt
                0x00337570       0xdc CMakeFiles/cgba-gint-gpsp.dir/Users/ryougi/Documents/cgba/.claude/worktrees/keen-swartz-eb3b22/vendor/gpsp/video.cc.obj
 .text._Z22render_scanline_affineIjL8rendtype1ELb0EEvjjjPvPKt
                0x0033764c       0xb4 CMakeFiles/cgba-gint-gpsp.dir/Users/ryougi/Documents/cgba/.claude/worktrees/keen-swartz-eb3b22/vendor/gpsp/video.cc.obj
 .text._Z22render_scanline_affineIjL8rendtype1ELb1EEvjjjPvPKt
                0x00337700       0xb4 CMakeFiles/cgba-gint-gpsp.dir/Users/ryougi/Documents/cgba/.claude/worktrees/keen-swartz-eb3b22/vendor/gpsp/video.cc.obj
 .text._Z22render_scanline_affineIjL8rendtype2ELb0EEvjjjPvPKt
                0x003377b4       0xb4 CMakeFiles/cgba-gint-gpsp.dir/Users/ryougi/Documents/cgba/.claude/worktrees/keen-swartz-eb3b22/vendor/gpsp/video.cc.obj
 .text._Z22render_scanline_affineIjL8rendtype2ELb1EEvjjjPvPKt
                0x00337868       0xb4 CMakeFiles/cgba-gint-gpsp.dir/Users/ryougi/Documents/cgba/.claude/worktrees/keen-swartz-eb3b22/vendor/gpsp/video.cc.obj
 .text._Z22render_scanline_affineItL8rendtype1ELb0EEvjjjPvPKt
                0x0033791c       0xb4 CMakeFiles/cgba-gint-gpsp.dir/Users/ryougi/Documents/cgba/.claude/worktrees/keen-swartz-eb3b22/vendor/gpsp/video.cc.obj
 .text._Z22render_scanline_affineItL8rendtype1ELb1EEvjjjPvPKt
                0x003379d0       0xb4 CMakeFiles/cgba-gint-gpsp.dir/Users/ryougi/Documents/cgba/.claude/worktrees/keen-swartz-eb3b22/vendor/gpsp/video.cc.obj
 .text._Z24render_affine_backgroundItL8rendtype1ELb1ELb0ELb0ELb1EEvjjjPKhjS2_PvPKt
                0x00337a84      0x17c CMakeFiles/cgba-gint-gpsp.dir/Users/ryougi/Documents/cgba/.claude/worktrees/keen-swartz-eb3b22/vendor/gpsp/video.cc.obj
 .text._Z22render_scanline_affineItL8rendtype0ELb0EEvjjjPvPKt
                0x00337c00       0xb4 CMakeFiles/cgba-gint-gpsp.dir/Users/ryougi/Documents/cgba/.claude/worktrees/keen-swartz-eb3b22/vendor/gpsp/video.cc.obj
 .text._Z22render_scanline_affineItL8rendtype0ELb1EEvjjjPvPKt
                0x00337cb4       0xb4 CMakeFiles/cgba-gint-gpsp.dir/Users/ryougi/Documents/cgba/.claude/worktrees/keen-swartz-eb3b22/vendor/gpsp/video.cc.obj
 .text._ZL16render_w_effectsjjPtjPK19layer_render_struct
                0x00337d68      0x9dc CMakeFiles/cgba-gint-gpsp.dir/Users/ryougi/Documents/cgba/.claude/worktrees/keen-swartz-eb3b22/vendor/gpsp/video.cc.obj
 .text._ZL9order_objj
                0x00338744      0x27c CMakeFiles/cgba-gint-gpsp.dir/Users/ryougi/Documents/cgba/.claude/worktrees/keen-swartz-eb3b22/vendor/gpsp/video.cc.obj
 .text._Z22render_scanline_bitmapIL8rendtype2EjLj4EhLj240ELj160EL11bm_rendmode0ELb0EEvjjPvPKt
                0x003389c0       0xe8 CMakeFiles/cgba-gint-gpsp.dir/Users/ryougi/Documents/cgba/.claude/worktrees/keen-swartz-eb3b22/vendor/gpsp/video.cc.obj
 .text._Z13render_objectIjL8rendtype1ELb1ELb0EEvijPT_jjtPKt.constprop.0.isra.0
                0x00338aa8      0x17c CMakeFiles/cgba-gint-gpsp.dir/Users/ryougi/Documents/cgba/.claude/worktrees/keen-swartz-eb3b22/vendor/gpsp/video.cc.obj
 .text._Z13render_objectItL8rendtype0ELb1ELb0EEvijPT_jjtPKt.constprop.0.isra.0
                0x00338c24      0x170 CMakeFiles/cgba-gint-gpsp.dir/Users/ryougi/Documents/cgba/.claude/worktrees/keen-swartz-eb3b22/vendor/gpsp/video.cc.obj
 .text._Z13render_objectItL8rendtype1ELb1ELb0EEvijPT_jjtPKt.constprop.0.isra.0
                0x00338d94      0x17c CMakeFiles/cgba-gint-gpsp.dir/Users/ryougi/Documents/cgba/.claude/worktrees/keen-swartz-eb3b22/vendor/gpsp/video.cc.obj
 .text._Z13render_objectItL8rendtype3ELb1ELb0EEvijPT_jjtPKt.constprop.0.isra.0
                0x00338f10      0x174 CMakeFiles/cgba-gint-gpsp.dir/Users/ryougi/Documents/cgba/.claude/worktrees/keen-swartz-eb3b22/vendor/gpsp/video.cc.obj
 .text._Z13render_objectItL8rendtype3ELb1ELb1EEvijPT_jjtPKt.constprop.0.isra.0
                0x00339084      0x1b8 CMakeFiles/cgba-gint-gpsp.dir/Users/ryougi/Documents/cgba/.claude/worktrees/keen-swartz-eb3b22/vendor/gpsp/video.cc.obj
 .text._Z22render_scanline_bitmapIL8rendtype2EjLj4EhLj240ELj160EL11bm_rendmode2ELb1EEvjjPvPKt
                0x0033923c      0x124 CMakeFiles/cgba-gint-gpsp.dir/Users/ryougi/Documents/cgba/.claude/worktrees/keen-swartz-eb3b22/vendor/gpsp/video.cc.obj
 .text._Z22render_scanline_bitmapIL8rendtype2EjLj4EhLj240ELj160EL11bm_rendmode1ELb1EEvjjPvPKt
                0x00339360      0x114 CMakeFiles/cgba-gint-gpsp.dir/Users/ryougi/Documents/cgba/.claude/worktrees/keen-swartz-eb3b22/vendor/gpsp/video.cc.obj
 .text._Z22render_scanline_bitmapIL8rendtype2EjLj4EhLj240ELj160EL11bm_rendmode0ELb1EEvjjPvPKt
                0x00339474       0xfc CMakeFiles/cgba-gint-gpsp.dir/Users/ryougi/Documents/cgba/.claude/worktrees/keen-swartz-eb3b22/vendor/gpsp/video.cc.obj
 .text._Z22render_scanline_bitmapIL8rendtype2EjLj4EhLj240ELj160EL11bm_rendmode2ELb0EEvjjPvPKt
                0x00339570      0x108 CMakeFiles/cgba-gint-gpsp.dir/Users/ryougi/Documents/cgba/.claude/worktrees/keen-swartz-eb3b22/vendor/gpsp/video.cc.obj
 .text._Z22render_scanline_bitmapIL8rendtype2EjLj4EhLj240ELj160EL11bm_rendmode1ELb0EEvjjPvPKt
                0x00339678       0xf4 CMakeFiles/cgba-gint-gpsp.dir/Users/ryougi/Documents/cgba/.claude/worktrees/keen-swartz-eb3b22/vendor/gpsp/video.cc.obj
 .text._Z13render_objectItL8rendtype1ELb1ELb1EEvijPT_jjtPKt.constprop.0.isra.0
                0x0033976c      0x1b4 CMakeFiles/cgba-gint-gpsp.dir/Users/ryougi/Documents/cgba/.claude/worktrees/keen-swartz-eb3b22/vendor/gpsp/video.cc.obj
 .text._Z13render_objectItL8rendtype0ELb1ELb1EEvijPT_jjtPKt.constprop.0.isra.0
                0x00339920      0x19c CMakeFiles/cgba-gint-gpsp.dir/Users/ryougi/Documents/cgba/.claude/worktrees/keen-swartz-eb3b22/vendor/gpsp/video.cc.obj
 .text._Z13render_objectIjL8rendtype1ELb1ELb1EEvijPT_jjtPKt.constprop.0.isra.0
                0x00339abc      0x19c CMakeFiles/cgba-gint-gpsp.dir/Users/ryougi/Documents/cgba/.claude/worktrees/keen-swartz-eb3b22/vendor/gpsp/video.cc.obj
 .text._Z13render_objectItL8rendtype3ELb0ELb0EEvijPT_jjtPKt.isra.0
                0x00339c58      0x178 CMakeFiles/cgba-gint-gpsp.dir/Users/ryougi/Documents/cgba/.claude/worktrees/keen-swartz-eb3b22/vendor/gpsp/video.cc.obj
 .text._Z13render_objectItL8rendtype3ELb0ELb1EEvijPT_jjtPKt.isra.0
                0x00339dd0      0x18c CMakeFiles/cgba-gint-gpsp.dir/Users/ryougi/Documents/cgba/.claude/worktrees/keen-swartz-eb3b22/vendor/gpsp/video.cc.obj
 .text._Z13render_objectIjL8rendtype1ELb0ELb0EEvijPT_jjtPKt.isra.0
                0x00339f5c      0x1a8 CMakeFiles/cgba-gint-gpsp.dir/Users/ryougi/Documents/cgba/.claude/worktrees/keen-swartz-eb3b22/vendor/gpsp/video.cc.obj
 .text._Z13render_objectItL8rendtype1ELb0ELb0EEvijPT_jjtPKt.isra.0
                0x0033a104      0x1b0 CMakeFiles/cgba-gint-gpsp.dir/Users/ryougi/Documents/cgba/.claude/worktrees/keen-swartz-eb3b22/vendor/gpsp/video.cc.obj
 .text._Z13render_objectItL8rendtype0ELb0ELb0EEvijPT_jjtPKt.isra.0
                0x0033a2b4      0x1b0 CMakeFiles/cgba-gint-gpsp.dir/Users/ryougi/Documents/cgba/.claude/worktrees/keen-swartz-eb3b22/vendor/gpsp/video.cc.obj
 .text._Z13render_objectIjL8rendtype1ELb0ELb1EEvijPT_jjtPKt.isra.0
                0x0033a464      0x1c8 CMakeFiles/cgba-gint-gpsp.dir/Users/ryougi/Documents/cgba/.claude/worktrees/keen-swartz-eb3b22/vendor/gpsp/video.cc.obj
 .text._Z20render_scanline_objsIjL8rendtype1EEvjjjPvPKt.isra.0
                0x0033a62c     0x12bc CMakeFiles/cgba-gint-gpsp.dir/Users/ryougi/Documents/cgba/.claude/worktrees/keen-swartz-eb3b22/vendor/gpsp/video.cc.obj
 .text._Z13render_objectItL8rendtype1ELb0ELb1EEvijPT_jjtPKt.isra.0
                0x0033b8e8      0x1bc CMakeFiles/cgba-gint-gpsp.dir/Users/ryougi/Documents/cgba/.claude/worktrees/keen-swartz-eb3b22/vendor/gpsp/video.cc.obj
 .text._Z20render_scanline_objsItL8rendtype1EEvjjjPvPKt.isra.0
                0x0033baa4     0x12dc CMakeFiles/cgba-gint-gpsp.dir/Users/ryougi/Documents/cgba/.claude/worktrees/keen-swartz-eb3b22/vendor/gpsp/video.cc.obj
 .text._Z13render_objectItL8rendtype0ELb0ELb1EEvijPT_jjtPKt.isra.0
                0x0033cd80      0x1bc CMakeFiles/cgba-gint-gpsp.dir/Users/ryougi/Documents/cgba/.claude/worktrees/keen-swartz-eb3b22/vendor/gpsp/video.cc.obj
 .text._Z13render_objectIjL8rendtype2ELb1ELb0EEvijPT_jjtPKt.constprop.0.isra.0
                0x0033cf3c      0x1b8 CMakeFiles/cgba-gint-gpsp.dir/Users/ryougi/Documents/cgba/.claude/worktrees/keen-swartz-eb3b22/vendor/gpsp/video.cc.obj
 .text._Z13render_objectIjL8rendtype2ELb1ELb1EEvijPT_jjtPKt.constprop.0.isra.0
                0x0033d0f4      0x1e0 CMakeFiles/cgba-gint-gpsp.dir/Users/ryougi/Documents/cgba/.claude/worktrees/keen-swartz-eb3b22/vendor/gpsp/video.cc.obj
 .text._Z20render_scanline_textItL8rendtype1ELb0EEvjjjPvPKt
                0x0033d2d4      0xcb0 CMakeFiles/cgba-gint-gpsp.dir/Users/ryougi/Documents/cgba/.claude/worktrees/keen-swartz-eb3b22/vendor/gpsp/video.cc.obj
 .text._Z20render_scanline_textIjL8rendtype1ELb0EEvjjjPvPKt
                0x0033df84      0xc8c CMakeFiles/cgba-gint-gpsp.dir/Users/ryougi/Documents/cgba/.claude/worktrees/keen-swartz-eb3b22/vendor/gpsp/video.cc.obj
 .text._Z13render_objectIjL8rendtype2ELb0ELb0EEvijPT_jjtPKt.isra.0
                0x0033ec10      0x200 CMakeFiles/cgba-gint-gpsp.dir/Users/ryougi/Documents/cgba/.claude/worktrees/keen-swartz-eb3b22/vendor/gpsp/video.cc.obj
 .text._Z20render_scanline_textItL8rendtype1ELb1EEvjjjPvPKt
                0x0033ee10      0xe30 CMakeFiles/cgba-gint-gpsp.dir/Users/ryougi/Documents/cgba/.claude/worktrees/keen-swartz-eb3b22/vendor/gpsp/video.cc.obj
 .text._Z20render_scanline_textIjL8rendtype1ELb1EEvjjjPvPKt
                0x0033fc40      0xdcc CMakeFiles/cgba-gint-gpsp.dir/Users/ryougi/Documents/cgba/.claude/worktrees/keen-swartz-eb3b22/vendor/gpsp/video.cc.obj
 .text._Z20render_scanline_textItL8rendtype0ELb0EEvjjjPvPKt
                0x00340a0c      0xc54 CMakeFiles/cgba-gint-gpsp.dir/Users/ryougi/Documents/cgba/.claude/worktrees/keen-swartz-eb3b22/vendor/gpsp/video.cc.obj
 .text._Z20render_scanline_textIjL8rendtype2ELb0EEvjjjPvPKt
                0x00341660      0xcf4 CMakeFiles/cgba-gint-gpsp.dir/Users/ryougi/Documents/cgba/.claude/worktrees/keen-swartz-eb3b22/vendor/gpsp/video.cc.obj
 .text._Z18tile_render_layersIL8rendtype1ELS0_1EtEvjjPT1_j
                0x00342354      0x164 CMakeFiles/cgba-gint-gpsp.dir/Users/ryougi/Documents/cgba/.claude/worktrees/keen-swartz-eb3b22/vendor/gpsp/video.cc.obj
                0x00342354                __Z18tile_render_layersIL8rendtype1ELS0_1EtEvjjPT1_j
 .text._Z13render_objectIjL8rendtype2ELb0ELb1EEvijPT_jjtPKt.isra.0
                0x003424b8      0x224 CMakeFiles/cgba-gint-gpsp.dir/Users/ryougi/Documents/cgba/.claude/worktrees/keen-swartz-eb3b22/vendor/gpsp/video.cc.obj
 .text._Z20render_scanline_objsIjL8rendtype2EEvjjjPvPKt.isra.0
                0x003426dc     0x1460 CMakeFiles/cgba-gint-gpsp.dir/Users/ryougi/Documents/cgba/.claude/worktrees/keen-swartz-eb3b22/vendor/gpsp/video.cc.obj
 .text._Z20render_scanline_textIjL8rendtype2ELb1EEvjjjPvPKt
                0x00343b3c      0xe54 CMakeFiles/cgba-gint-gpsp.dir/Users/ryougi/Documents/cgba/.claude/worktrees/keen-swartz-eb3b22/vendor/gpsp/video.cc.obj
 .text._Z18tile_render_layersIL8rendtype1ELS0_2EjEvjjPT1_j
                0x00344990      0x1b0 CMakeFiles/cgba-gint-gpsp.dir/Users/ryougi/Documents/cgba/.claude/worktrees/keen-swartz-eb3b22/vendor/gpsp/video.cc.obj
                0x00344990                __Z18tile_render_layersIL8rendtype1ELS0_2EjEvjjPT1_j
 .text._Z20render_scanline_textItL8rendtype0ELb1EEvjjjPvPKt
                0x00344b40      0xd50 CMakeFiles/cgba-gint-gpsp.dir/Users/ryougi/Documents/cgba/.claude/worktrees/keen-swartz-eb3b22/vendor/gpsp/video.cc.obj
 .text._Z18tile_render_layersIL8rendtype2ELS0_2EjEvjjPT1_j
                0x00345890      0x1dc CMakeFiles/cgba-gint-gpsp.dir/Users/ryougi/Documents/cgba/.claude/worktrees/keen-swartz-eb3b22/vendor/gpsp/video.cc.obj
                0x00345890                __Z18tile_render_layersIL8rendtype2ELS0_2EjEvjjPT1_j
 .text._Z20bitmap_render_layersIL8rendtype1ELS0_1EtEvjjPT1_j
                0x00345a6c      0x154 CMakeFiles/cgba-gint-gpsp.dir/Users/ryougi/Documents/cgba/.claude/worktrees/keen-swartz-eb3b22/vendor/gpsp/video.cc.obj
 .text._Z20bitmap_render_layersIL8rendtype1ELS0_2EjEvjjPT1_j
                0x00345bc0      0x194 CMakeFiles/cgba-gint-gpsp.dir/Users/ryougi/Documents/cgba/.claude/worktrees/keen-swartz-eb3b22/vendor/gpsp/video.cc.obj
 .text._Z20bitmap_render_layersIL8rendtype2ELS0_2EjEvjjPT1_j
                0x00345d54      0x18c CMakeFiles/cgba-gint-gpsp.dir/Users/ryougi/Documents/cgba/.claude/worktrees/keen-swartz-eb3b22/vendor/gpsp/video.cc.obj
 .text._Z24render_affine_backgroundItL8rendtype0ELb0ELb1ELb0ELb0EEvjjjPKhjS2_PvPKt
                0x00345ee0       0xc4 CMakeFiles/cgba-gint-gpsp.dir/Users/ryougi/Documents/cgba/.claude/worktrees/keen-swartz-eb3b22/vendor/gpsp/video.cc.obj
 .text._Z24render_affine_backgroundItL8rendtype0ELb1ELb1ELb0ELb0EEvjjjPKhjS2_PvPKt
                0x00345fa4       0xd4 CMakeFiles/cgba-gint-gpsp.dir/Users/ryougi/Documents/cgba/.claude/worktrees/keen-swartz-eb3b22/vendor/gpsp/video.cc.obj
 .text._Z24render_affine_backgroundIjL8rendtype1ELb0ELb1ELb0ELb0EEvjjjPKhjS2_PvPKt
                0x00346078       0xe8 CMakeFiles/cgba-gint-gpsp.dir/Users/ryougi/Documents/cgba/.claude/worktrees/keen-swartz-eb3b22/vendor/gpsp/video.cc.obj
 .text._Z24render_affine_backgroundItL8rendtype1ELb0ELb1ELb0ELb0EEvjjjPKhjS2_PvPKt
                0x00346160       0xec CMakeFiles/cgba-gint-gpsp.dir/Users/ryougi/Documents/cgba/.claude/worktrees/keen-swartz-eb3b22/vendor/gpsp/video.cc.obj
 .text._Z24render_affine_backgroundIjL8rendtype2ELb0ELb1ELb0ELb0EEvjjjPKhjS2_PvPKt
                0x0034624c       0xec CMakeFiles/cgba-gint-gpsp.dir/Users/ryougi/Documents/cgba/.claude/worktrees/keen-swartz-eb3b22/vendor/gpsp/video.cc.obj
 .text._Z24render_affine_backgroundItL8rendtype0ELb0ELb1ELb1ELb0EEvjjjPKhjS2_PvPKt
                0x00346338       0xd8 CMakeFiles/cgba-gint-gpsp.dir/Users/ryougi/Documents/cgba/.claude/worktrees/keen-swartz-eb3b22/vendor/gpsp/video.cc.obj
 .text._Z24render_affine_backgroundItL8rendtype0ELb1ELb1ELb1ELb0EEvjjjPKhjS2_PvPKt
                0x00346410       0xe4 CMakeFiles/cgba-gint-gpsp.dir/Users/ryougi/Documents/cgba/.claude/worktrees/keen-swartz-eb3b22/vendor/gpsp/video.cc.obj
 .text._Z24render_affine_backgroundIjL8rendtype1ELb1ELb1ELb0ELb0EEvjjjPKhjS2_PvPKt
                0x003464f4      0x108 CMakeFiles/cgba-gint-gpsp.dir/Users/ryougi/Documents/cgba/.claude/worktrees/keen-swartz-eb3b22/vendor/gpsp/video.cc.obj
 .text._Z24render_affine_backgroundItL8rendtype1ELb1ELb1ELb0ELb0EEvjjjPKhjS2_PvPKt
                0x003465fc      0x108 CMakeFiles/cgba-gint-gpsp.dir/Users/ryougi/Documents/cgba/.claude/worktrees/keen-swartz-eb3b22/vendor/gpsp/video.cc.obj
 .text._Z22render_scanline_bitmapIL8rendtype1EtLj3EtLj240ELj160EL11bm_rendmode0ELb0EEvjjPvPKt
                0x00346704       0xb0 CMakeFiles/cgba-gint-gpsp.dir/Users/ryougi/Documents/cgba/.claude/worktrees/keen-swartz-eb3b22/vendor/gpsp/video.cc.obj
 .text._Z24render_affine_backgroundIjL8rendtype2ELb1ELb1ELb0ELb0EEvjjjPKhjS2_PvPKt
                0x003467b4      0x10c CMakeFiles/cgba-gint-gpsp.dir/Users/ryougi/Documents/cgba/.claude/worktrees/keen-swartz-eb3b22/vendor/gpsp/video.cc.obj
 .text._Z24render_affine_backgroundIjL8rendtype1ELb0ELb1ELb1ELb0EEvjjjPKhjS2_PvPKt
                0x003468c0      0x100 CMakeFiles/cgba-gint-gpsp.dir/Users/ryougi/Documents/cgba/.claude/worktrees/keen-swartz-eb3b22/vendor/gpsp/video.cc.obj
 .text._Z24render_affine_backgroundItL8rendtype1ELb0ELb1ELb1ELb0EEvjjjPKhjS2_PvPKt
                0x003469c0      0x104 CMakeFiles/cgba-gint-gpsp.dir/Users/ryougi/Documents/cgba/.claude/worktrees/keen-swartz-eb3b22/vendor/gpsp/video.cc.obj
 .text._Z22render_scanline_bitmapIL8rendtype2EjLj3EtLj240ELj160EL11bm_rendmode0ELb0EEvjjPvPKt
                0x00346ac4       0xb0 CMakeFiles/cgba-gint-gpsp.dir/Users/ryougi/Documents/cgba/.claude/worktrees/keen-swartz-eb3b22/vendor/gpsp/video.cc.obj
 .text._Z22render_scanline_bitmapIL8rendtype1EtLj3EtLj240ELj160EL11bm_rendmode1ELb0EEvjjPvPKt
                0x00346b74       0xd4 CMakeFiles/cgba-gint-gpsp.dir/Users/ryougi/Documents/cgba/.claude/worktrees/keen-swartz-eb3b22/vendor/gpsp/video.cc.obj
 .text._Z24render_affine_backgroundIjL8rendtype2ELb0ELb1ELb1ELb0EEvjjjPKhjS2_PvPKt
                0x00346c48      0x104 CMakeFiles/cgba-gint-gpsp.dir/Users/ryougi/Documents/cgba/.claude/worktrees/keen-swartz-eb3b22/vendor/gpsp/video.cc.obj
 .text._Z24render_affine_backgroundItL8rendtype0ELb0ELb0ELb1ELb0EEvjjjPKhjS2_PvPKt
                0x00346d4c      0x110 CMakeFiles/cgba-gint-gpsp.dir/Users/ryougi/Documents/cgba/.claude/worktrees/keen-swartz-eb3b22/vendor/gpsp/video.cc.obj
 .text._Z24render_affine_backgroundIjL8rendtype1ELb1ELb1ELb1ELb0EEvjjjPKhjS2_PvPKt
                0x00346e5c      0x118 CMakeFiles/cgba-gint-gpsp.dir/Users/ryougi/Documents/cgba/.claude/worktrees/keen-swartz-eb3b22/vendor/gpsp/video.cc.obj
 .text._Z24render_affine_backgroundItL8rendtype1ELb1ELb1ELb1ELb0EEvjjjPKhjS2_PvPKt
                0x00346f74      0x118 CMakeFiles/cgba-gint-gpsp.dir/Users/ryougi/Documents/cgba/.claude/worktrees/keen-swartz-eb3b22/vendor/gpsp/video.cc.obj
 .text._Z22render_scanline_bitmapIL8rendtype2EjLj3EtLj240ELj160EL11bm_rendmode1ELb0EEvjjPvPKt
                0x0034708c       0xd4 CMakeFiles/cgba-gint-gpsp.dir/Users/ryougi/Documents/cgba/.claude/worktrees/keen-swartz-eb3b22/vendor/gpsp/video.cc.obj
 .text._Z24render_affine_backgroundIjL8rendtype1ELb0ELb0ELb1ELb0EEvjjjPKhjS2_PvPKt
                0x00347160      0x13c CMakeFiles/cgba-gint-gpsp.dir/Users/ryougi/Documents/cgba/.claude/worktrees/keen-swartz-eb3b22/vendor/gpsp/video.cc.obj
 .text._Z24render_affine_backgroundItL8rendtype1ELb0ELb0ELb1ELb0EEvjjjPKhjS2_PvPKt
                0x0034729c      0x13c CMakeFiles/cgba-gint-gpsp.dir/Users/ryougi/Documents/cgba/.claude/worktrees/keen-swartz-eb3b22/vendor/gpsp/video.cc.obj
 .text._Z24render_affine_backgroundIjL8rendtype2ELb1ELb1ELb1ELb0EEvjjjPKhjS2_PvPKt
                0x003473d8      0x118 CMakeFiles/cgba-gint-gpsp.dir/Users/ryougi/Documents/cgba/.claude/worktrees/keen-swartz-eb3b22/vendor/gpsp/video.cc.obj
 .text._Z24render_affine_backgroundIjL8rendtype2ELb0ELb0ELb1ELb0EEvjjjPKhjS2_PvPKt
                0x003474f0      0x140 CMakeFiles/cgba-gint-gpsp.dir/Users/ryougi/Documents/cgba/.claude/worktrees/keen-swartz-eb3b22/vendor/gpsp/video.cc.obj
 .text._Z24render_affine_backgroundItL8rendtype0ELb1ELb0ELb1ELb0EEvjjjPKhjS2_PvPKt
                0x00347630      0x154 CMakeFiles/cgba-gint-gpsp.dir/Users/ryougi/Documents/cgba/.claude/worktrees/keen-swartz-eb3b22/vendor/gpsp/video.cc.obj
 .text._Z22render_scanline_bitmapIL8rendtype1EtLj5EtLj160ELj128EL11bm_rendmode0ELb0EEvjjPvPKt
                0x00347784       0xe0 CMakeFiles/cgba-gint-gpsp.dir/Users/ryougi/Documents/cgba/.claude/worktrees/keen-swartz-eb3b22/vendor/gpsp/video.cc.obj
 .text._Z24render_affine_backgroundIjL8rendtype1ELb1ELb0ELb1ELb0EEvjjjPKhjS2_PvPKt
                0x00347864      0x184 CMakeFiles/cgba-gint-gpsp.dir/Users/ryougi/Documents/cgba/.claude/worktrees/keen-swartz-eb3b22/vendor/gpsp/video.cc.obj
 .text._Z24render_affine_backgroundIjL8rendtype2ELb1ELb0ELb1ELb0EEvjjjPKhjS2_PvPKt
                0x003479e8      0x18c CMakeFiles/cgba-gint-gpsp.dir/Users/ryougi/Documents/cgba/.claude/worktrees/keen-swartz-eb3b22/vendor/gpsp/video.cc.obj
 .text._Z24render_affine_backgroundItL8rendtype1ELb1ELb0ELb1ELb0EEvjjjPKhjS2_PvPKt
                0x00347b74      0x19c CMakeFiles/cgba-gint-gpsp.dir/Users/ryougi/Documents/cgba/.claude/worktrees/keen-swartz-eb3b22/vendor/gpsp/video.cc.obj
 .text._Z22render_scanline_bitmapIL8rendtype2EjLj5EtLj160ELj128EL11bm_rendmode0ELb0EEvjjPvPKt
                0x00347d10       0xe4 CMakeFiles/cgba-gint-gpsp.dir/Users/ryougi/Documents/cgba/.claude/worktrees/keen-swartz-eb3b22/vendor/gpsp/video.cc.obj
 .text._Z22render_scanline_bitmapIL8rendtype1EtLj5EtLj160ELj128EL11bm_rendmode1ELb0EEvjjPvPKt
                0x00347df4       0xe8 CMakeFiles/cgba-gint-gpsp.dir/Users/ryougi/Documents/cgba/.claude/worktrees/keen-swartz-eb3b22/vendor/gpsp/video.cc.obj
 .text._Z22render_scanline_bitmapIL8rendtype2EjLj5EtLj160ELj128EL11bm_rendmode1ELb0EEvjjPvPKt
                0x00347edc       0xec CMakeFiles/cgba-gint-gpsp.dir/Users/ryougi/Documents/cgba/.claude/worktrees/keen-swartz-eb3b22/vendor/gpsp/video.cc.obj
 .text._Z24render_affine_backgroundItL8rendtype0ELb0ELb1ELb0ELb1EEvjjjPKhjS2_PvPKt
                0x00347fc8       0xe4 CMakeFiles/cgba-gint-gpsp.dir/Users/ryougi/Documents/cgba/.claude/worktrees/keen-swartz-eb3b22/vendor/gpsp/video.cc.obj
 .text._Z24render_affine_backgroundItL8rendtype0ELb0ELb0ELb0ELb0EEvjjjPKhjS2_PvPKt
                0x003480ac       0xe8 CMakeFiles/cgba-gint-gpsp.dir/Users/ryougi/Documents/cgba/.claude/worktrees/keen-swartz-eb3b22/vendor/gpsp/video.cc.obj
 .text._Z22render_scanline_bitmapIL8rendtype1EtLj3EtLj240ELj160EL11bm_rendmode2ELb0EEvjjPvPKt
                0x00348194       0xe0 CMakeFiles/cgba-gint-gpsp.dir/Users/ryougi/Documents/cgba/.claude/worktrees/keen-swartz-eb3b22/vendor/gpsp/video.cc.obj
 .text._Z22render_scanline_bitmapIL8rendtype1EtLj3EtLj240ELj160EL11bm_rendmode0ELb1EEvjjPvPKt
                0x00348274       0xd4 CMakeFiles/cgba-gint-gpsp.dir/Users/ryougi/Documents/cgba/.claude/worktrees/keen-swartz-eb3b22/vendor/gpsp/video.cc.obj
 .text._Z24render_affine_backgroundItL8rendtype0ELb1ELb1ELb0ELb1EEvjjjPKhjS2_PvPKt
                0x00348348       0xe8 CMakeFiles/cgba-gint-gpsp.dir/Users/ryougi/Documents/cgba/.claude/worktrees/keen-swartz-eb3b22/vendor/gpsp/video.cc.obj
 .text._Z22render_scanline_bitmapIL8rendtype2EjLj3EtLj240ELj160EL11bm_rendmode2ELb0EEvjjPvPKt
                0x00348430       0xe4 CMakeFiles/cgba-gint-gpsp.dir/Users/ryougi/Documents/cgba/.claude/worktrees/keen-swartz-eb3b22/vendor/gpsp/video.cc.obj
 .text._Z22render_scanline_bitmapIL8rendtype2EjLj3EtLj240ELj160EL11bm_rendmode0ELb1EEvjjPvPKt
                0x00348514       0xd4 CMakeFiles/cgba-gint-gpsp.dir/Users/ryougi/Documents/cgba/.claude/worktrees/keen-swartz-eb3b22/vendor/gpsp/video.cc.obj
 .text._Z22render_scanline_bitmapIL8rendtype1EtLj3EtLj240ELj160EL11bm_rendmode1ELb1EEvjjPvPKt
                0x003485e8       0xf0 CMakeFiles/cgba-gint-gpsp.dir/Users/ryougi/Documents/cgba/.claude/worktrees/keen-swartz-eb3b22/vendor/gpsp/video.cc.obj
 .text._Z24render_affine_backgroundIjL8rendtype1ELb0ELb0ELb0ELb0EEvjjjPKhjS2_PvPKt
                0x003486d8      0x104 CMakeFiles/cgba-gint-gpsp.dir/Users/ryougi/Documents/cgba/.claude/worktrees/keen-swartz-eb3b22/vendor/gpsp/video.cc.obj
 .text._Z24render_affine_backgroundItL8rendtype1ELb0ELb0ELb0ELb0EEvjjjPKhjS2_PvPKt
                0x003487dc      0x108 CMakeFiles/cgba-gint-gpsp.dir/Users/ryougi/Documents/cgba/.claude/worktrees/keen-swartz-eb3b22/vendor/gpsp/video.cc.obj
 .text._Z24render_affine_backgroundIjL8rendtype1ELb0ELb1ELb0ELb1EEvjjjPKhjS2_PvPKt
                0x003488e4      0x100 CMakeFiles/cgba-gint-gpsp.dir/Users/ryougi/Documents/cgba/.claude/worktrees/keen-swartz-eb3b22/vendor/gpsp/video.cc.obj
 .text._Z24render_affine_backgroundItL8rendtype1ELb0ELb1ELb0ELb1EEvjjjPKhjS2_PvPKt
                0x003489e4      0x104 CMakeFiles/cgba-gint-gpsp.dir/Users/ryougi/Documents/cgba/.claude/worktrees/keen-swartz-eb3b22/vendor/gpsp/video.cc.obj
 .text._Z24render_affine_backgroundIjL8rendtype2ELb0ELb0ELb0ELb0EEvjjjPKhjS2_PvPKt
                0x00348ae8      0x10c CMakeFiles/cgba-gint-gpsp.dir/Users/ryougi/Documents/cgba/.claude/worktrees/keen-swartz-eb3b22/vendor/gpsp/video.cc.obj
 .text._Z24render_affine_backgroundItL8rendtype0ELb1ELb0ELb0ELb0EEvjjjPKhjS2_PvPKt
                0x00348bf4      0x138 CMakeFiles/cgba-gint-gpsp.dir/Users/ryougi/Documents/cgba/.claude/worktrees/keen-swartz-eb3b22/vendor/gpsp/video.cc.obj
 .text._Z24render_affine_backgroundIjL8rendtype2ELb0ELb1ELb0ELb1EEvjjjPKhjS2_PvPKt
                0x00348d2c      0x108 CMakeFiles/cgba-gint-gpsp.dir/Users/ryougi/Documents/cgba/.claude/worktrees/keen-swartz-eb3b22/vendor/gpsp/video.cc.obj
 .text._Z24render_affine_backgroundItL8rendtype0ELb0ELb1ELb1ELb1EEvjjjPKhjS2_PvPKt
                0x00348e34       0xec CMakeFiles/cgba-gint-gpsp.dir/Users/ryougi/Documents/cgba/.claude/worktrees/keen-swartz-eb3b22/vendor/gpsp/video.cc.obj
 .text._Z22render_scanline_bitmapIL8rendtype2EjLj3EtLj240ELj160EL11bm_rendmode1ELb1EEvjjPvPKt