Archive member included to satisfy reference by file (symbol)

/Users/ryougi/.local/share/fxsdk/sysroot/lib/gcc/sh3eb-elf/14.1.0/libgcc.a(_movmem_i4.o)
                              CMakeFiles/cgba-gint-gpsp.dir/src/nor_rom.c.obj (___movmem_i4_even)
/Users/ryougi/.local/share/fxsdk/sysroot/lib/gcc/sh3eb-elf/14.1.0/libgcc.a(_div_table.o)
                              CMakeFiles/cgba-gint-gpsp.dir/src/gint_platform.c.obj (___udivsi3_i4i)
/Users/ryougi/.local/share/fxsdk/sysroot/lib/gcc/sh3eb-elf/14.1.0/libgcc.a(_ctzsi2.o)
                              CMakeFiles/cgba-gint-gpsp.dir/Users/ryougi/Dev/cgba/.claude/worktrees/elegant-faraday-ea393c/vendor/gpsp/cpu_threaded.c.obj (___ctzsi2)
/Users/ryougi/.local/share/fxsdk/sysroot/lib/gcc/sh3eb-elf/14.1.0/libgcc.a(divsf3.o)
                              CMakeFiles/cgba-gint-gpsp.dir/Users/ryougi/Dev/cgba/.claude/worktrees/elegant-faraday-ea393c/vendor/gpsp/gba_memory.c.obj (___divsf3)
/Users/ryougi/.local/share/fxsdk/sysroot/lib/gcc/sh3eb-elf/14.1.0/libgcc.a(mulsf3.o)
                              CMakeFiles/cgba-gint-gpsp.dir/Users/ryougi/Dev/cgba/.claude/worktrees/elegant-faraday-ea393c/vendor/gpsp/gba_memory.c.obj (___mulsf3)
/Users/ryougi/.local/share/fxsdk/sysroot/lib/gcc/sh3eb-elf/14.1.0/libgcc.a(fixunssfsi.o)
                              CMakeFiles/cgba-gint-gpsp.dir/Users/ryougi/Dev/cgba/.claude/worktrees/elegant-faraday-ea393c/vendor/gpsp/gba_memory.c.obj (___fixunssfsi)
/Users/ryougi/.local/share/fxsdk/sysroot/lib/gcc/sh3eb-elf/14.1.0/libgcc.a(floatunsisf.o)
                              CMakeFiles/cgba-gint-gpsp.dir/Users/ryougi/Dev/cgba/.claude/worktrees/elegant-faraday-ea393c/vendor/gpsp/gba_memory.c.obj (___floatunsisf)
/Users/ryougi/.local/share/fxsdk/sysroot/lib/gcc/sh3eb-elf/14.1.0/libgcc.a(divdf3.o)
                              CMakeFiles/cgba-gint-gpsp.dir/Users/ryougi/Dev/cgba/.claude/worktrees/elegant-faraday-ea393c/vendor/gpsp/gba_memory.c.obj (___divdf3)
/Users/ryougi/.local/share/fxsdk/sysroot/lib/gcc/sh3eb-elf/14.1.0/libgcc.a(muldf3.o)
                              CMakeFiles/cgba-gint-gpsp.dir/Users/ryougi/Dev/cgba/.claude/worktrees/elegant-faraday-ea393c/vendor/gpsp/gba_memory.c.obj (___muldf3)
/Users/ryougi/.local/share/fxsdk/sysroot/lib/gcc/sh3eb-elf/14.1.0/libgcc.a(fixunsdfsi.o)
                              CMakeFiles/cgba-gint-gpsp.dir/Users/ryougi/Dev/cgba/.claude/worktrees/elegant-faraday-ea393c/vendor/gpsp/gba_memory.c.obj (___fixunsdfsi)
/Users/ryougi/.local/share/fxsdk/sysroot/lib/gcc/sh3eb-elf/14.1.0/libgcc.a(floatsidf.o)
                              CMakeFiles/cgba-gint-gpsp.dir/Users/ryougi/Dev/cgba/.claude/worktrees/elegant-faraday-ea393c/vendor/gpsp/gba_memory.c.obj (___floatsidf)
/Users/ryougi/.local/share/fxsdk/sysroot/lib/gcc/sh3eb-elf/14.1.0/libgcc.a(floatunsidf.o)
                              CMakeFiles/cgba-gint-gpsp.dir/Users/ryougi/Dev/cgba/.claude/worktrees/elegant-faraday-ea393c/vendor/gpsp/gba_memory.c.obj (___floatunsidf)
/Users/ryougi/.local/share/fxsdk/sysroot/lib/gcc/sh3eb-elf/14.1.0/libgcc.a(fixdfdi.o)
                              CMakeFiles/cgba-gint-gpsp.dir/Users/ryougi/Dev/cgba/.claude/worktrees/elegant-faraday-ea393c/vendor/gpsp/gba_memory.c.obj (___fixdfdi)
/Users/ryougi/.local/share/fxsdk/sysroot/lib/gcc/sh3eb-elf/14.1.0/libgcc.a(extendsfdf2.o)
                              CMakeFiles/cgba-gint-gpsp.dir/Users/ryougi/Dev/cgba/.claude/worktrees/elegant-faraday-ea393c/vendor/gpsp/gba_memory.c.obj (___extendsfdf2)
/Users/ryougi/.local/share/fxsdk/sysroot/lib/gcc/sh3eb-elf/14.1.0/libgcc.a(_udiv_qrnnd_16.o)
                              /Users/ryougi/.local/share/fxsdk/sysroot/lib/gcc/sh3eb-elf/14.1.0/libgcc.a(divsf3.o) (___udiv_qrnnd_16)
/Users/ryougi/.local/share/fxsdk/sysroot/lib/gcc/sh3eb-elf/14.1.0/libgcc.a(_clz.o)
                              /Users/ryougi/.local/share/fxsdk/sysroot/lib/gcc/sh3eb-elf/14.1.0/libgcc.a(_ctzsi2.o) (___clz_tab)
/Users/ryougi/.local/share/fxsdk/sysroot/lib/gcc/sh3eb-elf/14.1.0/libgcc.a(_clzsi2.o)
                              /Users/ryougi/.local/share/fxsdk/sysroot/lib/gcc/sh3eb-elf/14.1.0/libgcc.a(divsf3.o) (___clzsi2)
/Users/ryougi/.local/share/fxsdk/sysroot/lib/gcc/sh3eb-elf/14.1.0/../../../../sh3eb-elf/lib/libgint-cg.a(dma.c.obj)
                              CMakeFiles/cgba-gint-gpsp.dir/src/gint_platform.c.obj (_dma_transfer_async)
/Users/ryougi/.local/share/fxsdk/sysroot/lib/gcc/sh3eb-elf/14.1.0/../../../../sh3eb-elf/lib/libgint-cg.a(inth.s.obj)
                              dma.c.obj (symbol from plugin) (_inth_dma_ae)
/Users/ryougi/.local/share/fxsdk/sysroot/lib/gcc/sh3eb-elf/14.1.0/../../../../sh3eb-elf/lib/libgint-cg.a(intc.c.obj)
                              dma.c.obj (symbol from plugin) (_intc_priority)
/Users/ryougi/.local/share/fxsdk/sysroot/lib/gcc/sh3eb-elf/14.1.0/../../../../sh3eb-elf/lib/libgint-cg.a(inth.s.obj)
                              intc.c.obj (symbol from plugin) (_intc_generic_handler)
[...]
Memory Configuration

Name             Origin             Length             Attributes
rom              0x00300000         0x00200000         xr
ram              0x08101400         0x0007ac00         rw
highram          0x8c200000         0x004f0000         rw
ilram            0xe5200000         0x00001000         xrw
xyram            0xe500e000         0x00004000         xrw
*default*        0x00000000         0xffffffff

Linker script and memory map

LOAD /Users/ryougi/.local/share/fxsdk/sysroot/lib/gcc/sh3eb-elf/14.1.0/libgcc.a
LOAD CMakeFiles/cgba-gint-gpsp.dir/src/main.c.obj
LOAD CMakeFiles/cgba-gint-gpsp.dir/src/gint_platform.c.obj
LOAD CMakeFiles/cgba-gint-gpsp.dir/src/nor_rom.c.obj
LOAD CMakeFiles/cgba-gint-gpsp.dir/src/nor_filestream.c.obj
LOAD CMakeFiles/cgba-gint-gpsp.dir/src/gpsp_runner.c.obj
LOAD CMakeFiles/cgba-gint-gpsp.dir/src/frame_pacing.c.obj
LOAD CMakeFiles/cgba-gint-gpsp.dir/src/no_osheap.c.obj
LOAD CMakeFiles/cgba-gint-gpsp.dir/src/crash_panic.c.obj
LOAD CMakeFiles/cgba-gint-gpsp.dir/Users/ryougi/Dev/cgba/.claude/worktrees/elegant-faraday-ea393c/ports/fxcg100/fxcg100_keys.c.obj
LOAD CMakeFiles/cgba-gint-gpsp.dir/Users/ryougi/Dev/cgba/.claude/worktrees/elegant-faraday-ea393c/ports/fxcg100/fxcg100_config.c.obj
LOAD CMakeFiles/cgba-gint-gpsp.dir/Users/ryougi/Dev/cgba/.claude/worktrees/elegant-faraday-ea393c/ports/fxcg100/fxcg100_menu.c.obj
LOAD CMakeFiles/cgba-gint-gpsp.dir/Users/ryougi/Dev/cgba/.claude/worktrees/elegant-faraday-ea393c/ports/fxcg100/fxcg100_gpsp_stubs.c.obj
LOAD CMakeFiles/cgba-gint-gpsp.dir/Users/ryougi/Dev/cgba/.claude/worktrees/elegant-faraday-ea393c/ports/fxcg100/fxcg100_sound_stub.c.obj
LOAD CMakeFiles/cgba-gint-gpsp.dir/Users/ryougi/Dev/cgba/.claude/worktrees/elegant-faraday-ea393c/vendor/gpsp/main.c.obj
LOAD CMakeFiles/cgba-gint-gpsp.dir/Users/ryougi/Dev/cgba/.claude/worktrees/elegant-faraday-ea393c/vendor/gpsp/gba_memory.c.obj
LOAD CMakeFiles/cgba-gint-gpsp.dir/Users/ryougi/Dev/cgba/.claude/worktrees/elegant-faraday-ea393c/vendor/gpsp/input.c.obj
LOAD CMakeFiles/cgba-gint-gpsp.dir/Users/ryougi/Dev/cgba/.claude/worktrees/elegant-faraday-ea393c/vendor/gpsp/cheats.c.obj
LOAD CMakeFiles/cgba-gint-gpsp.dir/Users/ryougi/Dev/cgba/.claude/worktrees/elegant-faraday-ea393c/vendor/gpsp/gbp.c.obj
LOAD CMakeFiles/cgba-gint-gpsp.dir/Users/ryougi/Dev/cgba/.claude/worktrees/elegant-faraday-ea393c/vendor/gpsp/serial.c.obj
LOAD CMakeFiles/cgba-gint-gpsp.dir/Users/ryougi/Dev/cgba/.claude/worktrees/elegant-faraday-ea393c/vendor/gpsp/serial_proto.c.obj
LOAD CMakeFiles/cgba-gint-gpsp.dir/Users/ryougi/Dev/cgba/.claude/worktrees/elegant-faraday-ea393c/vendor/gpsp/rfu.c.obj
LOAD CMakeFiles/cgba-gint-gpsp.dir/Users/ryougi/Dev/cgba/.claude/worktrees/elegant-faraday-ea393c/vendor/gpsp/savestate.c.obj
LOAD CMakeFiles/cgba-gint-gpsp.dir/Users/ryougi/Dev/cgba/.claude/worktrees/elegant-faraday-ea393c/vendor/gpsp/cpu_threaded.c.obj
LOAD CMakeFiles/cgba-gint-gpsp.dir/Users/ryougi/Dev/cgba/.claude/worktrees/elegant-faraday-ea393c/vendor/gpsp/memmap.c.obj
LOAD CMakeFiles/cgba-gint-gpsp.dir/Users/ryougi/Dev/cgba/.claude/worktrees/elegant-faraday-ea393c/ports/fxcg100/sh4/sh4_interp_helpers.c.obj
LOAD CMakeFiles/cgba-gint-gpsp.dir/Users/ryougi/Dev/cgba/.claude/worktrees/elegant-faraday-ea393c/ports/fxcg100/sh4/sh4_fastmem.c.obj
LOAD CMakeFiles/cgba-gint-gpsp.dir/Users/ryougi/Dev/cgba/.claude/worktrees/elegant-faraday-ea393c/ports/fxcg100/sh4/sh4_dynarec_state.c.obj
LOAD CMakeFiles/cgba-gint-gpsp.dir/Users/ryougi/Dev/cgba/.claude/worktrees/elegant-faraday-ea393c/ports/fxcg100/sh4/sh4_diff_harness.c.obj
LOAD CMakeFiles/cgba-gint-gpsp.dir/Users/ryougi/Dev/cgba/.claude/worktrees/elegant-faraday-ea393c/vendor/gpsp/cpu.cc.obj
LOAD CMakeFiles/cgba-gint-gpsp.dir/Users/ryougi/Dev/cgba/.claude/worktrees/elegant-faraday-ea393c/vendor/gpsp/video.cc.obj
LOAD CMakeFiles/cgba-gint-gpsp.dir/Users/ryougi/Dev/cgba/.claude/worktrees/elegant-faraday-ea393c/vendor/gpsp/bios_data.S.obj
LOAD CMakeFiles/cgba-gint-gpsp.dir/Users/ryougi/Dev/cgba/.claude/worktrees/elegant-faraday-ea393c/vendor/gpsp/sh4/sh4_stub.S.obj
LOAD /var/folders/p_/62vqyc5j0vbb0vcv8xjtc3tw0000gn/T//ccJL6ZjU.ltrans0.ltrans.o
LOAD /var/folders/p_/62vqyc5j0vbb0vcv8xjtc3tw0000gn/T//ccXJetlw.debug.temp.o
LOAD /var/folders/p_/62vqyc5j0vbb0vcv8xjtc3tw0000gn/T//cca0yPd3.debug.temp.o
LOAD /var/folders/p_/62vqyc5j0vbb0vcv8xjtc3tw0000gn/T//ccHlMJe5.debug.temp.o
LOAD /var/folders/p_/62vqyc5j0vbb0vcv8xjtc3tw0000gn/T//cchtIipW.debug.temp.o
LOAD /var/folders/p_/62vqyc5j0vbb0vcv8xjtc3tw0000gn/T//ccgFXDVW.debug.temp.o
LOAD /var/folders/p_/62vqyc5j0vbb0vcv8xjtc3tw0000gn/T//cciQT9u6.debug.temp.o
LOAD /var/folders/p_/62vqyc5j0vbb0vcv8xjtc3tw0000gn/T//ccpXf9Rv.debug.temp.o
LOAD /var/folders/p_/62vqyc5j0vbb0vcv8xjtc3tw0000gn/T//ccE4MlqN.debug.temp.o
LOAD /var/folders/p_/62vqyc5j0vbb0vcv8xjtc3tw0000gn/T//cc0w1qFV.debug.temp.o
LOAD /var/folders/p_/62vqyc5j0vbb0vcv8xjtc3tw0000gn/T//cc2NrQN5.debug.temp.o
LOAD /var/folders/p_/62vqyc5j0vbb0vcv8xjtc3tw0000gn/T//ccTBmHhL.debug.temp.o
LOAD /var/folders/p_/62vqyc5j0vbb0vcv8xjtc3tw0000gn/T//ccPvuSaK.debug.temp.o
LOAD /var/folders/p_/62vqyc5j0vbb0vcv8xjtc3tw0000gn/T//cci8hEJC.debug.temp.o
LOAD /var/folders/p_/62vqyc5j0vbb0vcv8xjtc3tw0000gn/T//ccZs0nt8.debug.temp.o
LOAD /var/folders/p_/62vqyc5j0vbb0vcv8xjtc3tw0000gn/T//ccJUBI41.debug.temp.o
LOAD /var/folders/p_/62vqyc5j0vbb0vcv8xjtc3tw0000gn/T//ccLGQTw2.debug.temp.o
LOAD /var/folders/p_/62vqyc5j0vbb0vcv8xjtc3tw0000gn/T//ccYRGeMK.debug.temp.o
LOAD /var/folders/p_/62vqyc5j0vbb0vcv8xjtc3tw0000gn/T//ccy120Pj.debug.temp.o
LOAD /var/folders/p_/62vqyc5j0vbb0vcv8xjtc3tw0000gn/T//cciuJsUh.debug.temp.o
LOAD /var/folders/p_/62vqyc5j0vbb0vcv8xjtc3tw0000gn/T//ccFvSsFT.debug.temp.o
LOAD /var/folders/p_/62vqyc5j0vbb0vcv8xjtc3tw0000gn/T//cc2Kd1fo.debug.temp.o
LOAD /var/folders/p_/62vqyc5j0vbb0vcv8xjtc3tw0000gn/T//cckWa4rI.debug.temp.o
LOAD /var/folders/p_/62vqyc5j0vbb0vcv8xjtc3tw0000gn/T//ccEhM6TB.debug.temp.o
LOAD /var/folders/p_/62vqyc5j0vbb0vcv8xjtc3tw0000gn/T//ccw9V6ob.debug.temp.o
LOAD /var/folders/p_/62vqyc5j0vbb0vcv8xjtc3tw0000gn/T//cczDsDfG.debug.temp.o
LOAD /var/folders/p_/62vqyc5j0vbb0vcv8xjtc3tw0000gn/T//ccNc7zAf.debug.temp.o
LOAD /var/folders/p_/62vqyc5j0vbb0vcv8xjtc3tw0000gn/T//cckFWZzh.debug.temp.o
LOAD /var/folders/p_/62vqyc5j0vbb0vcv8xjtc3tw0000gn/T//ccEJcnwo.debug.temp.o
LOAD /var/folders/p_/62vqyc5j0vbb0vcv8xjtc3tw0000gn/T//ccwAarvn.debug.temp.o
LOAD /var/folders/p_/62vqyc5j0vbb0vcv8xjtc3tw0000gn/T//ccRS7VIa.debug.temp.o
LOAD /var/folders/p_/62vqyc5j0vbb0vcv8xjtc3tw0000gn/T//cctv5Ezk.debug.temp.o
LOAD /var/folders/p_/62vqyc5j0vbb0vcv8xjtc3tw0000gn/T//cc4pJrAB.debug.temp.o
LOAD /var/folders/p_/62vqyc5j0vbb0vcv8xjtc3tw0000gn/T//ccMNbGL0.debug.temp.o
LOAD /var/folders/p_/62vqyc5j0vbb0vcv8xjtc3tw0000gn/T//ccRayhRX.debug.temp.o
LOAD /var/folders/p_/62vqyc5j0vbb0vcv8xjtc3tw0000gn/T//ccodG3QJ.debug.temp.o
LOAD /var/folders/p_/62vqyc5j0vbb0vcv8xjtc3tw0000gn/T//cc5SwGCk.debug.temp.o
LOAD /var/folders/p_/62vqyc5j0vbb0vcv8xjtc3tw0000gn/T//ccbR7oyU.debug.temp.o
LOAD /var/folders/p_/62vqyc5j0vbb0vcv8xjtc3tw0000gn/T//ccqrZgsa.debug.temp.o
LOAD /var/folders/p_/62vqyc5j0vbb0vcv8xjtc3tw0000gn/T//ccKDr9sP.debug.temp.o
LOAD /var/folders/p_/62vqyc5j0vbb0vcv8xjtc3tw0000gn/T//ccz5LpCQ.debug.temp.o
LOAD /Users/ryougi/.local/share/fxsdk/sysroot/lib/gcc/sh3eb-elf/14.1.0/libgcc.a
LOAD /Users/ryougi/.local/share/fxsdk/sysroot/lib/gcc/sh3eb-elf/14.1.0/../../../../sh3eb-elf/lib/libgint-cg.a
LOAD /Users/ryougi/.local/share/fxsdk/sysroot/lib/gcc/sh3eb-elf/14.1.0/../../../../sh3eb-elf/lib/libc.a
LOAD /Users/ryougi/.local/share/fxsdk/sysroot/lib/gcc/sh3eb-elf/14.1.0/../../../../sh3eb-elf/lib/libgint-cg.a
LOAD /Users/ryougi/.local/share/fxsdk/sysroot/lib/gcc/sh3eb-elf/14.1.0/../../../../sh3eb-elf/lib/libc.a
LOAD /Users/ryougi/.local/share/fxsdk/sysroot/lib/gcc/sh3eb-elf/14.1.0/../../../../sh3eb-elf/lib/libopenlibm.a
LOAD /Users/ryougi/.local/share/fxsdk/sysroot/lib/gcc/sh3eb-elf/14.1.0/libgcc.a
                0x00300000                        _brom = ORIGIN (rom)
                0x00063970                        _srom = (((SIZEOF (.text) + SIZEOF (.rodata)) + SIZEOF (.gint.drivers)) + SIZEOF (.gint.blocks))

.text           0x00300000    0x5ee60
 *(.text.entry)
 .text.entry    0x00300000        0xc /var/folders/p_/62vqyc5j0vbb0vcv8xjtc3tw0000gn/T//ccJL6ZjU.ltrans0.ltrans.o
                0x00300000                _start
                0x0030000c                        _bctors = .
 *(.ctors .ctors.*)
 .ctors         0x0030000c        0x4 /var/folders/p_/62vqyc5j0vbb0vcv8xjtc3tw0000gn/T//ccJL6ZjU.ltrans0.ltrans.o
                0x00300010                        _ectors = .
                0x00300010                        _bdtors = .
 *(.dtors .dtors.*)
                0x00300010                        _edtors = .
                0x00300010                        _gint_exch_start = .
 *(.gint.exch)
 .gint.exch     0x00300010       0xa0 /Users/ryougi/.local/share/fxsdk/sysroot/lib/gcc/sh3eb-elf/14.1.0/../../../../sh3eb-elf/lib/libgint-cg.a(exch.s.obj)
                0x00300010                _gint_exch
                0x003000b0                        _gint_exch_end = .
                0x000000a0                        _gint_exch_size = ABSOLUTE ((. - _gint_exch_start))
                0x003000b0                        _gint_tlbh_start = .
 *(.gint.tlbh)
 .gint.tlbh     0x003000b0       0x70 /Users/ryougi/.local/share/fxsdk/sysroot/lib/gcc/sh3eb-elf/14.1.0/../../../../sh3eb-elf/lib/libgint-cg.a(tlbh.S.obj)
                0x003000b0                _gint_tlbh
                0x00300120                        _gint_tlbh_end = .
                0x00000070                        _gint_tlbh_size = ABSOLUTE ((. - _gint_tlbh_start))
 *(.text .text.*)
 .text.draw_status
                0x00300120       0x74 CMakeFiles/cgba-gint-gpsp.dir/src/main.c.obj
 .text.startup.main
                0x00300194     0x1194 CMakeFiles/cgba-gint-gpsp.dir/src/main.c.obj
                0x00300194                _main
 .text.fps_draw_text.constprop.0
                0x00301328       0xd8 CMakeFiles/cgba-gint-gpsp.dir/src/gint_platform.c.obj
 .text.fxcg100_lcd_init
                0x00301400        0x4 CMakeFiles/cgba-gint-gpsp.dir/src/gint_platform.c.obj
                0x00301400                _fxcg100_lcd_init
 .text.fxcg100_lcd_update
                0x00301404       0x64 CMakeFiles/cgba-gint-gpsp.dir/src/gint_platform.c.obj
                0x00301404                _fxcg100_lcd_update
 .text.fxcg100_lcd_blit_gba
                0x00301468      0x1d0 CMakeFiles/cgba-gint-gpsp.dir/src/gint_platform.c.obj
                0x00301468                _fxcg100_lcd_blit_gba
 .text.fxcg100_lcd_overlay_fps
                0x00301638      0x158 CMakeFiles/cgba-gint-gpsp.dir/src/gint_platform.c.obj
                0x00301638                _fxcg100_lcd_overlay_fps
 .text.sort_rom_entries
                0x00301790      0x100 CMakeFiles/cgba-gint-gpsp.dir/src/nor_rom.c.obj
 .text.load_single_page_fallback
                0x00301890       0x88 CMakeFiles/cgba-gint-gpsp.dir/src/nor_rom.c.obj
 .text.fc_copy  0x00301918       0x80 CMakeFiles/cgba-gint-gpsp.dir/src/nor_rom.c.obj
 .text.add_rom_entry_from_path.isra.0
                0x00301998      0x2a0 CMakeFiles/cgba-gint-gpsp.dir/src/nor_rom.c.obj
 .text.list_storage_roms_with_pattern.isra.0
                0x00301c38      0x1bc CMakeFiles/cgba-gint-gpsp.dir/src/nor_rom.c.obj
 .text.cgba_nor_rom_close
                0x00301df4       0x54 CMakeFiles/cgba-gint-gpsp.dir/src/nor_rom.c.obj
                0x00301df4                _cgba_nor_rom_close
 .text.cgba_nor_rom_read
                0x00301e48       0xe4 CMakeFiles/cgba-gint-gpsp.dir/src/nor_rom.c.obj
                0x00301e48                _cgba_nor_rom_read
 .text.map_open_fd
                0x00301f2c      0x284 CMakeFiles/cgba-gint-gpsp.dir/src/nor_rom.c.obj
 .text.cgba_nor_rom_open_path
                0x003021b0       0xcc CMakeFiles/cgba-gint-gpsp.dir/src/nor_rom.c.obj
                0x003021b0                _cgba_nor_rom_open_path
 .text.cgba_nor_rom_scan_gba
                0x0030227c       0x80 CMakeFiles/cgba-gint-gpsp.dir/src/nor_rom.c.obj
                0x0030227c                _cgba_nor_rom_scan_gba
 .text.cgba_nor_rom_status
                0x003022fc       0x80 CMakeFiles/cgba-gint-gpsp.dir/src/nor_rom.c.obj
                0x003022fc                _cgba_nor_rom_status
 .text.cgba_gpsp_filestream_bind
                0x0030237c        0xc CMakeFiles/cgba-gint-gpsp.dir/src/nor_filestream.c.obj
                0x0030237c                _cgba_gpsp_filestream_bind
 .text.filestream_open
                0x00302388       0x24 CMakeFiles/cgba-gint-gpsp.dir/src/nor_filestream.c.obj
                0x00302388                _filestream_open
 .text.filestream_seek
                0x003023ac       0x4c CMakeFiles/cgba-gint-gpsp.dir/src/nor_filestream.c.obj
                0x003023ac                _filestream_seek
 .text.filestream_read
                0x003023f8       0x94 CMakeFiles/cgba-gint-gpsp.dir/src/nor_filestream.c.obj
                0x003023f8                _filestream_read
 .text.cgba_panic_text
                0x0030248c       0x3c CMakeFiles/cgba-gint-gpsp.dir/src/gpsp_runner.c.obj
 .text.cgba_crash_panic
                0x003024c8      0x11c CMakeFiles/cgba-gint-gpsp.dir/src/gpsp_runner.c.obj
 .text.cgba_crash_reporting_init
                0x003025e4       0x10 CMakeFiles/cgba-gint-gpsp.dir/src/gpsp_runner.c.obj
                0x003025e4                _cgba_crash_reporting_init
 .text.cgba_sh4_wild_jump
                0x003025f4       0x18 CMakeFiles/cgba-gint-gpsp.dir/src/gpsp_runner.c.obj
                0x003025f4                _cgba_sh4_wild_jump
 .text.cgba_gpsp_refresh_roms
                0x0030260c       0x18 CMakeFiles/cgba-gint-gpsp.dir/src/gpsp_runner.c.obj
                0x0030260c                _cgba_gpsp_refresh_roms
 .text.cgba_gpsp_rom_name
                0x00302624       0x70 CMakeFiles/cgba-gint-gpsp.dir/src/gpsp_runner.c.obj
                0x00302624                _cgba_gpsp_rom_name
 .text.cgba_gpsp_rom_count
                0x00302694       0x38 CMakeFiles/cgba-gint-gpsp.dir/src/gpsp_runner.c.obj
                0x00302694                _cgba_gpsp_rom_count
 .text.cgba_gpsp_init
                0x003026cc      0x1b8 CMakeFiles/cgba-gint-gpsp.dir/src/gpsp_runner.c.obj
                0x003026cc                _cgba_gpsp_init
 .text.cgba_gpsp_last_error
                0x00302884       0x14 CMakeFiles/cgba-gint-gpsp.dir/src/gpsp_runner.c.obj
                0x00302884                _cgba_gpsp_last_error
 .text.cgba_state_decompress
                0x00302898       0xf4 CMakeFiles/cgba-gint-gpsp.dir/src/gpsp_runner.c.obj
                0x00302898                _cgba_state_decompress
 .text.cgba_gpsp_run_frame
                0x0030298c      0x1f0 CMakeFiles/cgba-gint-gpsp.dir/src/gpsp_runner.c.obj
                0x0030298c                _cgba_gpsp_run_frame
 .text.cgba_gpsp_keyinput
                0x00302b7c       0x14 CMakeFiles/cgba-gint-gpsp.dir/src/gpsp_runner.c.obj
                0x00302b7c                _cgba_gpsp_keyinput
 .text.cgba_gpsp_diag
                0x00302b90      0x1cc CMakeFiles/cgba-gint-gpsp.dir/src/gpsp_runner.c.obj
                0x00302b90                _cgba_gpsp_diag
 .text.cgba_fps_init
                0x00302d5c       0x20 CMakeFiles/cgba-gint-gpsp.dir/src/frame_pacing.c.obj
                0x00302d5c                _cgba_fps_init
 .text.cgba_fps_tick
                0x00302d7c       0x84 CMakeFiles/cgba-gint-gpsp.dir/src/frame_pacing.c.obj
                0x00302d7c                _cgba_fps_tick
 .text.null_malloc
                0x00302e00        0x4 CMakeFiles/cgba-gint-gpsp.dir/src/no_osheap.c.obj
 .text.null_realloc
                0x00302e04        0x4 CMakeFiles/cgba-gint-gpsp.dir/src/no_osheap.c.obj
 .text.null_free
                0x00302e08        0x4 CMakeFiles/cgba-gint-gpsp.dir/src/no_osheap.c.obj
 .text.__Timer_Install
                0x00302e0c        0x4 CMakeFiles/cgba-gint-gpsp.dir/src/no_osheap.c.obj
                0x00302e0c                ___Timer_Install
 .text.__Timer_Start
                0x00302e10        0x4 CMakeFiles/cgba-gint-gpsp.dir/src/no_osheap.c.obj
                0x00302e10                ___Timer_Start
 .text.__Timer_Stop
                0x00302e14        0x4 CMakeFiles/cgba-gint-gpsp.dir/src/no_osheap.c.obj
                0x00302e14                ___Timer_Stop
 .text.__Timer_Deinstall
                0x00302e18        0x4 CMakeFiles/cgba-gint-gpsp.dir/src/no_osheap.c.obj
                0x00302e18                ___Timer_Deinstall
 .text.__PutKeyCode
                0x00302e1c        0x4 CMakeFiles/cgba-gint-gpsp.dir/src/no_osheap.c.obj
                0x00302e1c                ___PutKeyCode
 .text.__GetKeyWait
                0x00302e20        0x4 CMakeFiles/cgba-gint-gpsp.dir/src/no_osheap.c.obj
                0x00302e20                ___GetKeyWait
 .text.__ClearKeyBuffer
                0x00302e24        0x4 CMakeFiles/cgba-gint-gpsp.dir/src/no_osheap.c.obj
                0x00302e24                ___ClearKeyBuffer
 .text.__GetVRAMAddress
                0x00302e28        0x4 CMakeFiles/cgba-gint-gpsp.dir/src/no_osheap.c.obj
                0x00302e28                ___GetVRAMAddress
 .text.__Reset  0x00302e2c        0x4 CMakeFiles/cgba-gint-gpsp.dir/src/no_osheap.c.obj
                0x00302e2c                ___Reset
 .text.cgba_panic_draw_begin
                0x00302e30        0xc CMakeFiles/cgba-gint-gpsp.dir/src/crash_panic.c.obj
                0x00302e30                _cgba_panic_draw_begin
 .text.cgba_panic_draw_line
                0x00302e3c       0x38 CMakeFiles/cgba-gint-gpsp.dir/src/crash_panic.c.obj
                0x00302e3c                _cgba_panic_draw_line
 .text.cgba_panic_draw_present
                0x00302e74       0x30 CMakeFiles/cgba-gint-gpsp.dir/src/crash_panic.c.obj
                0x00302e74                _cgba_panic_draw_present
 .text.set_fastforward_override
                0x00302ea4        0x4 CMakeFiles/cgba-gint-gpsp.dir/Users/ryougi/Dev/cgba/.claude/worktrees/elegant-faraday-ea393c/ports/fxcg100/fxcg100_gpsp_stubs.c.obj
                0x00302ea4                _set_fastforward_override
 .text.netpacket_send
                0x00302ea8        0x4 CMakeFiles/cgba-gint-gpsp.dir/Users/ryougi/Dev/cgba/.claude/worktrees/elegant-faraday-ea393c/ports/fxcg100/fxcg100_gpsp_stubs.c.obj
                0x00302ea8                _netpacket_send
 .text.netpacket_poll_receive
                0x00302eac        0x4 CMakeFiles/cgba-gint-gpsp.dir/Users/ryougi/Dev/cgba/.claude/worktrees/elegant-faraday-ea393c/ports/fxcg100/fxcg100_gpsp_stubs.c.obj
                0x00302eac                _netpacket_poll_receive
 .text.sound_timer_queue32
                0x00302eb0        0x4 CMakeFiles/cgba-gint-gpsp.dir/Users/ryougi/Dev/cgba/.claude/worktrees/elegant-faraday-ea393c/ports/fxcg100/fxcg100_sound_stub.c.obj
                0x00302eb0                _sound_timer_queue32
 .text.sound_timer
                0x00302eb4        0x4 CMakeFiles/cgba-gint-gpsp.dir/Users/ryougi/Dev/cgba/.claude/worktrees/elegant-faraday-ea393c/ports/fxcg100/fxcg100_sound_stub.c.obj
                0x00302eb4                _sound_timer
 .text.sound_reset_fifo
                0x00302eb8       0x24 CMakeFiles/cgba-gint-gpsp.dir/Users/ryougi/Dev/cgba/.claude/worktrees/elegant-faraday-ea393c/ports/fxcg100/fxcg100_sound_stub.c.obj
                0x00302eb8                _sound_reset_fifo
 .text.render_gbc_sound
                0x00302edc        0x4 CMakeFiles/cgba-gint-gpsp.dir/Users/ryougi/Dev/cgba/.claude/worktrees/elegant-faraday-ea393c/ports/fxcg100/fxcg100_sound_stub.c.obj
                0x00302edc                _render_gbc_sound
 .text.init_sound
                0x00302ee0       0x5c CMakeFiles/cgba-gint-gpsp.dir/Users/ryougi/Dev/cgba/.claude/worktrees/elegant-faraday-ea393c/ports/fxcg100/fxcg100_sound_stub.c.obj
                0x00302ee0                _init_sound
 .text.reset_sound
                0x00302f3c       0x5c CMakeFiles/cgba-gint-gpsp.dir/Users/ryougi/Dev/cgba/.claude/worktrees/elegant-faraday-ea393c/ports/fxcg100/fxcg100_sound_stub.c.obj
                0x00302f3c                _reset_sound
 .text.sound_check_savestate
                0x00302f98        0x4 CMakeFiles/cgba-gint-gpsp.dir/Users/ryougi/Dev/cgba/.claude/worktrees/elegant-faraday-ea393c/ports/fxcg100/fxcg100_sound_stub.c.obj
                0x00302f98                _sound_check_savestate
 .text.sound_write_savestate
                0x00302f9c        0x4 CMakeFiles/cgba-gint-gpsp.dir/Users/ryougi/Dev/cgba/.claude/worktrees/elegant-faraday-ea393c/ports/fxcg100/fxcg100_sound_stub.c.obj
                0x00302f9c                _sound_write_savestate
 .text.sound_read_savestate
                0x00302fa0       0x60 CMakeFiles/cgba-gint-gpsp.dir/Users/ryougi/Dev/cgba/.claude/worktrees/elegant-faraday-ea393c/ports/fxcg100/fxcg100_sound_stub.c.obj
                0x00302fa0                _sound_read_savestate
 .text.rand_gen
                0x00303000       0x28 CMakeFiles/cgba-gint-gpsp.dir/Users/ryougi/Dev/cgba/.claude/worktrees/elegant-faraday-ea393c/vendor/gpsp/main.c.obj
                0x00303000                _rand_gen
 .text.rand_seed
                0x00303028       0x28 CMakeFiles/cgba-gint-gpsp.dir/Users/ryougi/Dev/cgba/.claude/worktrees/elegant-faraday-ea393c/vendor/gpsp/main.c.obj
                0x00303028                _rand_seed
 .text.init_main
                0x00303050       0x74 CMakeFiles/cgba-gint-gpsp.dir/Users/ryougi/Dev/cgba/.claude/worktrees/elegant-faraday-ea393c/vendor/gpsp/main.c.obj
                0x00303050                _init_main
 .text.update_gba
                0x003030c4      0x4bc CMakeFiles/cgba-gint-gpsp.dir/Users/ryougi/Dev/cgba/.claude/worktrees/elegant-faraday-ea393c/vendor/gpsp/main.c.obj
                0x003030c4                _update_gba
 .text.reset_gba
                0x00303580       0x34 CMakeFiles/cgba-gint-gpsp.dir/Users/ryougi/Dev/cgba/.claude/worktrees/elegant-faraday-ea393c/vendor/gpsp/main.c.obj
                0x00303580                _reset_gba
 .text.main_check_savestate
                0x003035b4      0x13c CMakeFiles/cgba-gint-gpsp.dir/Users/ryougi/Dev/cgba/.claude/worktrees/elegant-faraday-ea393c/vendor/gpsp/main.c.obj
                0x003035b4                _main_check_savestate
 .text.main_read_savestate
                0x003036f0      0x1c4 CMakeFiles/cgba-gint-gpsp.dir/Users/ryougi/Dev/cgba/.claude/worktrees/elegant-faraday-ea393c/vendor/gpsp/main.c.obj
                0x003036f0                _main_read_savestate
 .text.main_write_savestate
                0x003038b4      0x4f4 CMakeFiles/cgba-gint-gpsp.dir/Users/ryougi/Dev/cgba/.claude/worktrees/elegant-faraday-ea393c/vendor/gpsp/main.c.obj
                0x003038b4                _main_write_savestate
 .text.evict_gamepak_page
                0x00303da8       0xdc CMakeFiles/cgba-gint-gpsp.dir/Users/ryougi/Dev/cgba/.claude/worktrees/elegant-faraday-ea393c/vendor/gpsp/gba_memory.c.obj
 .text.trigger_timer
                0x00303e84      0x188 CMakeFiles/cgba-gint-gpsp.dir/Users/ryougi/Dev/cgba/.claude/worktrees/elegant-faraday-ea393c/vendor/gpsp/gba_memory.c.obj
 .text.normalize_blank_backup_for_detected_type
                0x0030400c       0x6c CMakeFiles/cgba-gint-gpsp.dir/Users/ryougi/Dev/cgba/.claude/worktrees/elegant-faraday-ea393c/vendor/gpsp/gba_memory.c.obj
 .text.load_game_config_over
                0x00304078      0x138 CMakeFiles/cgba-gint-gpsp.dir/Users/ryougi/Dev/cgba/.claude/worktrees/elegant-faraday-ea393c/vendor/gpsp/gba_memory.c.obj
 .text.rom_is_pokemon_family
                0x003041b0       0x8c CMakeFiles/cgba-gint-gpsp.dir/Users/ryougi/Dev/cgba/.claude/worktrees/elegant-faraday-ea393c/vendor/gpsp/gba_memory.c.obj
 .text.detect_backup_subcircuit
                0x0030423c      0x36c CMakeFiles/cgba-gint-gpsp.dir/Users/ryougi/Dev/cgba/.claude/worktrees/elegant-faraday-ea393c/vendor/gpsp/gba_memory.c.obj
 .text.reload_timing_info
                0x003045a8       0xc0 CMakeFiles/cgba-gint-gpsp.dir/Users/ryougi/Dev/cgba/.claude/worktrees/elegant-faraday-ea393c/vendor/gpsp/gba_memory.c.obj
                0x003045a8                _reload_timing_info
 .text.read_backup
                0x00304668       0xa4 CMakeFiles/cgba-gint-gpsp.dir/Users/ryougi/Dev/cgba/.claude/worktrees/elegant-faraday-ea393c/vendor/gpsp/gba_memory.c.obj
                0x00304668                _read_backup
 .text.write_eeprom
                0x0030470c      0x130 CMakeFiles/cgba-gint-gpsp.dir/Users/ryougi/Dev/cgba/.claude/worktrees/elegant-faraday-ea393c/vendor/gpsp/gba_memory.c.obj
                0x0030470c                _write_eeprom
 .text.read_eeprom
                0x0030483c       0x7c CMakeFiles/cgba-gint-gpsp.dir/Users/ryougi/Dev/cgba/.claude/worktrees/elegant-faraday-ea393c/vendor/gpsp/gba_memory.c.obj
                0x0030483c                _read_eeprom
 .text.write_backup
                0x003048b8      0x200 CMakeFiles/cgba-gint-gpsp.dir/Users/ryougi/Dev/cgba/.claude/worktrees/elegant-faraday-ea393c/vendor/gpsp/gba_memory.c.obj
                0x003048b8                _write_backup
 .text.update_gpio_romregs
                0x00304ab8       0x60 CMakeFiles/cgba-gint-gpsp.dir/Users/ryougi/Dev/cgba/.claude/worktrees/elegant-faraday-ea393c/vendor/gpsp/gba_memory.c.obj
                0x00304ab8                _update_gpio_romregs
 .text.write_rumble
                0x00304b18       0x48 CMakeFiles/cgba-gint-gpsp.dir/Users/ryougi/Dev/cgba/.claude/worktrees/elegant-faraday-ea393c/vendor/gpsp/gba_memory.c.obj
                0x00304b18                _write_rumble
 .text.write_gpio
                0x00304b60      0x514 CMakeFiles/cgba-gint-gpsp.dir/Users/ryougi/Dev/cgba/.claude/worktrees/elegant-faraday-ea393c/vendor/gpsp/gba_memory.c.obj
                0x00304b60                _write_gpio
 .text.load_gamepak_page
                0x00305074      0x154 CMakeFiles/cgba-gint-gpsp.dir/Users/ryougi/Dev/cgba/.claude/worktrees/elegant-faraday-ea393c/vendor/gpsp/gba_memory.c.obj
                0x00305074                _load_gamepak_page
 .text.read_memory8
                0x003051c8      0x1d4 CMakeFiles/cgba-gint-gpsp.dir/Users/ryougi/Dev/cgba/.claude/worktrees/elegant-faraday-ea393c/vendor/gpsp/gba_memory.c.obj
                0x003051c8                _read_memory8
 .text.read_memory8s
                0x0030539c       0x14 CMakeFiles/cgba-gint-gpsp.dir/Users/ryougi/Dev/cgba/.claude/worktrees/elegant-faraday-ea393c/vendor/gpsp/gba_memory.c.obj
                0x0030539c                _read_memory8s
 .text.read_memory16
                0x003053b0      0x1dc CMakeFiles/cgba-gint-gpsp.dir/Users/ryougi/Dev/cgba/.claude/worktrees/elegant-faraday-ea393c/vendor/gpsp/gba_memory.c.obj
                0x003053b0                _read_memory16
 .text.read_memory16_signed
                0x0030558c      0x1e4 CMakeFiles/cgba-gint-gpsp.dir/Users/ryougi/Dev/cgba/.claude/worktrees/elegant-faraday-ea393c/vendor/gpsp/gba_memory.c.obj
                0x0030558c                _read_memory16_signed
 .text.read_memory16s
                0x00305770       0x14 CMakeFiles/cgba-gint-gpsp.dir/Users/ryougi/Dev/cgba/.claude/worktrees/elegant-faraday-ea393c/vendor/gpsp/gba_memory.c.obj
                0x00305770                _read_memory16s
 .text.read_memory32
                0x00305784      0x1f4 CMakeFiles/cgba-gint-gpsp.dir/Users/ryougi/Dev/cgba/.claude/worktrees/elegant-faraday-ea393c/vendor/gpsp/gba_memory.c.obj
                0x00305784                _read_memory32
 .text.dma_tf_loop32
                0x00305978     0x1eb4 CMakeFiles/cgba-gint-gpsp.dir/Users/ryougi/Dev/cgba/.claude/worktrees/elegant-faraday-ea393c/vendor/gpsp/gba_memory.c.obj
                0x00305978                _dma_tf_loop32
 .text.dma_transfer_copy
                0x0030782c       0x6c CMakeFiles/cgba-gint-gpsp.dir/Users/ryougi/Dev/cgba/.claude/worktrees/elegant-faraday-ea393c/vendor/gpsp/gba_memory.c.obj
 .text.gpsp_dma_transfer
                0x00307898      0x25c CMakeFiles/cgba-gint-gpsp.dir/Users/ryougi/Dev/cgba/.claude/worktrees/elegant-faraday-ea393c/vendor/gpsp/gba_memory.c.obj
                0x00307898                _gpsp_dma_transfer
 .text.trigger_dma
                0x00307af4      0x1f0 CMakeFiles/cgba-gint-gpsp.dir/Users/ryougi/Dev/cgba/.claude/worktrees/elegant-faraday-ea393c/vendor/gpsp/gba_memory.c.obj
 .text.write_io_register16
                0x00307ce4      0xb08 CMakeFiles/cgba-gint-gpsp.dir/Users/ryougi/Dev/cgba/.claude/worktrees/elegant-faraday-ea393c/vendor/gpsp/gba_memory.c.obj
                0x00307ce4                _write_io_register16
 .text.write_io_register8
                0x003087ec       0x88 CMakeFiles/cgba-gint-gpsp.dir/Users/ryougi/Dev/cgba/.claude/worktrees/elegant-faraday-ea393c/vendor/gpsp/gba_memory.c.obj
                0x003087ec                _write_io_register8
 .text.write_memory8
                0x00308874       0xe4 CMakeFiles/cgba-gint-gpsp.dir/Users/ryougi/Dev/cgba/.claude/worktrees/elegant-faraday-ea393c/vendor/gpsp/gba_memory.c.obj
                0x00308874                _write_memory8
 .text.write_io_register32
                0x00308958       0x70 CMakeFiles/cgba-gint-gpsp.dir/Users/ryougi/Dev/cgba/.claude/worktrees/elegant-faraday-ea393c/vendor/gpsp/gba_memory.c.obj
                0x00308958                _write_io_register32
 .text.write_memory32
                0x003089c8      0x110 CMakeFiles/cgba-gint-gpsp.dir/Users/ryougi/Dev/cgba/.claude/worktrees/elegant-faraday-ea393c/vendor/gpsp/gba_memory.c.obj
                0x003089c8                _write_memory32
 .text.write_memory16
                0x00308ad8      0x10c CMakeFiles/cgba-gint-gpsp.dir/Users/ryougi/Dev/cgba/.claude/worktrees/elegant-faraday-ea393c/vendor/gpsp/gba_memory.c.obj
                0x00308ad8                _write_memory16
 .text.dma_tf_loop16
                0x00308be4     0x1bac CMakeFiles/cgba-gint-gpsp.dir/Users/ryougi/Dev/cgba/.claude/worktrees/elegant-faraday-ea393c/vendor/gpsp/gba_memory.c.obj
                0x00308be4                _dma_tf_loop16
 .text.init_gamepak_buffer
                0x0030a790       0x50 CMakeFiles/cgba-gint-gpsp.dir/Users/ryougi/Dev/cgba/.claude/worktrees/elegant-faraday-ea393c/vendor/gpsp/gba_memory.c.obj
                0x0030a790                _init_gamepak_buffer
 .text.gamepak_must_swap
                0x0030a7e0       0x2c CMakeFiles/cgba-gint-gpsp.dir/Users/ryougi/Dev/cgba/.claude/worktrees/elegant-faraday-ea393c/vendor/gpsp/gba_memory.c.obj
                0x0030a7e0                _gamepak_must_swap
 .text.init_memory
                0x0030a80c      0x23c CMakeFiles/cgba-gint-gpsp.dir/Users/ryougi/Dev/cgba/.claude/worktrees/elegant-faraday-ea393c/vendor/gpsp/gba_memory.c.obj
                0x0030a80c                _init_memory
 .text.memory_check_savestate
                0x0030aa48      0x154 CMakeFiles/cgba-gint-gpsp.dir/Users/ryougi/Dev/cgba/.claude/worktrees/elegant-faraday-ea393c/vendor/gpsp/gba_memory.c.obj
                0x0030aa48                _memory_check_savestate
 .text.memory_read_savestate
                0x0030ab9c      0x3c4 CMakeFiles/cgba-gint-gpsp.dir/Users/ryougi/Dev/cgba/.claude/worktrees/elegant-faraday-ea393c/vendor/gpsp/gba_memory.c.obj
                0x0030ab9c                _memory_read_savestate
 .text.memory_write_savestate
                0x0030af60      0xb5c CMakeFiles/cgba-gint-gpsp.dir/Users/ryougi/Dev/cgba/.claude/worktrees/elegant-faraday-ea393c/vendor/gpsp/gba_memory.c.obj
                0x0030af60                _memory_write_savestate
 .text.load_gamepak_from_pages
                0x0030babc      0x360 CMakeFiles/cgba-gint-gpsp.dir/Users/ryougi/Dev/cgba/.claude/worktrees/elegant-faraday-ea393c/vendor/gpsp/gba_memory.c.obj
                0x0030babc                _load_gamepak_from_pages
 .text.gpsp_set_input_state_bits
                0x0030be1c       0x10 CMakeFiles/cgba-gint-gpsp.dir/Users/ryougi/Dev/cgba/.claude/worktrees/elegant-faraday-ea393c/vendor/gpsp/input.c.obj
                0x0030be1c                _gpsp_set_input_state_bits
 .text.update_input
                0x0030be2c      0x2d0 CMakeFiles/cgba-gint-gpsp.dir/Users/ryougi/Dev/cgba/.claude/worktrees/elegant-faraday-ea393c/vendor/gpsp/input.c.obj
                0x0030be2c                _update_input
 .text.input_check_savestate
                0x0030c0fc       0x34 CMakeFiles/cgba-gint-gpsp.dir/Users/ryougi/Dev/cgba/.claude/worktrees/elegant-faraday-ea393c/vendor/gpsp/input.c.obj
                0x0030c0fc                _input_check_savestate
 .text.input_read_savestate
                0x0030c130       0xd0 CMakeFiles/cgba-gint-gpsp.dir/Users/ryougi/Dev/cgba/.claude/worktrees/elegant-faraday-ea393c/vendor/gpsp/input.c.obj
                0x0030c130                _input_read_savestate
 .text.input_write_savestate
                0x0030c200      0x1d4 CMakeFiles/cgba-gint-gpsp.dir/Users/ryougi/Dev/cgba/.claude/worktrees/elegant-faraday-ea393c/vendor/gpsp/input.c.obj
                0x0030c200                _input_write_savestate
 .text.process_cheats
                0x0030c3d4      0x36c CMakeFiles/cgba-gint-gpsp.dir/Users/ryougi/Dev/cgba/.claude/worktrees/elegant-faraday-ea393c/vendor/gpsp/cheats.c.obj
                0x0030c3d4                _process_cheats
 .text.gbp_get_state
                0x0030c740       0x30 CMakeFiles/cgba-gint-gpsp.dir/Users/ryougi/Dev/cgba/.claude/worktrees/elegant-faraday-ea393c/vendor/gpsp/gbp.c.obj
                0x0030c740                _gbp_get_state
 .text.gbp_set_state
                0x0030c770       0x2c CMakeFiles/cgba-gint-gpsp.dir/Users/ryougi/Dev/cgba/.claude/worktrees/elegant-faraday-ea393c/vendor/gpsp/gbp.c.obj
                0x0030c770                _gbp_set_state
 .text.gbp_reset
                0x0030c79c       0x34 CMakeFiles/cgba-gint-gpsp.dir/Users/ryougi/Dev/cgba/.claude/worktrees/elegant-faraday-ea393c/vendor/gpsp/gbp.c.obj
                0x0030c79c                _gbp_reset
 .text.gbp_transfer
                0x0030c7d0       0xac CMakeFiles/cgba-gint-gpsp.dir/Users/ryougi/Dev/cgba/.claude/worktrees/elegant-faraday-ea393c/vendor/gpsp/gbp.c.obj
                0x0030c7d0                _gbp_transfer
 .text.serial_get_irq_cycles
                0x0030c87c        0xc CMakeFiles/cgba-gint-gpsp.dir/Users/ryougi/Dev/cgba/.claude/worktrees/elegant-faraday-ea393c/vendor/gpsp/serial.c.obj
                0x0030c87c                _serial_get_irq_cycles
 .text.serial_set_irq_cycles
                0x0030c888        0xc CMakeFiles/cgba-gint-gpsp.dir/Users/ryougi/Dev/cgba/.claude/worktrees/elegant-faraday-ea393c/vendor/gpsp/serial.c.obj
                0x0030c888                _serial_set_irq_cycles
 .text.write_rcnt
                0x0030c894       0xcc CMakeFiles/cgba-gint-gpsp.dir/Users/ryougi/Dev/cgba/.claude/worktrees/elegant-faraday-ea393c/vendor/gpsp/serial.c.obj
                0x0030c894                _write_rcnt
 .text.write_siocnt
                0x0030c960      0x220 CMakeFiles/cgba-gint-gpsp.dir/Users/ryougi/Dev/cgba/.claude/worktrees/elegant-faraday-ea393c/vendor/gpsp/serial.c.obj
                0x0030c960                _write_siocnt
 .text.serial_next_event
                0x0030cb80       0x14 CMakeFiles/cgba-gint-gpsp.dir/Users/ryougi/Dev/cgba/.claude/worktrees/elegant-faraday-ea393c/vendor/gpsp/serial.c.obj
                0x0030cb80                _serial_next_event
 .text.update_serial
                0x0030cb94       0xe0 CMakeFiles/cgba-gint-gpsp.dir/Users/ryougi/Dev/cgba/.claude/worktrees/elegant-faraday-ea393c/vendor/gpsp/serial.c.obj
                0x0030cb94                _update_serial
 .text.process_awpeer_val
                0x0030cc74       0xe4 CMakeFiles/cgba-gint-gpsp.dir/Users/ryougi/Dev/cgba/.claude/worktrees/elegant-faraday-ea393c/vendor/gpsp/serial_proto.c.obj
 .text.process_awpeer
                0x0030cd58       0xf8 CMakeFiles/cgba-gint-gpsp.dir/Users/ryougi/Dev/cgba/.claude/worktrees/elegant-faraday-ea393c/vendor/gpsp/serial_proto.c.obj
 .text.serialaw_senddata
                0x0030ce50       0x8c CMakeFiles/cgba-gint-gpsp.dir/Users/ryougi/Dev/cgba/.claude/worktrees/elegant-faraday-ea393c/vendor/gpsp/serial_proto.c.obj
 .text.serialpoke_senddata
                0x0030cedc       0x78 CMakeFiles/cgba-gint-gpsp.dir/Users/ryougi/Dev/cgba/.claude/worktrees/elegant-faraday-ea393c/vendor/gpsp/serial_proto.c.obj
 .text.serialproto_reset
                0x0030cf54       0x14 CMakeFiles/cgba-gint-gpsp.dir/Users/ryougi/Dev/cgba/.claude/worktrees/elegant-faraday-ea393c/vendor/gpsp/serial_proto.c.obj
                0x0030cf54                _serialproto_reset
 .text.serialpoke_master_send
                0x0030cf68      0x290 CMakeFiles/cgba-gint-gpsp.dir/Users/ryougi/Dev/cgba/.claude/worktrees/elegant-faraday-ea393c/vendor/gpsp/serial_proto.c.obj
                0x0030cf68                _serialpoke_master_send
 .text.serialpoke_update
                0x0030d1f8      0x32c CMakeFiles/cgba-gint-gpsp.dir/Users/ryougi/Dev/cgba/.claude/worktrees/elegant-faraday-ea393c/vendor/gpsp/serial_proto.c.obj
                0x0030d1f8                _serialpoke_update
 .text.serialaw_master_send
                0x0030d524      0x2bc CMakeFiles/cgba-gint-gpsp.dir/Users/ryougi/Dev/cgba/.claude/worktrees/elegant-faraday-ea393c/vendor/gpsp/serial_proto.c.obj
                0x0030d524                _serialaw_master_send
 .text.serialaw_update
                0x0030d7e0      0x3d4 CMakeFiles/cgba-gint-gpsp.dir/Users/ryougi/Dev/cgba/.claude/worktrees/elegant-faraday-ea393c/vendor/gpsp/serial_proto.c.obj
                0x0030d7e0                _serialaw_update
 .text.rfu_net_send_data.constprop.0
                0x0030dbb4       0x88 CMakeFiles/cgba-gint-gpsp.dir/Users/ryougi/Dev/cgba/.claude/worktrees/elegant-faraday-ea393c/vendor/gpsp/rfu.c.obj
 .text.rfu_process_command
                0x0030dc3c      0x6d0 CMakeFiles/cgba-gint-gpsp.dir/Users/ryougi/Dev/cgba/.claude/worktrees/elegant-faraday-ea393c/vendor/gpsp/rfu.c.obj
 .text.rfu_reset
                0x0030e30c       0x80 CMakeFiles/cgba-gint-gpsp.dir/Users/ryougi/Dev/cgba/.claude/worktrees/elegant-faraday-ea393c/vendor/gpsp/rfu.c.obj
                0x0030e30c                _rfu_reset
 .text.rfu_transfer
                0x0030e38c      0x214 CMakeFiles/cgba-gint-gpsp.dir/Users/ryougi/Dev/cgba/.claude/worktrees/elegant-faraday-ea393c/vendor/gpsp/rfu.c.obj
                0x0030e38c                _rfu_transfer
 .text.rfu_update
                0x0030e5a0      0x1a4 CMakeFiles/cgba-gint-gpsp.dir/Users/ryougi/Dev/cgba/.claude/worktrees/elegant-faraday-ea393c/vendor/gpsp/rfu.c.obj
                0x0030e5a0                _rfu_update
 .text.bson_contains_key
                0x0030e744      0x128 CMakeFiles/cgba-gint-gpsp.dir/Users/ryougi/Dev/cgba/.claude/worktrees/elegant-faraday-ea393c/vendor/gpsp/savestate.c.obj
                0x0030e744                _bson_contains_key
 .text.bson_find_key
                0x0030e86c      0x124 CMakeFiles/cgba-gint-gpsp.dir/Users/ryougi/Dev/cgba/.claude/worktrees/elegant-faraday-ea393c/vendor/gpsp/savestate.c.obj
                0x0030e86c                _bson_find_key
 .text.bson_read_int32
                0x0030e990       0x50 CMakeFiles/cgba-gint-gpsp.dir/Users/ryougi/Dev/cgba/.claude/worktrees/elegant-faraday-ea393c/vendor/gpsp/savestate.c.obj
                0x0030e990                _bson_read_int32
 .text.bson_read_int32_array
                0x0030e9e0       0xac CMakeFiles/cgba-gint-gpsp.dir/Users/ryougi/Dev/cgba/.claude/worktrees/elegant-faraday-ea393c/vendor/gpsp/savestate.c.obj
                0x0030e9e0                _bson_read_int32_array
 .text.bson_read_bytes
                0x0030ea8c       0x60 CMakeFiles/cgba-gint-gpsp.dir/Users/ryougi/Dev/cgba/.claude/worktrees/elegant-faraday-ea393c/vendor/gpsp/savestate.c.obj
                0x0030ea8c                _bson_read_bytes
 .text.gba_load_state
                0x0030eaec      0x1b0 CMakeFiles/cgba-gint-gpsp.dir/Users/ryougi/Dev/cgba/.claude/worktrees/elegant-faraday-ea393c/vendor/gpsp/savestate.c.obj
                0x0030eaec                _gba_load_state
 .text.gba_save_state
                0x0030ec9c      0x15c CMakeFiles/cgba-gint-gpsp.dir/Users/ryougi/Dev/cgba/.claude/worktrees/elegant-faraday-ea393c/vendor/gpsp/savestate.c.obj
                0x0030ec9c                _gba_save_state
 .text.sh4g_u16
                0x0030edf8       0x14 CMakeFiles/cgba-gint-gpsp.dir/Users/ryougi/Dev/cgba/.claude/worktrees/elegant-faraday-ea393c/vendor/gpsp/cpu_threaded.c.obj
 .text.sh4g_patch_cond_skip
                0x0030ee0c       0xc0 CMakeFiles/cgba-gint-gpsp.dir/Users/ryougi/Dev/cgba/.claude/worktrees/elegant-faraday-ea393c/vendor/gpsp/cpu_threaded.c.obj
 .text.sh4g_store_greg.constprop.0
                0x0030eecc       0x28 CMakeFiles/cgba-gint-gpsp.dir/Users/ryougi/Dev/cgba/.claude/worktrees/elegant-faraday-ea393c/vendor/gpsp/cpu_threaded.c.obj
 .text.sh4g_emit_patch_jump
                0x0030eef4       0xa0 CMakeFiles/cgba-gint-gpsp.dir/Users/ryougi/Dev/cgba/.claude/worktrees/elegant-faraday-ea393c/vendor/gpsp/cpu_threaded.c.obj
 .text.sh4g_far_jmp
                0x0030ef94       0xb0 CMakeFiles/cgba-gint-gpsp.dir/Users/ryougi/Dev/cgba/.claude/worktrees/elegant-faraday-ea393c/vendor/gpsp/cpu_threaded.c.obj
 .text.sh4g_charge_mem_run.part.0.constprop.0
                0x0030f044       0x90 CMakeFiles/cgba-gint-gpsp.dir/Users/ryougi/Dev/cgba/.claude/worktrees/elegant-faraday-ea393c/vendor/gpsp/cpu_threaded.c.obj
 .text.sh4g_set_flags.part.0.constprop.0
                0x0030f0d4      0x160 CMakeFiles/cgba-gint-gpsp.dir/Users/ryougi/Dev/cgba/.claude/worktrees/elegant-faraday-ea393c/vendor/gpsp/cpu_threaded.c.obj
 .text.sh4g_cond_to_T
                0x0030f234      0x124 CMakeFiles/cgba-gint-gpsp.dir/Users/ryougi/Dev/cgba/.claude/worktrees/elegant-faraday-ea393c/vendor/gpsp/cpu_threaded.c.obj
 .text.sh4g_arm_shift_imm_op2
                0x0030f358       0xb8 CMakeFiles/cgba-gint-gpsp.dir/Users/ryougi/Dev/cgba/.claude/worktrees/elegant-faraday-ea393c/vendor/gpsp/cpu_threaded.c.obj
 .text.sh4g_dp_addsub
                0x0030f410      0x264 CMakeFiles/cgba-gint-gpsp.dir/Users/ryougi/Dev/cgba/.claude/worktrees/elegant-faraday-ea393c/vendor/gpsp/cpu_threaded.c.obj
 .text.sh4g_op2_tramp_call
                0x0030f674      0x128 CMakeFiles/cgba-gint-gpsp.dir/Users/ryougi/Dev/cgba/.claude/worktrees/elegant-faraday-ea393c/vendor/gpsp/cpu_threaded.c.obj
 .text.sh4g_dp_carry.constprop.0
                0x0030f79c      0x284 CMakeFiles/cgba-gint-gpsp.dir/Users/ryougi/Dev/cgba/.claude/worktrees/elegant-faraday-ea393c/vendor/gpsp/cpu_threaded.c.obj
 .text.sh4g_fastmem_site_raw
                0x0030fa20      0x128 CMakeFiles/cgba-gint-gpsp.dir/Users/ryougi/Dev/cgba/.claude/worktrees/elegant-faraday-ea393c/vendor/gpsp/cpu_threaded.c.obj
 .text.sh4g_shift_imm
                0x0030fb48      0x1f0 CMakeFiles/cgba-gint-gpsp.dir/Users/ryougi/Dev/cgba/.claude/worktrees/elegant-faraday-ea393c/vendor/gpsp/cpu_threaded.c.obj
 .text.sh4g_arm_multiply_native
                0x0030fd38       0xfc CMakeFiles/cgba-gint-gpsp.dir/Users/ryougi/Dev/cgba/.claude/worktrees/elegant-faraday-ea393c/vendor/gpsp/cpu_threaded.c.obj
 .text.sh4g_const
                0x0030fe34      0x258 CMakeFiles/cgba-gint-gpsp.dir/Users/ryougi/Dev/cgba/.claude/worktrees/elegant-faraday-ea393c/vendor/gpsp/cpu_threaded.c.obj
 .text.sh4g_cycle_debit
                0x0031008c       0x50 CMakeFiles/cgba-gint-gpsp.dir/Users/ryougi/Dev/cgba/.claude/worktrees/elegant-faraday-ea393c/vendor/gpsp/cpu_threaded.c.obj
 .text.sh4g_thumb_ldst_const_native
                0x003100dc      0x2ec CMakeFiles/cgba-gint-gpsp.dir/Users/ryougi/Dev/cgba/.claude/worktrees/elegant-faraday-ea393c/vendor/gpsp/cpu_threaded.c.obj
 .text.sh4g_branch_exit_idle.constprop.0
                0x003103c8      0x130 CMakeFiles/cgba-gint-gpsp.dir/Users/ryougi/Dev/cgba/.claude/worktrees/elegant-faraday-ea393c/vendor/gpsp/cpu_threaded.c.obj
 .text.sh4g_branch_exit.constprop.0
                0x003104f8      0x11c CMakeFiles/cgba-gint-gpsp.dir/Users/ryougi/Dev/cgba/.claude/worktrees/elegant-faraday-ea393c/vendor/gpsp/cpu_threaded.c.obj
 .text.sh4g_thumb_ldst_native
                0x00310614      0x574 CMakeFiles/cgba-gint-gpsp.dir/Users/ryougi/Dev/cgba/.claude/worktrees/elegant-faraday-ea393c/vendor/gpsp/cpu_threaded.c.obj
 .text.sh4g_cycle_sub.part.0
                0x00310b88       0xa0 CMakeFiles/cgba-gint-gpsp.dir/Users/ryougi/Dev/cgba/.claude/worktrees/elegant-faraday-ea393c/vendor/gpsp/cpu_threaded.c.obj
 .text.sh4g_arm_multiply_long_native
                0x00310c28      0x1c8 CMakeFiles/cgba-gint-gpsp.dir/Users/ryougi/Dev/cgba/.claude/worktrees/elegant-faraday-ea393c/vendor/gpsp/cpu_threaded.c.obj
 .text.sh4g_thumb_shift_reg_native.isra.0
                0x00310df0      0x500 CMakeFiles/cgba-gint-gpsp.dir/Users/ryougi/Dev/cgba/.claude/worktrees/elegant-faraday-ea393c/vendor/gpsp/cpu_threaded.c.obj
 .text.sh4g_arm_ldst_native
                0x003112f0      0x444 CMakeFiles/cgba-gint-gpsp.dir/Users/ryougi/Dev/cgba/.claude/worktrees/elegant-faraday-ea393c/vendor/gpsp/cpu_threaded.c.obj
 .text.sh4g_arm_psr_native
                0x00311734      0x644 CMakeFiles/cgba-gint-gpsp.dir/Users/ryougi/Dev/cgba/.claude/worktrees/elegant-faraday-ea393c/vendor/gpsp/cpu_threaded.c.obj
 .text.sh4g_thumb_block_native
                0x00311d78      0xf9c CMakeFiles/cgba-gint-gpsp.dir/Users/ryougi/Dev/cgba/.claude/worktrees/elegant-faraday-ea393c/vendor/gpsp/cpu_threaded.c.obj
 .text.sh4g_arm_block_native
                0x00312d14      0x9dc CMakeFiles/cgba-gint-gpsp.dir/Users/ryougi/Dev/cgba/.claude/worktrees/elegant-faraday-ea393c/vendor/gpsp/cpu_threaded.c.obj
 .text.sh4g_arm_dp_native
                0x003136f0      0x674 CMakeFiles/cgba-gint-gpsp.dir/Users/ryougi/Dev/cgba/.claude/worktrees/elegant-faraday-ea393c/vendor/gpsp/cpu_threaded.c.obj
 .text.sh4g_thumb_dp_native
                0x00313d64      0x660 CMakeFiles/cgba-gint-gpsp.dir/Users/ryougi/Dev/cgba/.claude/worktrees/elegant-faraday-ea393c/vendor/gpsp/cpu_threaded.c.obj
 .text.cgba_sh4_prof_counter_for_key
                0x003143c4       0x8c CMakeFiles/cgba-gint-gpsp.dir/Users/ryougi/Dev/cgba/.claude/worktrees/elegant-faraday-ea393c/vendor/gpsp/cpu_threaded.c.obj
                0x003143c4                _cgba_sh4_prof_counter_for_key
 .text.cgba_sh4_prof_reset
                0x00314450       0x44 CMakeFiles/cgba-gint-gpsp.dir/Users/ryougi/Dev/cgba/.claude/worktrees/elegant-faraday-ea393c/vendor/gpsp/cpu_threaded.c.obj
                0x00314450                _cgba_sh4_prof_reset
 .text.translate_icache_sync
                0x00314494       0xc0 CMakeFiles/cgba-gint-gpsp.dir/Users/ryougi/Dev/cgba/.claude/worktrees/elegant-faraday-ea393c/vendor/gpsp/cpu_threaded.c.obj
                0x00314494                _translate_icache_sync
 .text.flush_translation_cache_ram
                0x00314554      0x13c CMakeFiles/cgba-gint-gpsp.dir/Users/ryougi/Dev/cgba/.claude/worktrees/elegant-faraday-ea393c/vendor/gpsp/cpu_threaded.c.obj
                0x00314554                _flush_translation_cache_ram
 .text.cgba_sh4_dump_rom_blockmap
                0x00314690      0x10c CMakeFiles/cgba-gint-gpsp.dir/Users/ryougi/Dev/cgba/.claude/worktrees/elegant-faraday-ea393c/vendor/gpsp/cpu_threaded.c.obj
                0x00314690                _cgba_sh4_dump_rom_blockmap
 .text.flush_translation_cache_rom
                0x0031479c       0x8c CMakeFiles/cgba-gint-gpsp.dir/Users/ryougi/Dev/cgba/.claude/worktrees/elegant-faraday-ea393c/vendor/gpsp/cpu_threaded.c.obj
                0x0031479c                _flush_translation_cache_rom
 .text.translate_block_arm
                0x00314828     0x5d0c CMakeFiles/cgba-gint-gpsp.dir/Users/ryougi/Dev/cgba/.claude/worktrees/elegant-faraday-ea393c/vendor/gpsp/cpu_threaded.c.obj
                0x00314828                _translate_block_arm
 .text.block_lookup_translate_arm
                0x0031a534      0x1bc CMakeFiles/cgba-gint-gpsp.dir/Users/ryougi/Dev/cgba/.claude/worktrees/elegant-faraday-ea393c/vendor/gpsp/cpu_threaded.c.obj
                0x0031a534                _block_lookup_translate_arm
 .text.translate_block_thumb
                0x0031a6f0     0x4e68 CMakeFiles/cgba-gint-gpsp.dir/Users/ryougi/Dev/cgba/.claude/worktrees/elegant-faraday-ea393c/vendor/gpsp/cpu_threaded.c.obj
                0x0031a6f0                _translate_block_thumb
 .text.block_lookup_translate_thumb
                0x0031f558      0x1b4 CMakeFiles/cgba-gint-gpsp.dir/Users/ryougi/Dev/cgba/.claude/worktrees/elegant-faraday-ea393c/vendor/gpsp/cpu_threaded.c.obj
                0x0031f558                _block_lookup_translate_thumb
 .text.block_lookup_address_thumb
                0x0031f70c       0xec CMakeFiles/cgba-gint-gpsp.dir/Users/ryougi/Dev/cgba/.claude/worktrees/elegant-faraday-ea393c/vendor/gpsp/cpu_threaded.c.obj
                0x0031f70c                _block_lookup_address_thumb
 .text.block_lookup_address_arm
                0x0031f7f8      0x17c CMakeFiles/cgba-gint-gpsp.dir/Users/ryougi/Dev/cgba/.claude/worktrees/elegant-faraday-ea393c/vendor/gpsp/cpu_threaded.c.obj
                0x0031f7f8                _block_lookup_address_arm
 .text.block_lookup_address_dual
                0x0031f974      0x130 CMakeFiles/cgba-gint-gpsp.dir/Users/ryougi/Dev/cgba/.claude/worktrees/elegant-faraday-ea393c/vendor/gpsp/cpu_threaded.c.obj
                0x0031f974                _block_lookup_address_dual
 .text.init_dynarec_caches
                0x0031faa4       0xd8 CMakeFiles/cgba-gint-gpsp.dir/Users/ryougi/Dev/cgba/.claude/worktrees/elegant-faraday-ea393c/vendor/gpsp/cpu_threaded.c.obj
                0x0031faa4                _init_dynarec_caches
 .text.flush_dynarec_caches
                0x0031fb7c       0x44 CMakeFiles/cgba-gint-gpsp.dir/Users/ryougi/Dev/cgba/.claude/worktrees/elegant-faraday-ea393c/vendor/gpsp/cpu_threaded.c.obj
                0x0031fb7c                _flush_dynarec_caches
 .text.cgba_sh4_helper_thumb_ldst_detail
                0x0031fbc0      0x1fc CMakeFiles/cgba-gint-gpsp.dir/Users/ryougi/Dev/cgba/.claude/worktrees/elegant-faraday-ea393c/ports/fxcg100/sh4/sh4_interp_helpers.c.obj
 .text.cgba_bulk_ram_host
                0x0031fdbc       0x98 CMakeFiles/cgba-gint-gpsp.dir/Users/ryougi/Dev/cgba/.claude/worktrees/elegant-faraday-ea393c/ports/fxcg100/sh4/sh4_interp_helpers.c.obj
 .text.sh4_rebank_and_irq
                0x0031fe54       0x78 CMakeFiles/cgba-gint-gpsp.dir/Users/ryougi/Dev/cgba/.claude/worktrees/elegant-faraday-ea393c/ports/fxcg100/sh4/sh4_interp_helpers.c.obj
 .text.cgba_bulk_cpuset
                0x0031fecc      0x2dc CMakeFiles/cgba-gint-gpsp.dir/Users/ryougi/Dev/cgba/.claude/worktrees/elegant-faraday-ea393c/ports/fxcg100/sh4/sh4_interp_helpers.c.obj
 .text.execute_store_u8
                0x003201a8       0xdc CMakeFiles/cgba-gint-gpsp.dir/Users/ryougi/Dev/cgba/.claude/worktrees/elegant-faraday-ea393c/ports/fxcg100/sh4/sh4_interp_helpers.c.obj
                0x003201a8                _execute_store_u8
 .text.execute_store_u16
                0x00320284       0xe0 CMakeFiles/cgba-gint-gpsp.dir/Users/ryougi/Dev/cgba/.claude/worktrees/elegant-faraday-ea393c/ports/fxcg100/sh4/sh4_interp_helpers.c.obj
                0x00320284                _execute_store_u16
 .text.execute_store_u32
                0x00320364       0xcc CMakeFiles/cgba-gint-gpsp.dir/Users/ryougi/Dev/cgba/.claude/worktrees/elegant-faraday-ea393c/ports/fxcg100/sh4/sh4_interp_helpers.c.obj
                0x00320364                _execute_store_u32
 .text.cgba_sh4_thumb_ldst
                0x00320430      0x42c CMakeFiles/cgba-gint-gpsp.dir/Users/ryougi/Dev/cgba/.claude/worktrees/elegant-faraday-ea393c/ports/fxcg100/sh4/sh4_interp_helpers.c.obj
                0x00320430                _cgba_sh4_thumb_ldst
 .text.cgba_sh4_thumb_block
                0x0032085c      0x320 CMakeFiles/cgba-gint-gpsp.dir/Users/ryougi/Dev/cgba/.claude/worktrees/elegant-faraday-ea393c/ports/fxcg100/sh4/sh4_interp_helpers.c.obj
                0x0032085c                _cgba_sh4_thumb_block
 .text.cgba_sh4_thumb_shift_reg
                0x00320b7c      0x17c CMakeFiles/cgba-gint-gpsp.dir/Users/ryougi/Dev/cgba/.claude/worktrees/elegant-faraday-ea393c/ports/fxcg100/sh4/sh4_interp_helpers.c.obj
                0x00320b7c                _cgba_sh4_thumb_shift_reg
 .text.cgba_sh4_thumb_shift_imm
                0x00320cf8      0x118 CMakeFiles/cgba-gint-gpsp.dir/Users/ryougi/Dev/cgba/.claude/worktrees/elegant-faraday-ea393c/ports/fxcg100/sh4/sh4_interp_helpers.c.obj
                0x00320cf8                _cgba_sh4_thumb_shift_imm
 .text.cgba_sh4_thumb_dp
                0x00320e10      0x6d0 CMakeFiles/cgba-gint-gpsp.dir/Users/ryougi/Dev/cgba/.claude/worktrees/elegant-faraday-ea393c/ports/fxcg100/sh4/sh4_interp_helpers.c.obj
                0x00320e10                _cgba_sh4_thumb_dp
 .text.cgba_sh4_arm_ldst
                0x003214e0      0x538 CMakeFiles/cgba-gint-gpsp.dir/Users/ryougi/Dev/cgba/.claude/worktrees/elegant-faraday-ea393c/ports/fxcg100/sh4/sh4_interp_helpers.c.obj
                0x003214e0                _cgba_sh4_arm_ldst
 .text.execute_spsr_restore
                0x00321a18       0x58 CMakeFiles/cgba-gint-gpsp.dir/Users/ryougi/Dev/cgba/.claude/worktrees/elegant-faraday-ea393c/ports/fxcg100/sh4/sh4_interp_helpers.c.obj
                0x00321a18                _execute_spsr_restore
 .text.cgba_sh4_arm_block
                0x00321a70      0x360 CMakeFiles/cgba-gint-gpsp.dir/Users/ryougi/Dev/cgba/.claude/worktrees/elegant-faraday-ea393c/ports/fxcg100/sh4/sh4_interp_helpers.c.obj
                0x00321a70                _cgba_sh4_arm_block
 .text.cgba_sh4_arm_dp
                0x00321dd0      0x524 CMakeFiles/cgba-gint-gpsp.dir/Users/ryougi/Dev/cgba/.claude/worktrees/elegant-faraday-ea393c/ports/fxcg100/sh4/sh4_interp_helpers.c.obj
                0x00321dd0                _cgba_sh4_arm_dp
 .text.cgba_sh4_arm_multiply
                0x003222f4       0x94 CMakeFiles/cgba-gint-gpsp.dir/Users/ryougi/Dev/cgba/.claude/worktrees/elegant-faraday-ea393c/ports/fxcg100/sh4/sh4_interp_helpers.c.obj
                0x003222f4                _cgba_sh4_arm_multiply
 .text.cgba_sh4_arm_multiply_long
                0x00322388       0xb8 CMakeFiles/cgba-gint-gpsp.dir/Users/ryougi/Dev/cgba/.claude/worktrees/elegant-faraday-ea393c/ports/fxcg100/sh4/sh4_interp_helpers.c.obj
                0x00322388                _cgba_sh4_arm_multiply_long
 .text.cgba_sh4_arm_psr
                0x00322440      0x1b4 CMakeFiles/cgba-gint-gpsp.dir/Users/ryougi/Dev/cgba/.claude/worktrees/elegant-faraday-ea393c/ports/fxcg100/sh4/sh4_interp_helpers.c.obj
                0x00322440                _cgba_sh4_arm_psr
 .text.cgba_sh4_arm_swap
                0x003225f4      0x110 CMakeFiles/cgba-gint-gpsp.dir/Users/ryougi/Dev/cgba/.claude/worktrees/elegant-faraday-ea393c/ports/fxcg100/sh4/sh4_interp_helpers.c.obj
                0x003225f4                _cgba_sh4_arm_swap
 .text.cgba_sh4_hle_div
                0x00322704       0x44 CMakeFiles/cgba-gint-gpsp.dir/Users/ryougi/Dev/cgba/.claude/worktrees/elegant-faraday-ea393c/ports/fxcg100/sh4/sh4_interp_helpers.c.obj
                0x00322704                _cgba_sh4_hle_div
 .text.sh4_swi_handler
                0x00322748       0x4c CMakeFiles/cgba-gint-gpsp.dir/Users/ryougi/Dev/cgba/.claude/worktrees/elegant-faraday-ea393c/ports/fxcg100/sh4/sh4_interp_helpers.c.obj
                0x00322748                _sh4_swi_handler
 .text.cgba_hle_bios_irq_entry
                0x00322794      0x130 CMakeFiles/cgba-gint-gpsp.dir/Users/ryougi/Dev/cgba/.claude/worktrees/elegant-faraday-ea393c/ports/fxcg100/sh4/sh4_interp_helpers.c.obj
                0x00322794                _cgba_hle_bios_irq_entry
 .text.cgba_hle_bios_irq_exit
                0x003228c4      0x29c CMakeFiles/cgba-gint-gpsp.dir/Users/ryougi/Dev/cgba/.claude/worktrees/elegant-faraday-ea393c/ports/fxcg100/sh4/sh4_interp_helpers.c.obj
                0x003228c4                _cgba_hle_bios_irq_exit
 .text.cgba_sh4_bios_fallback
                0x00322b60     0x1070 CMakeFiles/cgba-gint-gpsp.dir/Users/ryougi/Dev/cgba/.claude/worktrees/elegant-faraday-ea393c/ports/fxcg100/sh4/sh4_interp_helpers.c.obj
                0x00322b60                _cgba_sh4_bios_fallback
 .text.cgba_sh4_cold_interp
                0x00323bd0       0xe0 CMakeFiles/cgba-gint-gpsp.dir/Users/ryougi/Dev/cgba/.claude/worktrees/elegant-faraday-ea393c/ports/fxcg100/sh4/sh4_interp_helpers.c.obj
                0x00323bd0                _cgba_sh4_cold_interp
 .text.init_emitter
                0x00323cb0        0x4 CMakeFiles/cgba-gint-gpsp.dir/Users/ryougi/Dev/cgba/.claude/worktrees/elegant-faraday-ea393c/ports/fxcg100/sh4/sh4_interp_helpers.c.obj
                0x00323cb0                _init_emitter
 .text.execute_arm_translate
                0x00323cb4       0x10 CMakeFiles/cgba-gint-gpsp.dir/Users/ryougi/Dev/cgba/.claude/worktrees/elegant-faraday-ea393c/ports/fxcg100/sh4/sh4_interp_helpers.c.obj
                0x00323cb4                _execute_arm_translate
 .text.sh4g_const
                0x00323cc4      0x258 CMakeFiles/cgba-gint-gpsp.dir/Users/ryougi/Dev/cgba/.claude/worktrees/elegant-faraday-ea393c/ports/fxcg100/sh4/sh4_fastmem.c.obj
 .text.sh4g_fastmem_emit_block_routine
                0x00323f1c      0x7ac CMakeFiles/cgba-gint-gpsp.dir/Users/ryougi/Dev/cgba/.claude/worktrees/elegant-faraday-ea393c/ports/fxcg100/sh4/sh4_fastmem.c.obj
 .text.sh4g_fastmem_emit_routine
                0x003246c8      0xcbc CMakeFiles/cgba-gint-gpsp.dir/Users/ryougi/Dev/cgba/.claude/worktrees/elegant-faraday-ea393c/ports/fxcg100/sh4/sh4_fastmem.c.obj
 .text.cgba_sh4_fastmem_init
                0x00325384      0x4a8 CMakeFiles/cgba-gint-gpsp.dir/Users/ryougi/Dev/cgba/.claude/worktrees/elegant-faraday-ea393c/ports/fxcg100/sh4/sh4_fastmem.c.obj
                0x00325384                _cgba_sh4_fastmem_init
 .text.cgba_sh4_checkpoint_buffer
                0x0032582c        0xc CMakeFiles/cgba-gint-gpsp.dir/Users/ryougi/Dev/cgba/.claude/worktrees/elegant-faraday-ea393c/ports/fxcg100/sh4/sh4_diff_harness.c.obj
                0x0032582c                _cgba_sh4_checkpoint_buffer
 .text.cgba_sh4_checkpoint_size
                0x00325838        0xc CMakeFiles/cgba-gint-gpsp.dir/Users/ryougi/Dev/cgba/.claude/worktrees/elegant-faraday-ea393c/ports/fxcg100/sh4/sh4_diff_harness.c.obj
                0x00325838                _cgba_sh4_checkpoint_size
 .text.cgba_sh4_checkpoint_restore
                0x00325844       0x18 CMakeFiles/cgba-gint-gpsp.dir/Users/ryougi/Dev/cgba/.claude/worktrees/elegant-faraday-ea393c/ports/fxcg100/sh4/sh4_diff_harness.c.obj
                0x00325844                _cgba_sh4_checkpoint_restore
 .text.cgba_sh4_diff_regions
                0x0032585c      0x41c CMakeFiles/cgba-gint-gpsp.dir/Users/ryougi/Dev/cgba/.claude/worktrees/elegant-faraday-ea393c/ports/fxcg100/sh4/sh4_diff_harness.c.obj
                0x0032585c                _cgba_sh4_diff_regions
 .text._Z20exec_thumb_block_memIL7AccMode0EL8AddrMode2EEhjjRi.isra.0
                0x00325c78      0x138 CMakeFiles/cgba-gint-gpsp.dir/Users/ryougi/Dev/cgba/.claude/worktrees/elegant-faraday-ea393c/vendor/gpsp/cpu.cc.obj
 .text.set_cpu_mode
                0x00325db0       0xcc CMakeFiles/cgba-gint-gpsp.dir/Users/ryougi/Dev/cgba/.claude/worktrees/elegant-faraday-ea393c/vendor/gpsp/cpu.cc.obj
                0x00325db0                _set_cpu_mode
 .text.check_interrupt
                0x00325e7c       0x34 CMakeFiles/cgba-gint-gpsp.dir/Users/ryougi/Dev/cgba/.claude/worktrees/elegant-faraday-ea393c/vendor/gpsp/cpu.cc.obj
                0x00325e7c                _check_interrupt
 .text.check_and_raise_interrupts
                0x00325eb0       0x94 CMakeFiles/cgba-gint-gpsp.dir/Users/ryougi/Dev/cgba/.claude/worktrees/elegant-faraday-ea393c/vendor/gpsp/cpu.cc.obj
                0x00325eb0                _check_and_raise_interrupts
 .text.flag_interrupt
                0x00325f44       0x40 CMakeFiles/cgba-gint-gpsp.dir/Users/ryougi/Dev/cgba/.claude/worktrees/elegant-faraday-ea393c/vendor/gpsp/cpu.cc.obj
                0x00325f44                _flag_interrupt
 .text.execute_arm
                0x00325f84    0x12cdc CMakeFiles/cgba-gint-gpsp.dir/Users/ryougi/Dev/cgba/.claude/worktrees/elegant-faraday-ea393c/vendor/gpsp/cpu.cc.obj
                0x00325f84                _execute_arm
 .text.init_cpu
                0x00338c60       0xc4 CMakeFiles/cgba-gint-gpsp.dir/Users/ryougi/Dev/cgba/.claude/worktrees/elegant-faraday-ea393c/vendor/gpsp/cpu.cc.obj
                0x00338c60                _init_cpu
 .text.cpu_check_savestate
                0x00338d24       0x74 CMakeFiles/cgba-gint-gpsp.dir/Users/ryougi/Dev/cgba/.claude/worktrees/elegant-faraday-ea393c/vendor/gpsp/cpu.cc.obj
                0x00338d24                _cpu_check_savestate
 .text.cpu_read_savestate
                0x00338d98       0x90 CMakeFiles/cgba-gint-gpsp.dir/Users/ryougi/Dev/cgba/.claude/worktrees/elegant-faraday-ea393c/vendor/gpsp/cpu.cc.obj
                0x00338d98                _cpu_read_savestate
 .text.cpu_write_savestate
                0x00338e28      0x2c0 CMakeFiles/cgba-gint-gpsp.dir/Users/ryougi/Dev/cgba/.claude/worktrees/elegant-faraday-ea393c/vendor/gpsp/cpu.cc.obj
                0x00338e28                _cpu_write_savestate
 .text._Z22render_scanline_bitmapIL8rendtype1EjLj5EtLj160ELj128EL11bm_rendmode2ELb1EEvjjPvPKt
                0x003390e8      0x11c CMakeFiles/cgba-gint-gpsp.dir/Users/ryougi/Dev/cgba/.claude/worktrees/elegant-faraday-ea393c/vendor/gpsp/video.cc.obj
 .text._Z22render_scanline_bitmapIL8rendtype1EjLj5EtLj160ELj128EL11bm_rendmode1ELb1EEvjjPvPKt
                0x00339204      0x10c CMakeFiles/cgba-gint-gpsp.dir/Users/ryougi/Dev/cgba/.claude/worktrees/elegant-faraday-ea393c/vendor/gpsp/video.cc.obj
 .text._Z22render_scanline_bitmapIL8rendtype1EjLj5EtLj160ELj128EL11bm_rendmode0ELb1EEvjjPvPKt
                0x00339310       0xf8 CMakeFiles/cgba-gint-gpsp.dir/Users/ryougi/Dev/cgba/.claude/worktrees/elegant-faraday-ea393c/vendor/gpsp/video.cc.obj
 .text._Z22render_scanline_bitmapIL8rendtype1EjLj5EtLj160ELj128EL11bm_rendmode2ELb0EEvjjPvPKt
                0x00339408       0xf8 CMakeFiles/cgba-gint-gpsp.dir/Users/ryougi/Dev/cgba/.claude/worktrees/elegant-faraday-ea393c/vendor/gpsp/video.cc.obj
 .text._Z22render_scanline_bitmapIL8rendtype1EjLj5EtLj160ELj128EL11bm_rendmode1ELb0EEvjjPvPKt
                0x00339500       0xec CMakeFiles/cgba-gint-gpsp.dir/Users/ryougi/Dev/cgba/.claude/worktrees/elegant-faraday-ea393c/vendor/gpsp/video.cc.obj
 .text._Z22render_scanline_bitmapIL8rendtype1EjLj5EtLj160ELj128EL11bm_rendmode0ELb0EEvjjPvPKt
                0x003395ec       0xe4 CMakeFiles/cgba-gint-gpsp.dir/Users/ryougi/Dev/cgba/.claude/worktrees/elegant-faraday-ea393c/vendor/gpsp/video.cc.obj
 .text._Z22render_scanline_bitmapIL8rendtype1EjLj4EhLj240ELj160EL11bm_rendmode2ELb1EEvjjPvPKt
                0x003396d0      0x120 CMakeFiles/cgba-gint-gpsp.dir/Users/ryougi/Dev/cgba/.claude/worktrees/elegant-faraday-ea393c/vendor/gpsp/video.cc.obj
 .text._Z22render_scanline_bitmapIL8rendtype1EjLj4EhLj240ELj160EL11bm_rendmode1ELb1EEvjjPvPKt
                0x003397f0      0x108 CMakeFiles/cgba-gint-gpsp.dir/Users/ryougi/Dev/cgba/.claude/worktrees/elegant-faraday-ea393c/vendor/gpsp/video.cc.obj
 .text._Z22render_scanline_bitmapIL8rendtype1EjLj4EhLj240ELj160EL11bm_rendmode0ELb1EEvjjPvPKt
                0x003398f8       0xf4 CMakeFiles/cgba-gint-gpsp.dir/Users/ryougi/Dev/cgba/.claude/worktrees/elegant-faraday-ea393c/vendor/gpsp/video.cc.obj
 .text._Z22render_scanline_bitmapIL8rendtype1EjLj4EhLj240ELj160EL11bm_rendmode2ELb0EEvjjPvPKt
                0x003399ec      0x104 CMakeFiles/cgba-gint-gpsp.dir/Users/ryougi/Dev/cgba/.claude/worktrees/elegant-faraday-ea393c/vendor/gpsp/video.cc.obj
 .text._Z22render_scanline_bitmapIL8rendtype1EjLj4EhLj240ELj160EL11bm_rendmode1ELb0EEvjjPvPKt
                0x00339af0       0xf0 CMakeFiles/cgba-gint-gpsp.dir/Users/ryougi/Dev/cgba/.claude/worktrees/elegant-faraday-ea393c/vendor/gpsp/video.cc.obj
 .text._Z22render_scanline_bitmapIL8rendtype1EjLj4EhLj240ELj160EL11bm_rendmode0ELb0EEvjjPvPKt
                0x00339be0       0xdc CMakeFiles/cgba-gint-gpsp.dir/Users/ryougi/Dev/cgba/.claude/worktrees/elegant-faraday-ea393c/vendor/gpsp/video.cc.obj
 .text._Z22render_scanline_bitmapIL8rendtype1EjLj3EtLj240ELj160EL11bm_rendmode2ELb1EEvjjPvPKt
                0x00339cbc      0x100 CMakeFiles/cgba-gint-gpsp.dir/Users/ryougi/Dev/cgba/.claude/worktrees/elegant-faraday-ea393c/vendor/gpsp/video.cc.obj
 .text._Z22render_scanline_bitmapIL8rendtype1EjLj3EtLj240ELj160EL11bm_rendmode1ELb1EEvjjPvPKt
                0x00339dbc       0xf0 CMakeFiles/cgba-gint-gpsp.dir/Users/ryougi/Dev/cgba/.claude/worktrees/elegant-faraday-ea393c/vendor/gpsp/video.cc.obj
 .text._Z22render_scanline_bitmapIL8rendtype1EjLj3EtLj240ELj160EL11bm_rendmode0ELb1EEvjjPvPKt
                0x00339eac       0xd4 CMakeFiles/cgba-gint-gpsp.dir/Users/ryougi/Dev/cgba/.claude/worktrees/elegant-faraday-ea393c/vendor/gpsp/video.cc.obj
 .text._Z22render_scanline_bitmapIL8rendtype1EjLj3EtLj240ELj160EL11bm_rendmode2ELb0EEvjjPvPKt
                0x00339f80       0xe4 CMakeFiles/cgba-gint-gpsp.dir/Users/ryougi/Dev/cgba/.claude/worktrees/elegant-faraday-ea393c/vendor/gpsp/video.cc.obj
 .text._Z22render_scanline_bitmapIL8rendtype1EjLj3EtLj240ELj160EL11bm_rendmode1ELb0EEvjjPvPKt
                0x0033a064       0xd4 CMakeFiles/cgba-gint-gpsp.dir/Users/ryougi/Dev/cgba/.claude/worktrees/elegant-faraday-ea393c/vendor/gpsp/video.cc.obj
 .text._Z22render_scanline_bitmapIL8rendtype1EjLj3EtLj240ELj160EL11bm_rendmode0ELb0EEvjjPvPKt
                0x0033a138       0xb0 CMakeFiles/cgba-gint-gpsp.dir/Users/ryougi/Dev/cgba/.claude/worktrees/elegant-faraday-ea393c/vendor/gpsp/video.cc.obj
 .text._Z22render_scanline_bitmapIL8rendtype0EtLj5EtLj160ELj128EL11bm_rendmode2ELb1EEvjjPvPKt
                0x0033a1e8      0x11c CMakeFiles/cgba-gint-gpsp.dir/Users/ryougi/Dev/cgba/.claude/worktrees/elegant-faraday-ea393c/vendor/gpsp/video.cc.obj
 .text._Z22render_scanline_bitmapIL8rendtype0EtLj5EtLj160ELj128EL11bm_rendmode1ELb1EEvjjPvPKt
                0x0033a304      0x10c CMakeFiles/cgba-gint-gpsp.dir/Users/ryougi/Dev/cgba/.claude/worktrees/elegant-faraday-ea393c/vendor/gpsp/video.cc.obj
 .text._Z22render_scanline_bitmapIL8rendtype0EtLj5EtLj160ELj128EL11bm_rendmode0ELb1EEvjjPvPKt
                0x0033a410       0xf8 CMakeFiles/cgba-gint-gpsp.dir/Users/ryougi/Dev/cgba/.claude/worktrees/elegant-faraday-ea393c/vendor/gpsp/video.cc.obj
 .text._Z22render_scanline_bitmapIL8rendtype0EtLj5EtLj160ELj128EL11bm_rendmode2ELb0EEvjjPvPKt
                0x0033a508       0xf8 CMakeFiles/cgba-gint-gpsp.dir/Users/ryougi/Dev/cgba/.claude/worktrees/elegant-faraday-ea393c/vendor/gpsp/video.cc.obj
 .text._Z22render_scanline_bitmapIL8rendtype0EtLj5EtLj160ELj128EL11bm_rendmode1ELb0EEvjjPvPKt
                0x0033a600       0xe8 CMakeFiles/cgba-gint-gpsp.dir/Users/ryougi/Dev/cgba/.claude/worktrees/elegant-faraday-ea393c/vendor/gpsp/video.cc.obj
 .text._Z22render_scanline_bitmapIL8rendtype0EtLj5EtLj160ELj128EL11bm_rendmode0ELb0EEvjjPvPKt
                0x0033a6e8       0xe0 CMakeFiles/cgba-gint-gpsp.dir/Users/ryougi/Dev/cgba/.claude/worktrees/elegant-faraday-ea393c/vendor/gpsp/video.cc.obj
 .text._Z22render_scanline_bitmapIL8rendtype0EtLj4EhLj240ELj160EL11bm_rendmode2ELb1EEvjjPvPKt
                0x0033a7c8      0x10c CMakeFiles/cgba-gint-gpsp.dir/Users/ryougi/Dev/cgba/.claude/worktrees/elegant-faraday-ea393c/vendor/gpsp/video.cc.obj
 .text._Z22render_scanline_bitmapIL8rendtype0EtLj4EhLj240ELj160EL11bm_rendmode1ELb1EEvjjPvPKt
                0x0033a8d4       0xec CMakeFiles/cgba-gint-gpsp.dir/Users/ryougi/Dev/cgba/.claude/worktrees/elegant-faraday-ea393c/vendor/gpsp/video.cc.obj
 .text._Z22render_scanline_bitmapIL8rendtype0EtLj4EhLj240ELj160EL11bm_rendmode0ELb1EEvjjPvPKt
                0x0033a9c0       0xe0 CMakeFiles/cgba-gint-gpsp.dir/Users/ryougi/Dev/cgba/.claude/worktrees/elegant-faraday-ea393c/vendor/gpsp/video.cc.obj
 .text._Z22render_scanline_bitmapIL8rendtype0EtLj4EhLj240ELj160EL11bm_rendmode2ELb0EEvjjPvPKt
                0x0033aaa0       0xec CMakeFiles/cgba-gint-gpsp.dir/Users/ryougi/Dev/cgba/.claude/worktrees/elegant-faraday-ea393c/vendor/gpsp/video.cc.obj
 .text._Z22render_scanline_bitmapIL8rendtype0EtLj4EhLj240ELj160EL11bm_rendmode1ELb0EEvjjPvPKt
                0x0033ab8c       0xcc CMakeFiles/cgba-gint-gpsp.dir/Users/ryougi/Dev/cgba/.claude/worktrees/elegant-faraday-ea393c/vendor/gpsp/video.cc.obj
 .text._Z22render_scanline_bitmapIL8rendtype0EtLj4EhLj240ELj160EL11bm_rendmode0ELb0EEvjjPvPKt
                0x0033ac58      0x108 CMakeFiles/cgba-gint-gpsp.dir/Users/ryougi/Dev/cgba/.claude/worktrees/elegant-faraday-ea393c/vendor/gpsp/video.cc.obj
 .text._Z22render_scanline_bitmapIL8rendtype0EtLj3EtLj240ELj160EL11bm_rendmode2ELb1EEvjjPvPKt
                0x0033ad60      0x100 CMakeFiles/cgba-gint-gpsp.dir/Users/ryougi/Dev/cgba/.claude/worktrees/elegant-faraday-ea393c/vendor/gpsp/video.cc.obj
 .text._Z22render_scanline_bitmapIL8rendtype0EtLj3EtLj240ELj160EL11bm_rendmode1ELb1EEvjjPvPKt
                0x0033ae60       0xf0 CMakeFiles/cgba-gint-gpsp.dir/Users/ryougi/Dev/cgba/.claude/worktrees/elegant-faraday-ea393c/vendor/gpsp/video.cc.obj
 .text._Z22render_scanline_bitmapIL8rendtype0EtLj3EtLj240ELj160EL11bm_rendmode0ELb1EEvjjPvPKt
                0x0033af50       0xd4 CMakeFiles/cgba-gint-gpsp.dir/Users/ryougi/Dev/cgba/.claude/worktrees/elegant-faraday-ea393c/vendor/gpsp/video.cc.obj
 .text._Z22render_scanline_bitmapIL8rendtype0EtLj3EtLj240ELj160EL11bm_rendmode2ELb0EEvjjPvPKt
                0x0033b024       0xe0 CMakeFiles/cgba-gint-gpsp.dir/Users/ryougi/Dev/cgba/.claude/worktrees/elegant-faraday-ea393c/vendor/gpsp/video.cc.obj
 .text._Z22render_scanline_bitmapIL8rendtype0EtLj3EtLj240ELj160EL11bm_rendmode1ELb0EEvjjPvPKt
                0x0033b104       0xd4 CMakeFiles/cgba-gint-gpsp.dir/Users/ryougi/Dev/cgba/.claude/worktrees/elegant-faraday-ea393c/vendor/gpsp/video.cc.obj
 .text._Z22render_scanline_bitmapIL8rendtype0EtLj3EtLj240ELj160EL11bm_rendmode0ELb0EEvjjPvPKt
                0x0033b1d8       0xb0 CMakeFiles/cgba-gint-gpsp.dir/Users/ryougi/Dev/cgba/.claude/worktrees/elegant-faraday-ea393c/vendor/gpsp/video.cc.obj
 .text._Z22render_scanline_bitmapIL8rendtype1EtLj4EhLj240ELj160EL11bm_rendmode2ELb1EEvjjPvPKt
                0x0033b288      0x124 CMakeFiles/cgba-gint-gpsp.dir/Users/ryougi/Dev/cgba/.claude/worktrees/elegant-faraday-ea393c/vendor/gpsp/video.cc.obj
 .text._Z22render_scanline_bitmapIL8rendtype1EtLj4EhLj240ELj160EL11bm_rendmode1ELb1EEvjjPvPKt
                0x0033b3ac      0x104 CMakeFiles/cgba-gint-gpsp.dir/Users/ryougi/Dev/cgba/.claude/worktrees/elegant-faraday-ea393c/vendor/gpsp/video.cc.obj
 .text._Z22render_scanline_bitmapIL8rendtype1EtLj4EhLj240ELj160EL11bm_rendmode0ELb1EEvjjPvPKt
                0x0033b4b0       0xf8 CMakeFiles/cgba-gint-gpsp.dir/Users/ryougi/Dev/cgba/.claude/worktrees/elegant-faraday-ea393c/vendor/gpsp/video.cc.obj
 .text._Z22render_scanline_bitmapIL8rendtype1EtLj4EhLj240ELj160EL11bm_rendmode2ELb0EEvjjPvPKt
                0x0033b5a8      0x114 CMakeFiles/cgba-gint-gpsp.dir/Users/ryougi/Dev/cgba/.claude/worktrees/elegant-faraday-ea393c/vendor/gpsp/video.cc.obj
 .text._Z22render_scanline_bitmapIL8rendtype1EtLj4EhLj240ELj160EL11bm_rendmode1ELb0EEvjjPvPKt
                0x0033b6bc       0xec CMakeFiles/cgba-gint-gpsp.dir/Users/ryougi/Dev/cgba/.claude/worktrees/elegant-faraday-ea393c/vendor/gpsp/video.cc.obj
 .text._Z22render_scanline_bitmapIL8rendtype1EtLj4EhLj240ELj160EL11bm_rendmode0ELb0EEvjjPvPKt
                0x0033b7a8       0xdc CMakeFiles/cgba-gint-gpsp.dir/Users/ryougi/Dev/cgba/.claude/worktrees/elegant-faraday-ea393c/vendor/gpsp/video.cc.obj
 .text._Z22render_scanline_affineIjL8rendtype1ELb0EEvjjjPvPKt
                0x0033b884       0xb4 CMakeFiles/cgba-gint-gpsp.dir/Users/ryougi/Dev/cgba/.claude/worktrees/elegant-faraday-ea393c/vendor/gpsp/video.cc.obj
 .text._Z22render_scanline_affineIjL8rendtype1ELb1EEvjjjPvPKt
                0x0033b938       0xb4 CMakeFiles/cgba-gint-gpsp.dir/Users/ryougi/Dev/cgba/.claude/worktrees/elegant-faraday-ea393c/vendor/gpsp/video.cc.obj
 .text._Z22render_scanline_affineIjL8rendtype2ELb0EEvjjjPvPKt
                0x0033b9ec       0xb4 CMakeFiles/cgba-gint-gpsp.dir/Users/ryougi/Dev/cgba/.claude/worktrees/elegant-faraday-ea393c/vendor/gpsp/video.cc.obj
 .text._Z22render_scanline_affineIjL8rendtype2ELb1EEvjjjPvPKt
                0x0033baa0       0xb4 CMakeFiles/cgba-gint-gpsp.dir/Users/ryougi/Dev/cgba/.claude/worktrees/elegant-faraday-ea393c/vendor/gpsp/video.cc.obj
 .text._Z22render_scanline_affineItL8rendtype1ELb0EEvjjjPvPKt
                0x0033bb54       0xb4 CMakeFiles/cgba-gint-gpsp.dir/Users/ryougi/Dev/cgba/.claude/worktrees/elegant-faraday-ea393c/vendor/gpsp/video.cc.obj
 .text._Z22render_scanline_affineItL8rendtype1ELb1EEvjjjPvPKt
                0x0033bc08       0xb4 CMakeFiles/cgba-gint-gpsp.dir/Users/ryougi/Dev/cgba/.claude/worktrees/elegant-faraday-ea393c/vendor/gpsp/video.cc.obj
 .text._Z24render_affine_backgroundItL8rendtype1ELb1ELb0ELb0ELb1EEvjjjPKhjS2_PvPKt
                0x0033bcbc      0x17c CMakeFiles/cgba-gint-gpsp.dir/Users/ryougi/Dev/cgba/.claude/worktrees/elegant-faraday-ea393c/vendor/gpsp/video.cc.obj
 .text._Z22render_scanline_affineItL8rendtype0ELb0EEvjjjPvPKt
                0x0033be38       0xb4 CMakeFiles/cgba-gint-gpsp.dir/Users/ryougi/Dev/cgba/.claude/worktrees/elegant-faraday-ea393c/vendor/gpsp/video.cc.obj
 .text._Z22render_scanline_affineItL8rendtype0ELb1EEvjjjPvPKt
                0x0033beec       0xb4 CMakeFiles/cgba-gint-gpsp.dir/Users/ryougi/Dev/cgba/.claude/worktrees/elegant-faraday-ea393c/vendor/gpsp/video.cc.obj
 .text._ZL16render_w_effectsjjPtjPK19layer_render_struct
                0x0033bfa0      0x9dc CMakeFiles/cgba-gint-gpsp.dir/Users/ryougi/Dev/cgba/.claude/worktrees/elegant-faraday-ea393c/vendor/gpsp/video.cc.obj
 .text._ZL9order_objj
                0x0033c97c      0x27c CMakeFiles/cgba-gint-gpsp.dir/Users/ryougi/Dev/cgba/.claude/worktrees/elegant-faraday-ea393c/vendor/gpsp/video.cc.obj
 .text._Z22render_scanline_bitmapIL8rendtype2EjLj4EhLj240ELj160EL11bm_rendmode0ELb0EEvjjPvPKt
                0x0033cbf8       0xe8 CMakeFiles/cgba-gint-gpsp.dir/Users/ryougi/Dev/cgba/.claude/worktrees/elegant-faraday-ea393c/vendor/gpsp/video.cc.obj
 .text._Z13render_objectIjL8rendtype1ELb1ELb0EEvijPT_jjtPKt.constprop.0.isra.0
                0x0033cce0      0x17c CMakeFiles/cgba-gint-gpsp.dir/Users/ryougi/Dev/cgba/.claude/worktrees/elegant-faraday-ea393c/vendor/gpsp/video.cc.obj
 .text._Z13render_objectItL8rendtype0ELb1ELb0EEvijPT_jjtPKt.constprop.0.isra.0
                0x0033ce5c      0x170 CMakeFiles/cgba-gint-gpsp.dir/Users/ryougi/Dev/cgba/.claude/worktrees/elegant-faraday-ea393c/vendor/gpsp/video.cc.obj
 .text._Z13render_objectItL8rendtype1ELb1ELb0EEvijPT_jjtPKt.constprop.0.isra.0
                0x0033cfcc      0x17c CMakeFiles/cgba-gint-gpsp.dir/Users/ryougi/Dev/cgba/.claude/worktrees/elegant-faraday-ea393c/vendor/gpsp/video.cc.obj
 .text._Z13render_objectItL8rendtype3ELb1ELb0EEvijPT_jjtPKt.constprop.0.isra.0
                0x0033d148      0x174 CMakeFiles/cgba-gint-gpsp.dir/Users/ryougi/Dev/cgba/.claude/worktrees/elegant-faraday-ea393c/vendor/gpsp/video.cc.obj
 .text._Z13render_objectItL8rendtype3ELb1ELb1EEvijPT_jjtPKt.constprop.0.isra.0
                0x0033d2bc      0x1b8 CMakeFiles/cgba-gint-gpsp.dir/Users/ryougi/Dev/cgba/.claude/worktrees/elegant-faraday-ea393c/vendor/gpsp/video.cc.obj
 .text._Z22render_scanline_bitmapIL8rendtype2EjLj4EhLj240ELj160EL11bm_rendmode2ELb1EEvjjPvPKt
                0x0033d474      0x124 CMakeFiles/cgba-gint-gpsp.dir/Users/ryougi/Dev/cgba/.claude/worktrees/elegant-faraday-ea393c/vendor/gpsp/video.cc.obj
 .text._Z22render_scanline_bitmapIL8rendtype2EjLj4EhLj240ELj160EL11bm_rendmode1ELb1EEvjjPvPKt
                0x0033d598      0x114 CMakeFiles/cgba-gint-gpsp.dir/Users/ryougi/Dev/cgba/.claude/worktrees/elegant-faraday-ea393c/vendor/gpsp/video.cc.obj
 .text._Z22render_scanline_bitmapIL8rendtype2EjLj4EhLj240ELj160EL11bm_rendmode0ELb1EEvjjPvPKt
                0x0033d6ac       0xfc CMakeFiles/cgba-gint-gpsp.dir/Users/ryougi/Dev/cgba/.claude/worktrees/elegant-faraday-ea393c/vendor/gpsp/video.cc.obj
 .text._Z22render_scanline_bitmapIL8rendtype2EjLj4EhLj240ELj160EL11bm_rendmode2ELb0EEvjjPvPKt
                0x0033d7a8      0x108 CMakeFiles/cgba-gint-gpsp.dir/Users/ryougi/Dev/cgba/.claude/worktrees/elegant-faraday-ea393c/vendor/gpsp/video.cc.obj
 .text._Z22render_scanline_bitmapIL8rendtype2EjLj4EhLj240ELj160EL11bm_rendmode1ELb0EEvjjPvPKt
                0x0033d8b0       0xf4 CMakeFiles/cgba-gint-gpsp.dir/Users/ryougi/Dev/cgba/.claude/worktrees/elegant-faraday-ea393c/vendor/gpsp/video.cc.obj
 .text._Z13render_objectItL8rendtype1ELb1ELb1EEvijPT_jjtPKt.constprop.0.isra.0
                0x0033d9a4      0x1b4 CMakeFiles/cgba-gint-gpsp.dir/Users/ryougi/Dev/cgba/.claude/worktrees/elegant-faraday-ea393c/vendor/gpsp/video.cc.obj
 .text._Z13render_objectItL8rendtype0ELb1ELb1EEvijPT_jjtPKt.constprop.0.isra.0
                0x0033db58      0x19c CMakeFiles/cgba-gint-gpsp.dir/Users/ryougi/Dev/cgba/.claude/worktrees/elegant-faraday-ea393c/vendor/gpsp/video.cc.obj
 .text._Z13render_objectIjL8rendtype1ELb1ELb1EEvijPT_jjtPKt.constprop.0.isra.0
                0x0033dcf4      0x19c CMakeFiles/cgba-gint-gpsp.dir/Users/ryougi/Dev/cgba/.claude/worktrees/elegant-faraday-ea393c/vendor/gpsp/video.cc.obj
 .text._Z13render_objectItL8rendtype3ELb0ELb0EEvijPT_jjtPKt.isra.0
                0x0033de90      0x178 CMakeFiles/cgba-gint-gpsp.dir/Users/ryougi/Dev/cgba/.claude/worktrees/elegant-faraday-ea393c/vendor/gpsp/video.cc.obj
 .text._Z13render_objectItL8rendtype3ELb0ELb1EEvijPT_jjtPKt.isra.0
                0x0033e008      0x18c CMakeFiles/cgba-gint-gpsp.dir/Users/ryougi/Dev/cgba/.claude/worktrees/elegant-faraday-ea393c/vendor/gpsp/video.cc.obj
 .text._Z13render_objectIjL8rendtype1ELb0ELb0EEvijPT_jjtPKt.isra.0
                0x0033e194      0x1a8 CMakeFiles/cgba-gint-gpsp.dir/Users/ryougi/Dev/cgba/.claude/worktrees/elegant-faraday-ea393c/vendor/gpsp/video.cc.obj
 .text._Z13render_objectItL8rendtype1ELb0ELb0EEvijPT_jjtPKt.isra.0
                0x0033e33c      0x1b0 CMakeFiles/cgba-gint-gpsp.dir/Users/ryougi/Dev/cgba/.claude/worktrees/elegant-faraday-ea393c/vendor/gpsp/video.cc.obj
 .text._Z13render_objectItL8rendtype0ELb0ELb0EEvijPT_jjtPKt.isra.0
                0x0033e4ec      0x1b0 CMakeFiles/cgba-gint-gpsp.dir/Users/ryougi/Dev/cgba/.claude/worktrees/elegant-faraday-ea393c/vendor/gpsp/video.cc.obj
 .text._Z13render_objectIjL8rendtype1ELb0ELb1EEvijPT_jjtPKt.isra.0
                0x0033e69c      0x1c8 CMakeFiles/cgba-gint-gpsp.dir/Users/ryougi/Dev/cgba/.claude/worktrees/elegant-faraday-ea393c/vendor/gpsp/video.cc.obj
 .text._Z20render_scanline_objsIjL8rendtype1EEvjjjPvPKt.isra.0
                0x0033e864     0x12bc CMakeFiles/cgba-gint-gpsp.dir/Users/ryougi/Dev/cgba/.claude/worktrees/elegant-faraday-ea393c/vendor/gpsp/video.cc.obj
 .text._Z13render_objectItL8rendtype1ELb0ELb1EEvijPT_jjtPKt.isra.0
                0x0033fb20      0x1bc CMakeFiles/cgba-gint-gpsp.dir/Users/ryougi/Dev/cgba/.claude/worktrees/elegant-faraday-ea393c/vendor/gpsp/video.cc.obj
 .text._Z20render_scanline_objsItL8rendtype1EEvjjjPvPKt.isra.0
                0x0033fcdc     0x12dc CMakeFiles/cgba-gint-gpsp.dir/Users/ryougi/Dev/cgba/.claude/worktrees/elegant-faraday-ea393c/vendor/gpsp/video.cc.obj
 .text._Z13render_objectItL8rendtype0ELb0ELb1EEvijPT_jjtPKt.isra.0
                0x00340fb8      0x1bc CMakeFiles/cgba-gint-gpsp.dir/Users/ryougi/Dev/cgba/.claude/worktrees/elegant-faraday-ea393c/vendor/gpsp/video.cc.obj
 .text._Z13render_objectIjL8rendtype2ELb1ELb0EEvijPT_jjtPKt.constprop.0.isra.0
                0x00341174      0x1b8 CMakeFiles/cgba-gint-gpsp.dir/Users/ryougi/Dev/cgba/.claude/worktrees/elegant-faraday-ea393c/vendor/gpsp/video.cc.obj
 .text._Z13render_objectIjL8rendtype2ELb1ELb1EEvijPT_jjtPKt.constprop.0.isra.0
                0x0034132c      0x1e0 CMakeFiles/cgba-gint-gpsp.dir/Users/ryougi/Dev/cgba/.claude/worktrees/elegant-faraday-ea393c/vendor/gpsp/video.cc.obj
 .text._Z20render_scanline_textItL8rendtype1ELb0EEvjjjPvPKt
                0x0034150c      0xcb0 CMakeFiles/cgba-gint-gpsp.dir/Users/ryougi/Dev/cgba/.claude/worktrees/elegant-faraday-ea393c/vendor/gpsp/video.cc.obj
 .text._Z20render_scanline_textIjL8rendtype1ELb0EEvjjjPvPKt
                0x003421bc      0xc8c CMakeFiles/cgba-gint-gpsp.dir/Users/ryougi/Dev/cgba/.claude/worktrees/elegant-faraday-ea393c/vendor/gpsp/video.cc.obj
 .text._Z13render_objectIjL8rendtype2ELb0ELb0EEvijPT_jjtPKt.isra.0
                0x00342e48      0x200 CMakeFiles/cgba-gint-gpsp.dir/Users/ryougi/Dev/cgba/.claude/worktrees/elegant-faraday-ea393c/vendor/gpsp/video.cc.obj
 .text._Z20render_scanline_textItL8rendtype1ELb1EEvjjjPvPKt
                0x00343048      0xe30 CMakeFiles/cgba-gint-gpsp.dir/Users/ryougi/Dev/cgba/.claude/worktrees/elegant-faraday-ea393c/vendor/gpsp/video.cc.obj
 .text._Z20render_scanline_textIjL8rendtype1ELb1EEvjjjPvPKt
                0x00343e78      0xdcc CMakeFiles/cgba-gint-gpsp.dir/Users/ryougi/Dev/cgba/.claude/worktrees/elegant-faraday-ea393c/vendor/gpsp/video.cc.obj
 .text._Z20render_scanline_textItL8rendtype0ELb0EEvjjjPvPKt
                0x00344c44      0xc54 CMakeFiles/cgba-gint-gpsp.dir/Users/ryougi/Dev/cgba/.claude/worktrees/elegant-faraday-ea393c/vendor/gpsp/video.cc.obj
 .text._Z20render_scanline_textIjL8rendtype2ELb0EEvjjjPvPKt
                0x00345898      0xcf4 CMakeFiles/cgba-gint-gpsp.dir/Users/ryougi/Dev/cgba/.claude/worktrees/elegant-faraday-ea393c/vendor/gpsp/video.cc.obj
 .text._Z18tile_render_layersIL8rendtype1ELS0_1EtEvjjPT1_j
                0x0034658c      0x164 CMakeFiles/cgba-gint-gpsp.dir/Users/ryougi/Dev/cgba/.claude/worktrees/elegant-faraday-ea393c/vendor/gpsp/video.cc.obj
                0x0034658c                __Z18tile_render_layersIL8rendtype1ELS0_1EtEvjjPT1_j
 .text._Z13render_objectIjL8rendtype2ELb0ELb1EEvijPT_jjtPKt.isra.0
                0x003466f0      0x224 CMakeFiles/cgba-gint-gpsp.dir/Users/ryougi/Dev/cgba/.claude/worktrees/elegant-faraday-ea393c/vendor/gpsp/video.cc.obj
 .text._Z20render_scanline_objsIjL8rendtype2EEvjjjPvPKt.isra.0
                0x00346914     0x1460 CMakeFiles/cgba-gint-gpsp.dir/Users/ryougi/Dev/cgba/.claude/worktrees/elegant-faraday-ea393c/vendor/gpsp/video.cc.obj
 .text._Z20render_scanline_textIjL8rendtype2ELb1EEvjjjPvPKt
                0x00347d74      0xe54 CMakeFiles/cgba-gint-gpsp.dir/Users/ryougi/Dev/cgba/.claude/worktrees/elegant-faraday-ea393c/vendor/gpsp/video.cc.obj
 .text._Z18tile_render_layersIL8rendtype1ELS0_2EjEvjjPT1_j
                0x00348bc8      0x1b0 CMakeFiles/cgba-gint-gpsp.dir/Users/ryougi/Dev/cgba/.claude/worktrees/elegant-faraday-ea393c/vendor/gpsp/video.cc.obj
                0x00348bc8                __Z18tile_render_layersIL8rendtype1ELS0_2EjEvjjPT1_j
 .text._Z20render_scanline_textItL8rendtype0ELb1EEvjjjPvPKt
                0x00348d78      0xd50 CMakeFiles/cgba-gint-gpsp.dir/Users/ryougi/Dev/cgba/.claude/worktrees/elegant-faraday-ea393c/vendor/gpsp/video.cc.obj
 .text._Z18tile_render_layersIL8rendtype2ELS0_2EjEvjjPT1_j
                0x00349ac8      0x1dc CMakeFiles/cgba-gint-gpsp.dir/Users/ryougi/Dev/cgba/.claude/worktrees/elegant-faraday-ea393c/vendor/gpsp/video.cc.obj
                0x00349ac8                __Z18tile_render_layersIL8rendtype2ELS0_2EjEvjjPT1_j
 .text._Z20bitmap_render_layersIL8rendtype1ELS0_1EtEvjjPT1_j
                0x00349ca4      0x154 CMakeFiles/cgba-gint-gpsp.dir/Users/ryougi/Dev/cgba/.claude/worktrees/elegant-faraday-ea393c/vendor/gpsp/video.cc.obj
 .text._Z20bitmap_render_layersIL8rendtype1ELS0_2EjEvjjPT1_j
                0x00349df8      0x194 CMakeFiles/cgba-gint-gpsp.dir/Users/ryougi/Dev/cgba/.claude/worktrees/elegant-faraday-ea393c/vendor/gpsp/video.cc.obj
 .text._Z20bitmap_render_layersIL8rendtype2ELS0_2EjEvjjPT1_j
                0x00349f8c      0x18c CMakeFiles/cgba-gint-gpsp.dir/Users/ryougi/Dev/cgba/.claude/worktrees/elegant-faraday-ea393c/vendor/gpsp/video.cc.obj
 .text._Z24render_affine_backgroundItL8rendtype0ELb0ELb1ELb0ELb0EEvjjjPKhjS2_PvPKt
                0x0034a118       0xc4 CMakeFiles/cgba-gint-gpsp.dir/Users/ryougi/Dev/cgba/.claude/worktrees/elegant-faraday-ea393c/vendor/gpsp/video.cc.obj
 .text._Z24render_affine_backgroundItL8rendtype0ELb1ELb1ELb0ELb0EEvjjjPKhjS2_PvPKt
                0x0034a1dc       0xd4 CMakeFiles/cgba-gint-gpsp.dir/Users/ryougi/Dev/cgba/.claude/worktrees/elegant-faraday-ea393c/vendor/gpsp/video.cc.obj
 .text._Z24render_affine_backgroundIjL8rendtype1ELb0ELb1ELb0ELb0EEvjjjPKhjS2_PvPKt
                0x0034a2b0       0xe8 CMakeFiles/cgba-gint-gpsp.dir/Users/ryougi/Dev/cgba/.claude/worktrees/elegant-faraday-ea393c/vendor/gpsp/video.cc.obj
 .text._Z24render_affine_backgroundItL8rendtype1ELb0ELb1ELb0ELb0EEvjjjPKhjS2_PvPKt
                0x0034a398       0xec CMakeFiles/cgba-gint-gpsp.dir/Users/ryougi/Dev/cgba/.claude/worktrees/elegant-faraday-ea393c/vendor/gpsp/video.cc.obj
 .text._Z24render_affine_backgroundIjL8rendtype2ELb0ELb1ELb0ELb0EEvjjjPKhjS2_PvPKt
                0x0034a484       0xec CMakeFiles/cgba-gint-gpsp.dir/Users/ryougi/Dev/cgba/.claude/worktrees/elegant-faraday-ea393c/vendor/gpsp/video.cc.obj
 .text._Z24render_affine_backgroundItL8rendtype0ELb0ELb1ELb1ELb0EEvjjjPKhjS2_PvPKt
                0x0034a570       0xd8 CMakeFiles/cgba-gint-gpsp.dir/Users/ryougi/Dev/cgba/.claude/worktrees/elegant-faraday-ea393c/vendor/gpsp/video.cc.obj
 .text._Z24render_affine_backgroundItL8rendtype0ELb1ELb1ELb1ELb0EEvjjjPKhjS2_PvPKt
                0x0034a648       0xe4 CMakeFiles/cgba-gint-gpsp.dir/Users/ryougi/Dev/cgba/.claude/worktrees/elegant-faraday-ea393c/vendor/gpsp/video.cc.obj
 .text._Z24render_affine_backgroundIjL8rendtype1ELb1ELb1ELb0ELb0EEvjjjPKhjS2_PvPKt
                0x0034a72c      0x108 CMakeFiles/cgba-gint-gpsp.dir/Users/ryougi/Dev/cgba/.claude/worktrees/elegant-faraday-ea393c/vendor/gpsp/video.cc.obj
 .text._Z24render_affine_backgroundItL8rendtype1ELb1ELb1ELb0ELb0EEvjjjPKhjS2_PvPKt
                0x0034a834      0x108 CMakeFiles/cgba-gint-gpsp.dir/Users/ryougi/Dev/cgba/.claude/worktrees/elegant-faraday-ea393c/vendor/gpsp/video.cc.obj
 .text._Z22render_scanline_bitmapIL8rendtype1EtLj3EtLj240ELj160EL11bm_rendmode0ELb0EEvjjPvPKt
                0x0034a93c       0xb0 CMakeFiles/cgba-gint-gpsp.dir/Users/ryougi/Dev/cgba/.claude/worktrees/elegant-faraday-ea393c/vendor/gpsp/video.cc.obj
 .text._Z24render_affine_backgroundIjL8rendtype2ELb1ELb1ELb0ELb0EEvjjjPKhjS2_PvPKt
                0x0034a9ec      0x10c CMakeFiles/cgba-gint-gpsp.dir/Users/ryougi/Dev/cgba/.claude/worktrees/elegant-faraday-ea393c/vendor/gpsp/video.cc.obj
 .text._Z24render_affine_backgroundIjL8rendtype1ELb0ELb1ELb1ELb0EEvjjjPKhjS2_PvPKt
                0x0034aaf8      0x100 CMakeFiles/cgba-gint-gpsp.dir/Users/ryougi/Dev/cgba/.claude/worktrees/elegant-faraday-ea393c/vendor/gpsp/video.cc.obj
 .text._Z24render_affine_backgroundItL8rendtype1ELb0ELb1ELb1ELb0EEvjjjPKhjS2_PvPKt
                0x0034abf8      0x104 CMakeFiles/cgba-gint-gpsp.dir/Users/ryougi/Dev/cgba/.claude/worktrees/elegant-faraday-ea393c/vendor/gpsp/video.cc.obj
 .text._Z22render_scanline_bitmapIL8rendtype2EjLj3EtLj240ELj160EL11bm_rendmode0ELb0EEvjjPvPKt
                0x0034acfc       0xb0 CMakeFiles/cgba-gint-gpsp.dir/Users/ryougi/Dev/cgba/.claude/worktrees/elegant-faraday-ea393c/vendor/gpsp/video.cc.obj
 .text._Z22render_scanline_bitmapIL8rendtype1EtLj3EtLj240ELj160EL11bm_rendmode1ELb0EEvjjPvPKt
                0x0034adac       0xd4 CMakeFiles/cgba-gint-gpsp.dir/Users/ryougi/Dev/cgba/.claude/worktrees/elegant-faraday-ea393c/vendor/gpsp/video.cc.obj
 .text._Z24render_affine_backgroundIjL8rendtype2ELb0ELb1ELb1ELb0EEvjjjPKhjS2_PvPKt
                0x0034ae80      0x104 CMakeFiles/cgba-gint-gpsp.dir/Users/ryougi/Dev/cgba/.claude/worktrees/elegant-faraday-ea393c/vendor/gpsp/video.cc.obj
 .text._Z24render_affine_backgroundItL8rendtype0ELb0ELb0ELb1ELb0EEvjjjPKhjS2_PvPKt
                0x0034af84      0x110 CMakeFiles/cgba-gint-gpsp.dir/Users/ryougi/Dev/cgba/.claude/worktrees/elegant-faraday-ea393c/vendor/gpsp/video.cc.obj
 .text._Z24render_affine_backgroundIjL8rendtype1ELb1ELb1ELb1ELb0EEvjjjPKhjS2_PvPKt
                0x0034b094      0x118 CMakeFiles/cgba-gint-gpsp.dir/Users/ryougi/Dev/cgba/.claude/worktrees/elegant-faraday-ea393c/vendor/gpsp/video.cc.obj
 .text._Z24render_affine_backgroundItL8rendtype1ELb1ELb1ELb1ELb0EEvjjjPKhjS2_PvPKt
                0x0034b1ac      0x118 CMakeFiles/cgba-gint-gpsp.dir/Users/ryougi/Dev/cgba/.claude/worktrees/elegant-faraday-ea393c/vendor/gpsp/video.cc.obj
 .text._Z22render_scanline_bitmapIL8rendtype2EjLj3EtLj240ELj160EL11bm_rendmode1ELb0EEvjjPvPKt
                0x0034b2c4       0xd4 CMakeFiles/cgba-gint-gpsp.dir/Users/ryougi/Dev/cgba/.claude/worktrees/elegant-faraday-ea393c/vendor/gpsp/video.cc.obj
 .text._Z24render_affine_backgroundIjL8rendtype1ELb0ELb0ELb1ELb0EEvjjjPKhjS2_PvPKt
                0x0034b398      0x13c CMakeFiles/cgba-gint-gpsp.dir/Users/ryougi/Dev/cgba/.claude/worktrees/elegant-faraday-ea393c/vendor/gpsp/video.cc.obj
 .text._Z24render_affine_backgroundItL8rendtype1ELb0ELb0ELb1ELb0EEvjjjPKhjS2_PvPKt
                0x0034b4d4      0x13c CMakeFiles/cgba-gint-gpsp.dir/Users/ryougi/Dev/cgba/.claude/worktrees/elegant-faraday-ea393c/vendor/gpsp/video.cc.obj
 .text._Z24render_affine_backgroundIjL8rendtype2ELb1ELb1ELb1ELb0EEvjjjPKhjS2_PvPKt
                0x0034b610      0x118 CMakeFiles/cgba-gint-gpsp.dir/Users/ryougi/Dev/cgba/.claude/worktrees/elegant-faraday-ea393c/vendor/gpsp/video.cc.obj
 .text._Z24render_affine_backgroundIjL8rendtype2ELb0ELb0ELb1ELb0EEvjjjPKhjS2_PvPKt
                0x0034b728      0x140 CMakeFiles/cgba-gint-gpsp.dir/Users/ryougi/Dev/cgba/.claude/worktrees/elegant-faraday-ea393c/vendor/gpsp/video.cc.obj
 .text._Z24render_affine_backgroundItL8rendtype0ELb1ELb0ELb1ELb0EEvjjjPKhjS2_PvPKt
                0x0034b868      0x154 CMakeFiles/cgba-gint-gpsp.dir/Users/ryougi/Dev/cgba/.claude/worktrees/elegant-faraday-ea393c/vendor/gpsp/video.cc.obj
 .text._Z22render_scanline_bitmapIL8rendtype1EtLj5EtLj160ELj128EL11bm_rendmode0ELb0EEvjjPvPKt
                0x0034b9bc       0xe0 CMakeFiles/cgba-gint-gpsp.dir/Users/ryougi/Dev/cgba/.claude/worktrees/elegant-faraday-ea393c/vendor/gpsp/video.cc.obj
 .text._Z24render_affine_backgroundIjL8rendtype1ELb1ELb0ELb1ELb0EEvjjjPKhjS2_PvPKt
                0x0034ba9c      0x184 CMakeFiles/cgba-gint-gpsp.dir/Users/ryougi/Dev/cgba/.claude/worktrees/elegant-faraday-ea393c/vendor/gpsp/video.cc.obj
 .text._Z24render_affine_backgroundIjL8rendtype2ELb1ELb0ELb1ELb0EEvjjjPKhjS2_PvPKt
                0x0034bc20      0x18c CMakeFiles/cgba-gint-gpsp.dir/Users/ryougi/Dev/cgba/.claude/worktrees/elegant-faraday-ea393c/vendor/gpsp/video.cc.obj
 .text._Z24render_affine_backgroundItL8rendtype1ELb1ELb0ELb1ELb0EEvjjjPKhjS2_PvPKt
                0x0034bdac      0x19c CMakeFiles/cgba-gint-gpsp.dir/Users/ryougi/Dev/cgba/.claude/worktrees/elegant-faraday-ea393c/vendor/gpsp/video.cc.obj
 .text._Z22render_scanline_bitmapIL8rendtype2EjLj5EtLj160ELj128EL11bm_rendmode0ELb0EEvjjPvPKt
                0x0034bf48       0xe4 CMakeFiles/cgba-gint-gpsp.dir/Users/ryougi/Dev/cgba/.claude/worktrees/elegant-faraday-ea393c/vendor/gpsp/video.cc.obj
 .text._Z22render_scanline_bitmapIL8rendtype1EtLj5EtLj160ELj128EL11bm_rendmode1ELb0EEvjjPvPKt
                0x0034c02c       0xe8 CMakeFiles/cgba-gint-gpsp.dir/Users/ryougi/Dev/cgba/.claude/worktrees/elegant-faraday-ea393c/vendor/gpsp/video.cc.obj
 .text._Z22render_scanline_bitmapIL8rendtype2EjLj5EtLj160ELj128EL11bm_rendmode1ELb0EEvjjPvPKt
                0x0034c114       0xec CMakeFiles/cgba-gint-gpsp.dir/Users/ryougi/Dev/cgba/.claude/worktrees/elegant-faraday-ea393c/vendor/gpsp/video.cc.obj
 .text._Z24render_affine_backgroundItL8rendtype0ELb0ELb1ELb0ELb1EEvjjjPKhjS2_PvPKt
                0x0034c200       0xe4 CMakeFiles/cgba-gint-gpsp.dir/Users/ryougi/Dev/cgba/.claude/worktrees/elegant-faraday-ea393c/vendor/gpsp/video.cc.obj
 .text._Z24render_affine_backgroundItL8rendtype0ELb0ELb0ELb0ELb0EEvjjjPKhjS2_PvPKt
                0x0034c2e4       0xe8 CMakeFiles/cgba-gint-gpsp.dir/Users/ryougi/Dev/cgba/.claude/worktrees/elegant-faraday-ea393c/vendor/gpsp/video.cc.obj
 .text._Z22render_scanline_bitmapIL8rendtype1EtLj3EtLj240ELj160EL11bm_rendmode2ELb0EEvjjPvPKt
                0x0034c3cc       0xe0 CMakeFiles/cgba-gint-gpsp.dir/Users/ryougi/Dev/cgba/.claude/worktrees/elegant-faraday-ea393c/vendor/gpsp/video.cc.obj
 .text._Z22render_scanline_bitmapIL8rendtype1EtLj3EtLj240ELj160EL11bm_rendmode0ELb1EEvjjPvPKt
                0x0034c4ac       0xd4 CMakeFiles/cgba-gint-gpsp.dir/Users/ryougi/Dev/cgba/.claude/worktrees/elegant-faraday-ea393c/vendor/gpsp/video.cc.obj
 .text._Z24render_affine_backgroundItL8rendtype0ELb1ELb1ELb0ELb1EEvjjjPKhjS2_PvPKt
                0x0034c580       0xe8 CMakeFiles/cgba-gint-gpsp.dir/Users/ryougi/Dev/cgba/.claude/worktrees/elegant-faraday-ea393c/vendor/gpsp/video.cc.obj
 .text._Z22render_scanline_bitmapIL8rendtype2EjLj3EtLj240ELj160EL11bm_rendmode2ELb0EEvjjPvPKt
                0x0034c668       0xe4 CMakeFiles/cgba-gint-gpsp.dir/Users/ryougi/Dev/cgba/.claude/worktrees/elegant-faraday-ea393c/vendor/gpsp/video.cc.obj
 .text._Z22render_scanline_bitmapIL8rendtype2EjLj3EtLj240ELj160EL11bm_rendmode0ELb1EEvjjPvPKt
                0x0034c74c       0xd4 CMakeFiles/cgba-gint-gpsp.dir/Users/ryougi/Dev/cgba/.claude/worktrees/elegant-faraday-ea393c/vendor/gpsp/video.cc.obj
 .text._Z22render_scanline_bitmapIL8rendtype1EtLj3EtLj240ELj160EL11bm_rendmode1ELb1EEvjjPvPKt
                0x0034c820       0xf0 CMakeFiles/cgba-gint-gpsp.dir/Users/ryougi/Dev/cgba/.claude/worktrees/elegant-faraday-ea393c/vendor/gpsp/video.cc.obj
 .text._Z24render_affine_backgroundIjL8rendtype1ELb0ELb0ELb0ELb0EEvjjjPKhjS2_PvPKt
                0x0034c910      0x104 CMakeFiles/cgba-gint-gpsp.dir/Users/ryougi/Dev/cgba/.claude/worktrees/elegant-faraday-ea393c/vendor/gpsp/video.cc.obj
 .text._Z24render_affine_backgroundItL8rendtype1ELb0ELb0ELb0ELb0EEvjjjPKhjS2_PvPKt
                0x0034ca14      0x108 CMakeFiles/cgba-gint-gpsp.dir/Users/ryougi/Dev/cgba/.claude/worktrees/elegant-faraday-ea393c/vendor/gpsp/video.cc.obj
 .text._Z24render_affine_backgroundIjL8rendtype1ELb0ELb1ELb0ELb1EEvjjjPKhjS2_PvPKt