Archive member included to satisfy reference by file (symbol)

/Users/ryougi/.local/share/fxsdk/sysroot/lib/gcc/sh3eb-elf/14.1.0/libgcc.a(_movmem_i4.o)
                              CMakeFiles/cgba-gint-gpsp.dir/src/nor_rom.c.obj (___movmem_i4_even)
/Users/ryougi/.local/share/fxsdk/sysroot/lib/gcc/sh3eb-elf/14.1.0/libgcc.a(_div_table.o)
                              CMakeFiles/cgba-gint-gpsp.dir/src/gint_platform.c.obj (___udivsi3_i4i)
/Users/ryougi/.local/share/fxsdk/sysroot/lib/gcc/sh3eb-elf/14.1.0/libgcc.a(_ctzsi2.o)
                              CMakeFiles/cgba-gint-gpsp.dir/Users/ryougi/Dev/cgba/.claude/worktrees/elegant-faraday-ea393c/vendor/gpsp/cpu_threaded.c.obj (___ctzsi2)
/Users/ryougi/.local/share/fxsdk/sysroot/lib/gcc/sh3eb-elf/14.1.0/libgcc.a(divsf3.o)
                              CMakeFiles/cgba-gint-gpsp.dir/Users/ryougi/Dev/cgba/.claude/worktrees/elegant-faraday-ea393c/vendor/gpsp/gba_memory.c.obj (___divsf3)
/Users/ryougi/.local/share/fxsdk/sysroot/lib/gcc/sh3eb-elf/14.1.0/libgcc.a(mulsf3.o)
                              CMakeFiles/cgba-gint-gpsp.dir/Users/ryougi/Dev/cgba/.claude/worktrees/elegant-faraday-ea393c/vendor/gpsp/gba_memory.c.obj (___mulsf3)
/Users/ryougi/.local/share/fxsdk/sysroot/lib/gcc/sh3eb-elf/14.1.0/libgcc.a(fixunssfsi.o)
                              CMakeFiles/cgba-gint-gpsp.dir/Users/ryougi/Dev/cgba/.claude/worktrees/elegant-faraday-ea393c/vendor/gpsp/gba_memory.c.obj (___fixunssfsi)
/Users/ryougi/.local/share/fxsdk/sysroot/lib/gcc/sh3eb-elf/14.1.0/libgcc.a(floatunsisf.o)
                              CMakeFiles/cgba-gint-gpsp.dir/Users/ryougi/Dev/cgba/.claude/worktrees/elegant-faraday-ea393c/vendor/gpsp/gba_memory.c.obj (___floatunsisf)
/Users/ryougi/.local/share/fxsdk/sysroot/lib/gcc/sh3eb-elf/14.1.0/libgcc.a(divdf3.o)
                              CMakeFiles/cgba-gint-gpsp.dir/Users/ryougi/Dev/cgba/.claude/worktrees/elegant-faraday-ea393c/vendor/gpsp/gba_memory.c.obj (___divdf3)
/Users/ryougi/.local/share/fxsdk/sysroot/lib/gcc/sh3eb-elf/14.1.0/libgcc.a(muldf3.o)
                              CMakeFiles/cgba-gint-gpsp.dir/Users/ryougi/Dev/cgba/.claude/worktrees/elegant-faraday-ea393c/vendor/gpsp/gba_memory.c.obj (___muldf3)
/Users/ryougi/.local/share/fxsdk/sysroot/lib/gcc/sh3eb-elf/14.1.0/libgcc.a(fixunsdfsi.o)
                              CMakeFiles/cgba-gint-gpsp.dir/Users/ryougi/Dev/cgba/.claude/worktrees/elegant-faraday-ea393c/vendor/gpsp/gba_memory.c.obj (___fixunsdfsi)
/Users/ryougi/.local/share/fxsdk/sysroot/lib/gcc/sh3eb-elf/14.1.0/libgcc.a(floatsidf.o)
                              CMakeFiles/cgba-gint-gpsp.dir/Users/ryougi/Dev/cgba/.claude/worktrees/elegant-faraday-ea393c/vendor/gpsp/gba_memory.c.obj (___floatsidf)
/Users/ryougi/.local/share/fxsdk/sysroot/lib/gcc/sh3eb-elf/14.1.0/libgcc.a(floatunsidf.o)
                              CMakeFiles/cgba-gint-gpsp.dir/Users/ryougi/Dev/cgba/.claude/worktrees/elegant-faraday-ea393c/vendor/gpsp/gba_memory.c.obj (___floatunsidf)
/Users/ryougi/.local/share/fxsdk/sysroot/lib/gcc/sh3eb-elf/14.1.0/libgcc.a(fixdfdi.o)
                              CMakeFiles/cgba-gint-gpsp.dir/Users/ryougi/Dev/cgba/.claude/worktrees/elegant-faraday-ea393c/vendor/gpsp/gba_memory.c.obj (___fixdfdi)
/Users/ryougi/.local/share/fxsdk/sysroot/lib/gcc/sh3eb-elf/14.1.0/libgcc.a(extendsfdf2.o)
                              CMakeFiles/cgba-gint-gpsp.dir/Users/ryougi/Dev/cgba/.claude/worktrees/elegant-faraday-ea393c/vendor/gpsp/gba_memory.c.obj (___extendsfdf2)
/Users/ryougi/.local/share/fxsdk/sysroot/lib/gcc/sh3eb-elf/14.1.0/libgcc.a(_udiv_qrnnd_16.o)
                              /Users/ryougi/.local/share/fxsdk/sysroot/lib/gcc/sh3eb-elf/14.1.0/libgcc.a(divsf3.o) (___udiv_qrnnd_16)
/Users/ryougi/.local/share/fxsdk/sysroot/lib/gcc/sh3eb-elf/14.1.0/libgcc.a(_clz.o)
                              /Users/ryougi/.local/share/fxsdk/sysroot/lib/gcc/sh3eb-elf/14.1.0/libgcc.a(_ctzsi2.o) (___clz_tab)
/Users/ryougi/.local/share/fxsdk/sysroot/lib/gcc/sh3eb-elf/14.1.0/libgcc.a(_clzsi2.o)
                              /Users/ryougi/.local/share/fxsdk/sysroot/lib/gcc/sh3eb-elf/14.1.0/libgcc.a(divsf3.o) (___clzsi2)
/Users/ryougi/.local/share/fxsdk/sysroot/lib/gcc/sh3eb-elf/14.1.0/../../../../sh3eb-elf/lib/libgint-cg.a(dma.c.obj)
                              CMakeFiles/cgba-gint-gpsp.dir/src/gint_platform.c.obj (_dma_transfer_async)
/Users/ryougi/.local/share/fxsdk/sysroot/lib/gcc/sh3eb-elf/14.1.0/../../../../sh3eb-elf/lib/libgint-cg.a(inth.s.obj)
                              dma.c.obj (symbol from plugin) (_inth_dma_ae)
/Users/ryougi/.local/share/fxsdk/sysroot/lib/gcc/sh3eb-elf/14.1.0/../../../../sh3eb-elf/lib/libgint-cg.a(intc.c.obj)
                              dma.c.obj (symbol from plugin) (_intc_priority)
/Users/ryougi/.local/share/fxsdk/sysroot/lib/gcc/sh3eb-elf/14.1.0/../../../../sh3eb-elf/lib/libgint-cg.a(inth.s.obj)
                              intc.c.obj (symbol from plugin) (_intc_generic_handler)
[...]
Memory Configuration

Name             Origin             Length             Attributes
rom              0x00300000         0x00200000         xr
ram              0x08101400         0x0007ac00         rw
highram          0x8c200000         0x004f0000         rw
ilram            0xe5200000         0x00001000         xrw
xyram            0xe500e000         0x00004000         xrw
*default*        0x00000000         0xffffffff

Linker script and memory map

LOAD /Users/ryougi/.local/share/fxsdk/sysroot/lib/gcc/sh3eb-elf/14.1.0/libgcc.a
LOAD CMakeFiles/cgba-gint-gpsp.dir/src/main.c.obj
LOAD CMakeFiles/cgba-gint-gpsp.dir/src/gint_platform.c.obj
LOAD CMakeFiles/cgba-gint-gpsp.dir/src/nor_rom.c.obj
LOAD CMakeFiles/cgba-gint-gpsp.dir/src/nor_filestream.c.obj
LOAD CMakeFiles/cgba-gint-gpsp.dir/src/gpsp_runner.c.obj
LOAD CMakeFiles/cgba-gint-gpsp.dir/src/frame_pacing.c.obj
LOAD CMakeFiles/cgba-gint-gpsp.dir/src/no_osheap.c.obj
LOAD CMakeFiles/cgba-gint-gpsp.dir/src/crash_panic.c.obj
LOAD CMakeFiles/cgba-gint-gpsp.dir/Users/ryougi/Dev/cgba/.claude/worktrees/elegant-faraday-ea393c/ports/fxcg100/fxcg100_keys.c.obj
LOAD CMakeFiles/cgba-gint-gpsp.dir/Users/ryougi/Dev/cgba/.claude/worktrees/elegant-faraday-ea393c/ports/fxcg100/fxcg100_config.c.obj
LOAD CMakeFiles/cgba-gint-gpsp.dir/Users/ryougi/Dev/cgba/.claude/worktrees/elegant-faraday-ea393c/ports/fxcg100/fxcg100_menu.c.obj
LOAD CMakeFiles/cgba-gint-gpsp.dir/Users/ryougi/Dev/cgba/.claude/worktrees/elegant-faraday-ea393c/ports/fxcg100/fxcg100_gpsp_stubs.c.obj
LOAD CMakeFiles/cgba-gint-gpsp.dir/Users/ryougi/Dev/cgba/.claude/worktrees/elegant-faraday-ea393c/ports/fxcg100/fxcg100_sound_stub.c.obj
LOAD CMakeFiles/cgba-gint-gpsp.dir/Users/ryougi/Dev/cgba/.claude/worktrees/elegant-faraday-ea393c/vendor/gpsp/main.c.obj
LOAD CMakeFiles/cgba-gint-gpsp.dir/Users/ryougi/Dev/cgba/.claude/worktrees/elegant-faraday-ea393c/vendor/gpsp/gba_memory.c.obj
LOAD CMakeFiles/cgba-gint-gpsp.dir/Users/ryougi/Dev/cgba/.claude/worktrees/elegant-faraday-ea393c/vendor/gpsp/input.c.obj
LOAD CMakeFiles/cgba-gint-gpsp.dir/Users/ryougi/Dev/cgba/.claude/worktrees/elegant-faraday-ea393c/vendor/gpsp/cheats.c.obj
LOAD CMakeFiles/cgba-gint-gpsp.dir/Users/ryougi/Dev/cgba/.claude/worktrees/elegant-faraday-ea393c/vendor/gpsp/gbp.c.obj
LOAD CMakeFiles/cgba-gint-gpsp.dir/Users/ryougi/Dev/cgba/.claude/worktrees/elegant-faraday-ea393c/vendor/gpsp/serial.c.obj
LOAD CMakeFiles/cgba-gint-gpsp.dir/Users/ryougi/Dev/cgba/.claude/worktrees/elegant-faraday-ea393c/vendor/gpsp/serial_proto.c.obj
LOAD CMakeFiles/cgba-gint-gpsp.dir/Users/ryougi/Dev/cgba/.claude/worktrees/elegant-faraday-ea393c/vendor/gpsp/rfu.c.obj
LOAD CMakeFiles/cgba-gint-gpsp.dir/Users/ryougi/Dev/cgba/.claude/worktrees/elegant-faraday-ea393c/vendor/gpsp/savestate.c.obj
LOAD CMakeFiles/cgba-gint-gpsp.dir/Users/ryougi/Dev/cgba/.claude/worktrees/elegant-faraday-ea393c/vendor/gpsp/cpu_threaded.c.obj
LOAD CMakeFiles/cgba-gint-gpsp.dir/Users/ryougi/Dev/cgba/.claude/worktrees/elegant-faraday-ea393c/vendor/gpsp/memmap.c.obj
LOAD CMakeFiles/cgba-gint-gpsp.dir/Users/ryougi/Dev/cgba/.claude/worktrees/elegant-faraday-ea393c/ports/fxcg100/sh4/sh4_interp_helpers.c.obj
LOAD CMakeFiles/cgba-gint-gpsp.dir/Users/ryougi/Dev/cgba/.claude/worktrees/elegant-faraday-ea393c/ports/fxcg100/sh4/sh4_fastmem.c.obj
LOAD CMakeFiles/cgba-gint-gpsp.dir/Users/ryougi/Dev/cgba/.claude/worktrees/elegant-faraday-ea393c/ports/fxcg100/sh4/sh4_dynarec_state.c.obj
LOAD CMakeFiles/cgba-gint-gpsp.dir/Users/ryougi/Dev/cgba/.claude/worktrees/elegant-faraday-ea393c/ports/fxcg100/sh4/sh4_diff_harness.c.obj
LOAD CMakeFiles/cgba-gint-gpsp.dir/Users/ryougi/Dev/cgba/.claude/worktrees/elegant-faraday-ea393c/vendor/gpsp/cpu.cc.obj
LOAD CMakeFiles/cgba-gint-gpsp.dir/Users/ryougi/Dev/cgba/.claude/worktrees/elegant-faraday-ea393c/vendor/gpsp/video.cc.obj
LOAD CMakeFiles/cgba-gint-gpsp.dir/Users/ryougi/Dev/cgba/.claude/worktrees/elegant-faraday-ea393c/vendor/gpsp/bios_data.S.obj
LOAD CMakeFiles/cgba-gint-gpsp.dir/Users/ryougi/Dev/cgba/.claude/worktrees/elegant-faraday-ea393c/vendor/gpsp/sh4/sh4_stub.S.obj
LOAD /var/folders/p_/62vqyc5j0vbb0vcv8xjtc3tw0000gn/T//ccJaVRS6.ltrans0.ltrans.o
LOAD /var/folders/p_/62vqyc5j0vbb0vcv8xjtc3tw0000gn/T//ccJoDQtQ.debug.temp.o
LOAD /var/folders/p_/62vqyc5j0vbb0vcv8xjtc3tw0000gn/T//ccMtNAH7.debug.temp.o
LOAD /var/folders/p_/62vqyc5j0vbb0vcv8xjtc3tw0000gn/T//ccsY4ATH.debug.temp.o
LOAD /var/folders/p_/62vqyc5j0vbb0vcv8xjtc3tw0000gn/T//ccaxQOfz.debug.temp.o
LOAD /var/folders/p_/62vqyc5j0vbb0vcv8xjtc3tw0000gn/T//ccUdWWk6.debug.temp.o
LOAD /var/folders/p_/62vqyc5j0vbb0vcv8xjtc3tw0000gn/T//ccmIT4dC.debug.temp.o
LOAD /var/folders/p_/62vqyc5j0vbb0vcv8xjtc3tw0000gn/T//cc3QxDQX.debug.temp.o
LOAD /var/folders/p_/62vqyc5j0vbb0vcv8xjtc3tw0000gn/T//cch0Wqg4.debug.temp.o
LOAD /var/folders/p_/62vqyc5j0vbb0vcv8xjtc3tw0000gn/T//ccmff0f7.debug.temp.o
LOAD /var/folders/p_/62vqyc5j0vbb0vcv8xjtc3tw0000gn/T//ccmJqMxl.debug.temp.o
LOAD /var/folders/p_/62vqyc5j0vbb0vcv8xjtc3tw0000gn/T//ccfSu7vo.debug.temp.o
LOAD /var/folders/p_/62vqyc5j0vbb0vcv8xjtc3tw0000gn/T//cchlWNsQ.debug.temp.o
LOAD /var/folders/p_/62vqyc5j0vbb0vcv8xjtc3tw0000gn/T//ccUvV331.debug.temp.o
LOAD /var/folders/p_/62vqyc5j0vbb0vcv8xjtc3tw0000gn/T//ccT1InfD.debug.temp.o
LOAD /var/folders/p_/62vqyc5j0vbb0vcv8xjtc3tw0000gn/T//cc2XvEsT.debug.temp.o
LOAD /var/folders/p_/62vqyc5j0vbb0vcv8xjtc3tw0000gn/T//ccdgM7Bo.debug.temp.o
LOAD /var/folders/p_/62vqyc5j0vbb0vcv8xjtc3tw0000gn/T//cccZ2boW.debug.temp.o
LOAD /var/folders/p_/62vqyc5j0vbb0vcv8xjtc3tw0000gn/T//ccVHNFfZ.debug.temp.o
LOAD /var/folders/p_/62vqyc5j0vbb0vcv8xjtc3tw0000gn/T//ccQwMpCD.debug.temp.o
LOAD /var/folders/p_/62vqyc5j0vbb0vcv8xjtc3tw0000gn/T//cco61Aex.debug.temp.o
LOAD /var/folders/p_/62vqyc5j0vbb0vcv8xjtc3tw0000gn/T//ccvLTiSS.debug.temp.o
LOAD /var/folders/p_/62vqyc5j0vbb0vcv8xjtc3tw0000gn/T//ccIRYTVn.debug.temp.o
LOAD /var/folders/p_/62vqyc5j0vbb0vcv8xjtc3tw0000gn/T//cc0ANVf6.debug.temp.o
LOAD /var/folders/p_/62vqyc5j0vbb0vcv8xjtc3tw0000gn/T//ccntV4MM.debug.temp.o
LOAD /var/folders/p_/62vqyc5j0vbb0vcv8xjtc3tw0000gn/T//cc1BoeHv.debug.temp.o
LOAD /var/folders/p_/62vqyc5j0vbb0vcv8xjtc3tw0000gn/T//cc7GjkXB.debug.temp.o
LOAD /var/folders/p_/62vqyc5j0vbb0vcv8xjtc3tw0000gn/T//ccNE904w.debug.temp.o
LOAD /var/folders/p_/62vqyc5j0vbb0vcv8xjtc3tw0000gn/T//ccwPAZJB.debug.temp.o
LOAD /var/folders/p_/62vqyc5j0vbb0vcv8xjtc3tw0000gn/T//ccoWriJg.debug.temp.o
LOAD /var/folders/p_/62vqyc5j0vbb0vcv8xjtc3tw0000gn/T//ccf8y86v.debug.temp.o
LOAD /var/folders/p_/62vqyc5j0vbb0vcv8xjtc3tw0000gn/T//ccnnerx9.debug.temp.o
LOAD /var/folders/p_/62vqyc5j0vbb0vcv8xjtc3tw0000gn/T//ccwHCcjW.debug.temp.o
LOAD /var/folders/p_/62vqyc5j0vbb0vcv8xjtc3tw0000gn/T//ccW41oRn.debug.temp.o
LOAD /var/folders/p_/62vqyc5j0vbb0vcv8xjtc3tw0000gn/T//ccoYIiqw.debug.temp.o
LOAD /var/folders/p_/62vqyc5j0vbb0vcv8xjtc3tw0000gn/T//ccNp4yyV.debug.temp.o
LOAD /var/folders/p_/62vqyc5j0vbb0vcv8xjtc3tw0000gn/T//cc6GsZ8a.debug.temp.o
LOAD /var/folders/p_/62vqyc5j0vbb0vcv8xjtc3tw0000gn/T//cciq6QgP.debug.temp.o
LOAD /var/folders/p_/62vqyc5j0vbb0vcv8xjtc3tw0000gn/T//cc41b1SM.debug.temp.o
LOAD /var/folders/p_/62vqyc5j0vbb0vcv8xjtc3tw0000gn/T//cc2NAJ7Q.debug.temp.o
LOAD /var/folders/p_/62vqyc5j0vbb0vcv8xjtc3tw0000gn/T//cc0pfRKv.debug.temp.o
LOAD /Users/ryougi/.local/share/fxsdk/sysroot/lib/gcc/sh3eb-elf/14.1.0/libgcc.a
LOAD /Users/ryougi/.local/share/fxsdk/sysroot/lib/gcc/sh3eb-elf/14.1.0/../../../../sh3eb-elf/lib/libgint-cg.a
LOAD /Users/ryougi/.local/share/fxsdk/sysroot/lib/gcc/sh3eb-elf/14.1.0/../../../../sh3eb-elf/lib/libc.a
LOAD /Users/ryougi/.local/share/fxsdk/sysroot/lib/gcc/sh3eb-elf/14.1.0/../../../../sh3eb-elf/lib/libgint-cg.a
LOAD /Users/ryougi/.local/share/fxsdk/sysroot/lib/gcc/sh3eb-elf/14.1.0/../../../../sh3eb-elf/lib/libc.a
LOAD /Users/ryougi/.local/share/fxsdk/sysroot/lib/gcc/sh3eb-elf/14.1.0/../../../../sh3eb-elf/lib/libopenlibm.a
LOAD /Users/ryougi/.local/share/fxsdk/sysroot/lib/gcc/sh3eb-elf/14.1.0/libgcc.a
                0x00300000                        _brom = ORIGIN (rom)
                0x00063d70                        _srom = (((SIZEOF (.text) + SIZEOF (.rodata)) + SIZEOF (.gint.drivers)) + SIZEOF (.gint.blocks))

.text           0x00300000    0x5f260
 *(.text.entry)
 .text.entry    0x00300000        0xc /var/folders/p_/62vqyc5j0vbb0vcv8xjtc3tw0000gn/T//ccJaVRS6.ltrans0.ltrans.o
                0x00300000                _start
                0x0030000c                        _bctors = .
 *(.ctors .ctors.*)
 .ctors         0x0030000c        0x4 /var/folders/p_/62vqyc5j0vbb0vcv8xjtc3tw0000gn/T//ccJaVRS6.ltrans0.ltrans.o
                0x00300010                        _ectors = .
                0x00300010                        _bdtors = .
 *(.dtors .dtors.*)
                0x00300010                        _edtors = .
                0x00300010                        _gint_exch_start = .
 *(.gint.exch)
 .gint.exch     0x00300010       0xa0 /Users/ryougi/.local/share/fxsdk/sysroot/lib/gcc/sh3eb-elf/14.1.0/../../../../sh3eb-elf/lib/libgint-cg.a(exch.s.obj)
                0x00300010                _gint_exch
                0x003000b0                        _gint_exch_end = .
                0x000000a0                        _gint_exch_size = ABSOLUTE ((. - _gint_exch_start))
                0x003000b0                        _gint_tlbh_start = .
 *(.gint.tlbh)
 .gint.tlbh     0x003000b0       0x70 /Users/ryougi/.local/share/fxsdk/sysroot/lib/gcc/sh3eb-elf/14.1.0/../../../../sh3eb-elf/lib/libgint-cg.a(tlbh.S.obj)
                0x003000b0                _gint_tlbh
                0x00300120                        _gint_tlbh_end = .
                0x00000070                        _gint_tlbh_size = ABSOLUTE ((. - _gint_tlbh_start))
 *(.text .text.*)
 .text.draw_status
                0x00300120       0x74 CMakeFiles/cgba-gint-gpsp.dir/src/main.c.obj
 .text.startup.main
                0x00300194     0x1194 CMakeFiles/cgba-gint-gpsp.dir/src/main.c.obj
                0x00300194                _main
 .text.fps_draw_text.constprop.0
                0x00301328       0xd8 CMakeFiles/cgba-gint-gpsp.dir/src/gint_platform.c.obj
 .text.fxcg100_lcd_init
                0x00301400        0x4 CMakeFiles/cgba-gint-gpsp.dir/src/gint_platform.c.obj
                0x00301400                _fxcg100_lcd_init
 .text.fxcg100_lcd_update
                0x00301404       0x64 CMakeFiles/cgba-gint-gpsp.dir/src/gint_platform.c.obj
                0x00301404                _fxcg100_lcd_update
 .text.fxcg100_lcd_blit_gba
                0x00301468      0x1d0 CMakeFiles/cgba-gint-gpsp.dir/src/gint_platform.c.obj
                0x00301468                _fxcg100_lcd_blit_gba
 .text.fxcg100_lcd_overlay_fps
                0x00301638      0x158 CMakeFiles/cgba-gint-gpsp.dir/src/gint_platform.c.obj
                0x00301638                _fxcg100_lcd_overlay_fps
 .text.sort_rom_entries
                0x00301790      0x100 CMakeFiles/cgba-gint-gpsp.dir/src/nor_rom.c.obj
 .text.load_single_page_fallback
                0x00301890       0x88 CMakeFiles/cgba-gint-gpsp.dir/src/nor_rom.c.obj
 .text.fc_copy  0x00301918       0x80 CMakeFiles/cgba-gint-gpsp.dir/src/nor_rom.c.obj
 .text.add_rom_entry_from_path.isra.0
                0x00301998      0x2a0 CMakeFiles/cgba-gint-gpsp.dir/src/nor_rom.c.obj
 .text.list_storage_roms_with_pattern.isra.0
                0x00301c38      0x1bc CMakeFiles/cgba-gint-gpsp.dir/src/nor_rom.c.obj
 .text.cgba_nor_rom_close
                0x00301df4       0x54 CMakeFiles/cgba-gint-gpsp.dir/src/nor_rom.c.obj
                0x00301df4                _cgba_nor_rom_close
 .text.cgba_nor_rom_read
                0x00301e48       0xe4 CMakeFiles/cgba-gint-gpsp.dir/src/nor_rom.c.obj
                0x00301e48                _cgba_nor_rom_read
 .text.map_open_fd
                0x00301f2c      0x284 CMakeFiles/cgba-gint-gpsp.dir/src/nor_rom.c.obj
 .text.cgba_nor_rom_open_path
                0x003021b0       0xcc CMakeFiles/cgba-gint-gpsp.dir/src/nor_rom.c.obj
                0x003021b0                _cgba_nor_rom_open_path
 .text.cgba_nor_rom_scan_gba
                0x0030227c       0x80 CMakeFiles/cgba-gint-gpsp.dir/src/nor_rom.c.obj
                0x0030227c                _cgba_nor_rom_scan_gba
 .text.cgba_nor_rom_status
                0x003022fc       0x80 CMakeFiles/cgba-gint-gpsp.dir/src/nor_rom.c.obj
                0x003022fc                _cgba_nor_rom_status
 .text.cgba_gpsp_filestream_bind
                0x0030237c        0xc CMakeFiles/cgba-gint-gpsp.dir/src/nor_filestream.c.obj
                0x0030237c                _cgba_gpsp_filestream_bind
 .text.filestream_open
                0x00302388       0x24 CMakeFiles/cgba-gint-gpsp.dir/src/nor_filestream.c.obj
                0x00302388                _filestream_open
 .text.filestream_seek
                0x003023ac       0x4c CMakeFiles/cgba-gint-gpsp.dir/src/nor_filestream.c.obj
                0x003023ac                _filestream_seek
 .text.filestream_read
                0x003023f8       0x94 CMakeFiles/cgba-gint-gpsp.dir/src/nor_filestream.c.obj
                0x003023f8                _filestream_read
 .text.cgba_panic_text
                0x0030248c       0x3c CMakeFiles/cgba-gint-gpsp.dir/src/gpsp_runner.c.obj
 .text.cgba_crash_panic
                0x003024c8      0x11c CMakeFiles/cgba-gint-gpsp.dir/src/gpsp_runner.c.obj
 .text.cgba_crash_reporting_init
                0x003025e4       0x10 CMakeFiles/cgba-gint-gpsp.dir/src/gpsp_runner.c.obj
                0x003025e4                _cgba_crash_reporting_init
 .text.cgba_sh4_wild_jump
                0x003025f4       0x18 CMakeFiles/cgba-gint-gpsp.dir/src/gpsp_runner.c.obj
                0x003025f4                _cgba_sh4_wild_jump
 .text.cgba_gpsp_refresh_roms
                0x0030260c       0x18 CMakeFiles/cgba-gint-gpsp.dir/src/gpsp_runner.c.obj
                0x0030260c                _cgba_gpsp_refresh_roms
 .text.cgba_gpsp_rom_name
                0x00302624       0x70 CMakeFiles/cgba-gint-gpsp.dir/src/gpsp_runner.c.obj
                0x00302624                _cgba_gpsp_rom_name
 .text.cgba_gpsp_rom_count
                0x00302694       0x38 CMakeFiles/cgba-gint-gpsp.dir/src/gpsp_runner.c.obj
                0x00302694                _cgba_gpsp_rom_count
 .text.cgba_gpsp_init
                0x003026cc      0x1b8 CMakeFiles/cgba-gint-gpsp.dir/src/gpsp_runner.c.obj
                0x003026cc                _cgba_gpsp_init
 .text.cgba_gpsp_last_error
                0x00302884       0x14 CMakeFiles/cgba-gint-gpsp.dir/src/gpsp_runner.c.obj
                0x00302884                _cgba_gpsp_last_error
 .text.cgba_state_decompress
                0x00302898       0xf4 CMakeFiles/cgba-gint-gpsp.dir/src/gpsp_runner.c.obj
                0x00302898                _cgba_state_decompress
 .text.cgba_gpsp_run_frame
                0x0030298c      0x1f0 CMakeFiles/cgba-gint-gpsp.dir/src/gpsp_runner.c.obj
                0x0030298c                _cgba_gpsp_run_frame
 .text.cgba_gpsp_keyinput
                0x00302b7c       0x14 CMakeFiles/cgba-gint-gpsp.dir/src/gpsp_runner.c.obj
                0x00302b7c                _cgba_gpsp_keyinput
 .text.cgba_gpsp_diag
                0x00302b90      0x1cc CMakeFiles/cgba-gint-gpsp.dir/src/gpsp_runner.c.obj
                0x00302b90                _cgba_gpsp_diag
 .text.cgba_fps_init
                0x00302d5c       0x20 CMakeFiles/cgba-gint-gpsp.dir/src/frame_pacing.c.obj
                0x00302d5c                _cgba_fps_init
 .text.cgba_fps_tick
                0x00302d7c       0x84 CMakeFiles/cgba-gint-gpsp.dir/src/frame_pacing.c.obj
                0x00302d7c                _cgba_fps_tick
 .text.null_malloc
                0x00302e00        0x4 CMakeFiles/cgba-gint-gpsp.dir/src/no_osheap.c.obj
 .text.null_realloc
                0x00302e04        0x4 CMakeFiles/cgba-gint-gpsp.dir/src/no_osheap.c.obj
 .text.null_free
                0x00302e08        0x4 CMakeFiles/cgba-gint-gpsp.dir/src/no_osheap.c.obj
 .text.__Timer_Install
                0x00302e0c        0x4 CMakeFiles/cgba-gint-gpsp.dir/src/no_osheap.c.obj
                0x00302e0c                ___Timer_Install
 .text.__Timer_Start
                0x00302e10        0x4 CMakeFiles/cgba-gint-gpsp.dir/src/no_osheap.c.obj
                0x00302e10                ___Timer_Start
 .text.__Timer_Stop
                0x00302e14        0x4 CMakeFiles/cgba-gint-gpsp.dir/src/no_osheap.c.obj
                0x00302e14                ___Timer_Stop
 .text.__Timer_Deinstall
                0x00302e18        0x4 CMakeFiles/cgba-gint-gpsp.dir/src/no_osheap.c.obj
                0x00302e18                ___Timer_Deinstall
 .text.__PutKeyCode
                0x00302e1c        0x4 CMakeFiles/cgba-gint-gpsp.dir/src/no_osheap.c.obj
                0x00302e1c                ___PutKeyCode
 .text.__GetKeyWait
                0x00302e20        0x4 CMakeFiles/cgba-gint-gpsp.dir/src/no_osheap.c.obj
                0x00302e20                ___GetKeyWait
 .text.__ClearKeyBuffer
                0x00302e24        0x4 CMakeFiles/cgba-gint-gpsp.dir/src/no_osheap.c.obj
                0x00302e24                ___ClearKeyBuffer
 .text.__GetVRAMAddress
                0x00302e28        0x4 CMakeFiles/cgba-gint-gpsp.dir/src/no_osheap.c.obj
                0x00302e28                ___GetVRAMAddress
 .text.__Reset  0x00302e2c        0x4 CMakeFiles/cgba-gint-gpsp.dir/src/no_osheap.c.obj
                0x00302e2c                ___Reset
 .text.cgba_panic_draw_begin
                0x00302e30        0xc CMakeFiles/cgba-gint-gpsp.dir/src/crash_panic.c.obj
                0x00302e30                _cgba_panic_draw_begin
 .text.cgba_panic_draw_line
                0x00302e3c       0x38 CMakeFiles/cgba-gint-gpsp.dir/src/crash_panic.c.obj
                0x00302e3c                _cgba_panic_draw_line
 .text.cgba_panic_draw_present
                0x00302e74       0x30 CMakeFiles/cgba-gint-gpsp.dir/src/crash_panic.c.obj
                0x00302e74                _cgba_panic_draw_present
 .text.set_fastforward_override
                0x00302ea4        0x4 CMakeFiles/cgba-gint-gpsp.dir/Users/ryougi/Dev/cgba/.claude/worktrees/elegant-faraday-ea393c/ports/fxcg100/fxcg100_gpsp_stubs.c.obj
                0x00302ea4                _set_fastforward_override
 .text.netpacket_send
                0x00302ea8        0x4 CMakeFiles/cgba-gint-gpsp.dir/Users/ryougi/Dev/cgba/.claude/worktrees/elegant-faraday-ea393c/ports/fxcg100/fxcg100_gpsp_stubs.c.obj
                0x00302ea8                _netpacket_send
 .text.netpacket_poll_receive
                0x00302eac        0x4 CMakeFiles/cgba-gint-gpsp.dir/Users/ryougi/Dev/cgba/.claude/worktrees/elegant-faraday-ea393c/ports/fxcg100/fxcg100_gpsp_stubs.c.obj
                0x00302eac                _netpacket_poll_receive
 .text.sound_timer_queue32
                0x00302eb0        0x4 CMakeFiles/cgba-gint-gpsp.dir/Users/ryougi/Dev/cgba/.claude/worktrees/elegant-faraday-ea393c/ports/fxcg100/fxcg100_sound_stub.c.obj
                0x00302eb0                _sound_timer_queue32
 .text.sound_timer
                0x00302eb4        0x4 CMakeFiles/cgba-gint-gpsp.dir/Users/ryougi/Dev/cgba/.claude/worktrees/elegant-faraday-ea393c/ports/fxcg100/fxcg100_sound_stub.c.obj
                0x00302eb4                _sound_timer
 .text.sound_reset_fifo
                0x00302eb8       0x24 CMakeFiles/cgba-gint-gpsp.dir/Users/ryougi/Dev/cgba/.claude/worktrees/elegant-faraday-ea393c/ports/fxcg100/fxcg100_sound_stub.c.obj
                0x00302eb8                _sound_reset_fifo
 .text.render_gbc_sound
                0x00302edc        0x4 CMakeFiles/cgba-gint-gpsp.dir/Users/ryougi/Dev/cgba/.claude/worktrees/elegant-faraday-ea393c/ports/fxcg100/fxcg100_sound_stub.c.obj
                0x00302edc                _render_gbc_sound
 .text.init_sound
                0x00302ee0       0x5c CMakeFiles/cgba-gint-gpsp.dir/Users/ryougi/Dev/cgba/.claude/worktrees/elegant-faraday-ea393c/ports/fxcg100/fxcg100_sound_stub.c.obj
                0x00302ee0                _init_sound
 .text.reset_sound
                0x00302f3c       0x5c CMakeFiles/cgba-gint-gpsp.dir/Users/ryougi/Dev/cgba/.claude/worktrees/elegant-faraday-ea393c/ports/fxcg100/fxcg100_sound_stub.c.obj
                0x00302f3c                _reset_sound
 .text.sound_check_savestate
                0x00302f98        0x4 CMakeFiles/cgba-gint-gpsp.dir/Users/ryougi/Dev/cgba/.claude/worktrees/elegant-faraday-ea393c/ports/fxcg100/fxcg100_sound_stub.c.obj
                0x00302f98                _sound_check_savestate
 .text.sound_write_savestate
                0x00302f9c        0x4 CMakeFiles/cgba-gint-gpsp.dir/Users/ryougi/Dev/cgba/.claude/worktrees/elegant-faraday-ea393c/ports/fxcg100/fxcg100_sound_stub.c.obj
                0x00302f9c                _sound_write_savestate
 .text.sound_read_savestate
                0x00302fa0       0x60 CMakeFiles/cgba-gint-gpsp.dir/Users/ryougi/Dev/cgba/.claude/worktrees/elegant-faraday-ea393c/ports/fxcg100/fxcg100_sound_stub.c.obj
                0x00302fa0                _sound_read_savestate
 .text.rand_gen
                0x00303000       0x28 CMakeFiles/cgba-gint-gpsp.dir/Users/ryougi/Dev/cgba/.claude/worktrees/elegant-faraday-ea393c/vendor/gpsp/main.c.obj
                0x00303000                _rand_gen
 .text.rand_seed
                0x00303028       0x28 CMakeFiles/cgba-gint-gpsp.dir/Users/ryougi/Dev/cgba/.claude/worktrees/elegant-faraday-ea393c/vendor/gpsp/main.c.obj
                0x00303028                _rand_seed
 .text.cgba_recompute_timer_cap_mask
                0x00303050       0x5c CMakeFiles/cgba-gint-gpsp.dir/Users/ryougi/Dev/cgba/.claude/worktrees/elegant-faraday-ea393c/vendor/gpsp/main.c.obj
                0x00303050                _cgba_recompute_timer_cap_mask
 .text.init_main
                0x003030ac       0x80 CMakeFiles/cgba-gint-gpsp.dir/Users/ryougi/Dev/cgba/.claude/worktrees/elegant-faraday-ea393c/vendor/gpsp/main.c.obj
                0x003030ac                _init_main
 .text.update_gba
                0x0030312c      0x4a4 CMakeFiles/cgba-gint-gpsp.dir/Users/ryougi/Dev/cgba/.claude/worktrees/elegant-faraday-ea393c/vendor/gpsp/main.c.obj
                0x0030312c                _update_gba
 .text.reset_gba
                0x003035d0       0x34 CMakeFiles/cgba-gint-gpsp.dir/Users/ryougi/Dev/cgba/.claude/worktrees/elegant-faraday-ea393c/vendor/gpsp/main.c.obj
                0x003035d0                _reset_gba
 .text.main_check_savestate
                0x00303604      0x13c CMakeFiles/cgba-gint-gpsp.dir/Users/ryougi/Dev/cgba/.claude/worktrees/elegant-faraday-ea393c/vendor/gpsp/main.c.obj
                0x00303604                _main_check_savestate
 .text.main_read_savestate
                0x00303740      0x1c4 CMakeFiles/cgba-gint-gpsp.dir/Users/ryougi/Dev/cgba/.claude/worktrees/elegant-faraday-ea393c/vendor/gpsp/main.c.obj
                0x00303740                _main_read_savestate
 .text.main_write_savestate
                0x00303904      0x4f4 CMakeFiles/cgba-gint-gpsp.dir/Users/ryougi/Dev/cgba/.claude/worktrees/elegant-faraday-ea393c/vendor/gpsp/main.c.obj
                0x00303904                _main_write_savestate
 .text.evict_gamepak_page
                0x00303df8       0xdc CMakeFiles/cgba-gint-gpsp.dir/Users/ryougi/Dev/cgba/.claude/worktrees/elegant-faraday-ea393c/vendor/gpsp/gba_memory.c.obj
 .text.normalize_blank_backup_for_detected_type
                0x00303ed4       0x6c CMakeFiles/cgba-gint-gpsp.dir/Users/ryougi/Dev/cgba/.claude/worktrees/elegant-faraday-ea393c/vendor/gpsp/gba_memory.c.obj
 .text.trigger_timer
                0x00303f40      0x190 CMakeFiles/cgba-gint-gpsp.dir/Users/ryougi/Dev/cgba/.claude/worktrees/elegant-faraday-ea393c/vendor/gpsp/gba_memory.c.obj
 .text.load_game_config_over
                0x003040d0      0x138 CMakeFiles/cgba-gint-gpsp.dir/Users/ryougi/Dev/cgba/.claude/worktrees/elegant-faraday-ea393c/vendor/gpsp/gba_memory.c.obj
 .text.rom_is_pokemon_family
                0x00304208       0x8c CMakeFiles/cgba-gint-gpsp.dir/Users/ryougi/Dev/cgba/.claude/worktrees/elegant-faraday-ea393c/vendor/gpsp/gba_memory.c.obj
 .text.detect_backup_subcircuit
                0x00304294      0x36c CMakeFiles/cgba-gint-gpsp.dir/Users/ryougi/Dev/cgba/.claude/worktrees/elegant-faraday-ea393c/vendor/gpsp/gba_memory.c.obj
 .text.reload_timing_info
                0x00304600       0xc0 CMakeFiles/cgba-gint-gpsp.dir/Users/ryougi/Dev/cgba/.claude/worktrees/elegant-faraday-ea393c/vendor/gpsp/gba_memory.c.obj
                0x00304600                _reload_timing_info
 .text.read_backup
                0x003046c0       0xa4 CMakeFiles/cgba-gint-gpsp.dir/Users/ryougi/Dev/cgba/.claude/worktrees/elegant-faraday-ea393c/vendor/gpsp/gba_memory.c.obj
                0x003046c0                _read_backup
 .text.write_eeprom
                0x00304764      0x130 CMakeFiles/cgba-gint-gpsp.dir/Users/ryougi/Dev/cgba/.claude/worktrees/elegant-faraday-ea393c/vendor/gpsp/gba_memory.c.obj
                0x00304764                _write_eeprom
 .text.read_eeprom
                0x00304894       0x7c CMakeFiles/cgba-gint-gpsp.dir/Users/ryougi/Dev/cgba/.claude/worktrees/elegant-faraday-ea393c/vendor/gpsp/gba_memory.c.obj
                0x00304894                _read_eeprom
 .text.write_backup
                0x00304910      0x200 CMakeFiles/cgba-gint-gpsp.dir/Users/ryougi/Dev/cgba/.claude/worktrees/elegant-faraday-ea393c/vendor/gpsp/gba_memory.c.obj
                0x00304910                _write_backup
 .text.update_gpio_romregs
                0x00304b10       0x60 CMakeFiles/cgba-gint-gpsp.dir/Users/ryougi/Dev/cgba/.claude/worktrees/elegant-faraday-ea393c/vendor/gpsp/gba_memory.c.obj
                0x00304b10                _update_gpio_romregs
 .text.write_rumble
                0x00304b70       0x48 CMakeFiles/cgba-gint-gpsp.dir/Users/ryougi/Dev/cgba/.claude/worktrees/elegant-faraday-ea393c/vendor/gpsp/gba_memory.c.obj
                0x00304b70                _write_rumble
 .text.write_gpio
                0x00304bb8      0x514 CMakeFiles/cgba-gint-gpsp.dir/Users/ryougi/Dev/cgba/.claude/worktrees/elegant-faraday-ea393c/vendor/gpsp/gba_memory.c.obj
                0x00304bb8                _write_gpio
 .text.load_gamepak_page
                0x003050cc      0x154 CMakeFiles/cgba-gint-gpsp.dir/Users/ryougi/Dev/cgba/.claude/worktrees/elegant-faraday-ea393c/vendor/gpsp/gba_memory.c.obj
                0x003050cc                _load_gamepak_page
 .text.read_memory8
                0x00305220      0x1d4 CMakeFiles/cgba-gint-gpsp.dir/Users/ryougi/Dev/cgba/.claude/worktrees/elegant-faraday-ea393c/vendor/gpsp/gba_memory.c.obj
                0x00305220                _read_memory8
 .text.read_memory8s
                0x003053f4       0x14 CMakeFiles/cgba-gint-gpsp.dir/Users/ryougi/Dev/cgba/.claude/worktrees/elegant-faraday-ea393c/vendor/gpsp/gba_memory.c.obj
                0x003053f4                _read_memory8s
 .text.read_memory16
                0x00305408      0x1dc CMakeFiles/cgba-gint-gpsp.dir/Users/ryougi/Dev/cgba/.claude/worktrees/elegant-faraday-ea393c/vendor/gpsp/gba_memory.c.obj
                0x00305408                _read_memory16
 .text.read_memory16_signed
                0x003055e4      0x1e4 CMakeFiles/cgba-gint-gpsp.dir/Users/ryougi/Dev/cgba/.claude/worktrees/elegant-faraday-ea393c/vendor/gpsp/gba_memory.c.obj
                0x003055e4                _read_memory16_signed
 .text.read_memory16s
                0x003057c8       0x14 CMakeFiles/cgba-gint-gpsp.dir/Users/ryougi/Dev/cgba/.claude/worktrees/elegant-faraday-ea393c/vendor/gpsp/gba_memory.c.obj
                0x003057c8                _read_memory16s
 .text.read_memory32
                0x003057dc      0x1f4 CMakeFiles/cgba-gint-gpsp.dir/Users/ryougi/Dev/cgba/.claude/worktrees/elegant-faraday-ea393c/vendor/gpsp/gba_memory.c.obj
                0x003057dc                _read_memory32
 .text.dma_tf_loop32
                0x003059d0     0x1eb4 CMakeFiles/cgba-gint-gpsp.dir/Users/ryougi/Dev/cgba/.claude/worktrees/elegant-faraday-ea393c/vendor/gpsp/gba_memory.c.obj
                0x003059d0                _dma_tf_loop32
 .text.dma_transfer_copy
                0x00307884       0x6c CMakeFiles/cgba-gint-gpsp.dir/Users/ryougi/Dev/cgba/.claude/worktrees/elegant-faraday-ea393c/vendor/gpsp/gba_memory.c.obj
 .text.gpsp_dma_transfer
                0x003078f0      0x25c CMakeFiles/cgba-gint-gpsp.dir/Users/ryougi/Dev/cgba/.claude/worktrees/elegant-faraday-ea393c/vendor/gpsp/gba_memory.c.obj
                0x003078f0                _gpsp_dma_transfer
 .text.trigger_dma
                0x00307b4c      0x1f0 CMakeFiles/cgba-gint-gpsp.dir/Users/ryougi/Dev/cgba/.claude/worktrees/elegant-faraday-ea393c/vendor/gpsp/gba_memory.c.obj
 .text.write_io_register16
                0x00307d3c      0xb08 CMakeFiles/cgba-gint-gpsp.dir/Users/ryougi/Dev/cgba/.claude/worktrees/elegant-faraday-ea393c/vendor/gpsp/gba_memory.c.obj
                0x00307d3c                _write_io_register16
 .text.write_io_register8
                0x00308844       0x88 CMakeFiles/cgba-gint-gpsp.dir/Users/ryougi/Dev/cgba/.claude/worktrees/elegant-faraday-ea393c/vendor/gpsp/gba_memory.c.obj
                0x00308844                _write_io_register8
 .text.write_memory8
                0x003088cc       0xe4 CMakeFiles/cgba-gint-gpsp.dir/Users/ryougi/Dev/cgba/.claude/worktrees/elegant-faraday-ea393c/vendor/gpsp/gba_memory.c.obj
                0x003088cc                _write_memory8
 .text.write_io_register32
                0x003089b0       0x70 CMakeFiles/cgba-gint-gpsp.dir/Users/ryougi/Dev/cgba/.claude/worktrees/elegant-faraday-ea393c/vendor/gpsp/gba_memory.c.obj
                0x003089b0                _write_io_register32
 .text.write_memory32
                0x00308a20      0x110 CMakeFiles/cgba-gint-gpsp.dir/Users/ryougi/Dev/cgba/.claude/worktrees/elegant-faraday-ea393c/vendor/gpsp/gba_memory.c.obj
                0x00308a20                _write_memory32
 .text.write_memory16
                0x00308b30      0x10c CMakeFiles/cgba-gint-gpsp.dir/Users/ryougi/Dev/cgba/.claude/worktrees/elegant-faraday-ea393c/vendor/gpsp/gba_memory.c.obj
                0x00308b30                _write_memory16
 .text.dma_tf_loop16
                0x00308c3c     0x1bac CMakeFiles/cgba-gint-gpsp.dir/Users/ryougi/Dev/cgba/.claude/worktrees/elegant-faraday-ea393c/vendor/gpsp/gba_memory.c.obj
                0x00308c3c                _dma_tf_loop16
 .text.init_gamepak_buffer
                0x0030a7e8       0x50 CMakeFiles/cgba-gint-gpsp.dir/Users/ryougi/Dev/cgba/.claude/worktrees/elegant-faraday-ea393c/vendor/gpsp/gba_memory.c.obj
                0x0030a7e8                _init_gamepak_buffer
 .text.gamepak_must_swap
                0x0030a838       0x2c CMakeFiles/cgba-gint-gpsp.dir/Users/ryougi/Dev/cgba/.claude/worktrees/elegant-faraday-ea393c/vendor/gpsp/gba_memory.c.obj
                0x0030a838                _gamepak_must_swap
 .text.init_memory
                0x0030a864      0x23c CMakeFiles/cgba-gint-gpsp.dir/Users/ryougi/Dev/cgba/.claude/worktrees/elegant-faraday-ea393c/vendor/gpsp/gba_memory.c.obj
                0x0030a864                _init_memory
 .text.memory_check_savestate
                0x0030aaa0      0x154 CMakeFiles/cgba-gint-gpsp.dir/Users/ryougi/Dev/cgba/.claude/worktrees/elegant-faraday-ea393c/vendor/gpsp/gba_memory.c.obj
                0x0030aaa0                _memory_check_savestate
 .text.memory_read_savestate
                0x0030abf4      0x3c4 CMakeFiles/cgba-gint-gpsp.dir/Users/ryougi/Dev/cgba/.claude/worktrees/elegant-faraday-ea393c/vendor/gpsp/gba_memory.c.obj
                0x0030abf4                _memory_read_savestate
 .text.memory_write_savestate
                0x0030afb8      0xb5c CMakeFiles/cgba-gint-gpsp.dir/Users/ryougi/Dev/cgba/.claude/worktrees/elegant-faraday-ea393c/vendor/gpsp/gba_memory.c.obj
                0x0030afb8                _memory_write_savestate
 .text.load_gamepak_from_pages
                0x0030bb14      0x360 CMakeFiles/cgba-gint-gpsp.dir/Users/ryougi/Dev/cgba/.claude/worktrees/elegant-faraday-ea393c/vendor/gpsp/gba_memory.c.obj
                0x0030bb14                _load_gamepak_from_pages
 .text.gpsp_set_input_state_bits
                0x0030be74       0x10 CMakeFiles/cgba-gint-gpsp.dir/Users/ryougi/Dev/cgba/.claude/worktrees/elegant-faraday-ea393c/vendor/gpsp/input.c.obj
                0x0030be74                _gpsp_set_input_state_bits
 .text.update_input
                0x0030be84      0x2d0 CMakeFiles/cgba-gint-gpsp.dir/Users/ryougi/Dev/cgba/.claude/worktrees/elegant-faraday-ea393c/vendor/gpsp/input.c.obj
                0x0030be84                _update_input
 .text.input_check_savestate
                0x0030c154       0x34 CMakeFiles/cgba-gint-gpsp.dir/Users/ryougi/Dev/cgba/.claude/worktrees/elegant-faraday-ea393c/vendor/gpsp/input.c.obj
                0x0030c154                _input_check_savestate
 .text.input_read_savestate
                0x0030c188       0xd0 CMakeFiles/cgba-gint-gpsp.dir/Users/ryougi/Dev/cgba/.claude/worktrees/elegant-faraday-ea393c/vendor/gpsp/input.c.obj
                0x0030c188                _input_read_savestate
 .text.input_write_savestate
                0x0030c258      0x1d4 CMakeFiles/cgba-gint-gpsp.dir/Users/ryougi/Dev/cgba/.claude/worktrees/elegant-faraday-ea393c/vendor/gpsp/input.c.obj
                0x0030c258                _input_write_savestate
 .text.process_cheats
                0x0030c42c      0x36c CMakeFiles/cgba-gint-gpsp.dir/Users/ryougi/Dev/cgba/.claude/worktrees/elegant-faraday-ea393c/vendor/gpsp/cheats.c.obj
                0x0030c42c                _process_cheats
 .text.gbp_get_state
                0x0030c798       0x30 CMakeFiles/cgba-gint-gpsp.dir/Users/ryougi/Dev/cgba/.claude/worktrees/elegant-faraday-ea393c/vendor/gpsp/gbp.c.obj
                0x0030c798                _gbp_get_state
 .text.gbp_set_state
                0x0030c7c8       0x2c CMakeFiles/cgba-gint-gpsp.dir/Users/ryougi/Dev/cgba/.claude/worktrees/elegant-faraday-ea393c/vendor/gpsp/gbp.c.obj
                0x0030c7c8                _gbp_set_state
 .text.gbp_reset
                0x0030c7f4       0x34 CMakeFiles/cgba-gint-gpsp.dir/Users/ryougi/Dev/cgba/.claude/worktrees/elegant-faraday-ea393c/vendor/gpsp/gbp.c.obj
                0x0030c7f4                _gbp_reset
 .text.gbp_transfer
                0x0030c828       0xac CMakeFiles/cgba-gint-gpsp.dir/Users/ryougi/Dev/cgba/.claude/worktrees/elegant-faraday-ea393c/vendor/gpsp/gbp.c.obj
                0x0030c828                _gbp_transfer
 .text.serial_get_irq_cycles
                0x0030c8d4        0xc CMakeFiles/cgba-gint-gpsp.dir/Users/ryougi/Dev/cgba/.claude/worktrees/elegant-faraday-ea393c/vendor/gpsp/serial.c.obj
                0x0030c8d4                _serial_get_irq_cycles
 .text.serial_set_irq_cycles
                0x0030c8e0        0xc CMakeFiles/cgba-gint-gpsp.dir/Users/ryougi/Dev/cgba/.claude/worktrees/elegant-faraday-ea393c/vendor/gpsp/serial.c.obj
                0x0030c8e0                _serial_set_irq_cycles
 .text.write_rcnt
                0x0030c8ec       0xcc CMakeFiles/cgba-gint-gpsp.dir/Users/ryougi/Dev/cgba/.claude/worktrees/elegant-faraday-ea393c/vendor/gpsp/serial.c.obj
                0x0030c8ec                _write_rcnt
 .text.write_siocnt
                0x0030c9b8      0x220 CMakeFiles/cgba-gint-gpsp.dir/Users/ryougi/Dev/cgba/.claude/worktrees/elegant-faraday-ea393c/vendor/gpsp/serial.c.obj
                0x0030c9b8                _write_siocnt
 .text.serial_next_event
                0x0030cbd8       0x14 CMakeFiles/cgba-gint-gpsp.dir/Users/ryougi/Dev/cgba/.claude/worktrees/elegant-faraday-ea393c/vendor/gpsp/serial.c.obj
                0x0030cbd8                _serial_next_event
 .text.update_serial
                0x0030cbec       0xe0 CMakeFiles/cgba-gint-gpsp.dir/Users/ryougi/Dev/cgba/.claude/worktrees/elegant-faraday-ea393c/vendor/gpsp/serial.c.obj
                0x0030cbec                _update_serial
 .text.process_awpeer_val
                0x0030cccc       0xe4 CMakeFiles/cgba-gint-gpsp.dir/Users/ryougi/Dev/cgba/.claude/worktrees/elegant-faraday-ea393c/vendor/gpsp/serial_proto.c.obj
 .text.process_awpeer
                0x0030cdb0       0xf8 CMakeFiles/cgba-gint-gpsp.dir/Users/ryougi/Dev/cgba/.claude/worktrees/elegant-faraday-ea393c/vendor/gpsp/serial_proto.c.obj
 .text.serialaw_senddata
                0x0030cea8       0x8c CMakeFiles/cgba-gint-gpsp.dir/Users/ryougi/Dev/cgba/.claude/worktrees/elegant-faraday-ea393c/vendor/gpsp/serial_proto.c.obj
 .text.serialpoke_senddata
                0x0030cf34       0x78 CMakeFiles/cgba-gint-gpsp.dir/Users/ryougi/Dev/cgba/.claude/worktrees/elegant-faraday-ea393c/vendor/gpsp/serial_proto.c.obj
 .text.serialproto_reset
                0x0030cfac       0x14 CMakeFiles/cgba-gint-gpsp.dir/Users/ryougi/Dev/cgba/.claude/worktrees/elegant-faraday-ea393c/vendor/gpsp/serial_proto.c.obj
                0x0030cfac                _serialproto_reset
 .text.serialpoke_master_send
                0x0030cfc0      0x290 CMakeFiles/cgba-gint-gpsp.dir/Users/ryougi/Dev/cgba/.claude/worktrees/elegant-faraday-ea393c/vendor/gpsp/serial_proto.c.obj
                0x0030cfc0                _serialpoke_master_send
 .text.serialpoke_update
                0x0030d250      0x32c CMakeFiles/cgba-gint-gpsp.dir/Users/ryougi/Dev/cgba/.claude/worktrees/elegant-faraday-ea393c/vendor/gpsp/serial_proto.c.obj
                0x0030d250                _serialpoke_update
 .text.serialaw_master_send
                0x0030d57c      0x2bc CMakeFiles/cgba-gint-gpsp.dir/Users/ryougi/Dev/cgba/.claude/worktrees/elegant-faraday-ea393c/vendor/gpsp/serial_proto.c.obj
                0x0030d57c                _serialaw_master_send
 .text.serialaw_update
                0x0030d838      0x3d4 CMakeFiles/cgba-gint-gpsp.dir/Users/ryougi/Dev/cgba/.claude/worktrees/elegant-faraday-ea393c/vendor/gpsp/serial_proto.c.obj
                0x0030d838                _serialaw_update
 .text.rfu_net_send_data.constprop.0
                0x0030dc0c       0x88 CMakeFiles/cgba-gint-gpsp.dir/Users/ryougi/Dev/cgba/.claude/worktrees/elegant-faraday-ea393c/vendor/gpsp/rfu.c.obj
 .text.rfu_process_command
                0x0030dc94      0x6d0 CMakeFiles/cgba-gint-gpsp.dir/Users/ryougi/Dev/cgba/.claude/worktrees/elegant-faraday-ea393c/vendor/gpsp/rfu.c.obj
 .text.rfu_reset
                0x0030e364       0x80 CMakeFiles/cgba-gint-gpsp.dir/Users/ryougi/Dev/cgba/.claude/worktrees/elegant-faraday-ea393c/vendor/gpsp/rfu.c.obj
                0x0030e364                _rfu_reset
 .text.rfu_transfer
                0x0030e3e4      0x214 CMakeFiles/cgba-gint-gpsp.dir/Users/ryougi/Dev/cgba/.claude/worktrees/elegant-faraday-ea393c/vendor/gpsp/rfu.c.obj
                0x0030e3e4                _rfu_transfer
 .text.rfu_update
                0x0030e5f8      0x1a4 CMakeFiles/cgba-gint-gpsp.dir/Users/ryougi/Dev/cgba/.claude/worktrees/elegant-faraday-ea393c/vendor/gpsp/rfu.c.obj
                0x0030e5f8                _rfu_update
 .text.bson_contains_key
                0x0030e79c      0x128 CMakeFiles/cgba-gint-gpsp.dir/Users/ryougi/Dev/cgba/.claude/worktrees/elegant-faraday-ea393c/vendor/gpsp/savestate.c.obj
                0x0030e79c                _bson_contains_key
 .text.bson_find_key
                0x0030e8c4      0x124 CMakeFiles/cgba-gint-gpsp.dir/Users/ryougi/Dev/cgba/.claude/worktrees/elegant-faraday-ea393c/vendor/gpsp/savestate.c.obj
                0x0030e8c4                _bson_find_key
 .text.bson_read_int32
                0x0030e9e8       0x50 CMakeFiles/cgba-gint-gpsp.dir/Users/ryougi/Dev/cgba/.claude/worktrees/elegant-faraday-ea393c/vendor/gpsp/savestate.c.obj
                0x0030e9e8                _bson_read_int32
 .text.bson_read_int32_array
                0x0030ea38       0xac CMakeFiles/cgba-gint-gpsp.dir/Users/ryougi/Dev/cgba/.claude/worktrees/elegant-faraday-ea393c/vendor/gpsp/savestate.c.obj
                0x0030ea38                _bson_read_int32_array
 .text.bson_read_bytes
                0x0030eae4       0x60 CMakeFiles/cgba-gint-gpsp.dir/Users/ryougi/Dev/cgba/.claude/worktrees/elegant-faraday-ea393c/vendor/gpsp/savestate.c.obj
                0x0030eae4                _bson_read_bytes
 .text.gba_load_state
                0x0030eb44      0x1bc CMakeFiles/cgba-gint-gpsp.dir/Users/ryougi/Dev/cgba/.claude/worktrees/elegant-faraday-ea393c/vendor/gpsp/savestate.c.obj
                0x0030eb44                _gba_load_state
 .text.gba_save_state
                0x0030ed00      0x15c CMakeFiles/cgba-gint-gpsp.dir/Users/ryougi/Dev/cgba/.claude/worktrees/elegant-faraday-ea393c/vendor/gpsp/savestate.c.obj
                0x0030ed00                _gba_save_state
 .text.sh4g_u16
                0x0030ee5c       0x14 CMakeFiles/cgba-gint-gpsp.dir/Users/ryougi/Dev/cgba/.claude/worktrees/elegant-faraday-ea393c/vendor/gpsp/cpu_threaded.c.obj
 .text.sh4g_patch_cond_skip
                0x0030ee70       0xc0 CMakeFiles/cgba-gint-gpsp.dir/Users/ryougi/Dev/cgba/.claude/worktrees/elegant-faraday-ea393c/vendor/gpsp/cpu_threaded.c.obj
 .text.sh4g_store_greg.constprop.0
                0x0030ef30       0x28 CMakeFiles/cgba-gint-gpsp.dir/Users/ryougi/Dev/cgba/.claude/worktrees/elegant-faraday-ea393c/vendor/gpsp/cpu_threaded.c.obj
 .text.sh4g_emit_patch_jump
                0x0030ef58       0xa0 CMakeFiles/cgba-gint-gpsp.dir/Users/ryougi/Dev/cgba/.claude/worktrees/elegant-faraday-ea393c/vendor/gpsp/cpu_threaded.c.obj
 .text.sh4g_far_jmp
                0x0030eff8       0xb0 CMakeFiles/cgba-gint-gpsp.dir/Users/ryougi/Dev/cgba/.claude/worktrees/elegant-faraday-ea393c/vendor/gpsp/cpu_threaded.c.obj
 .text.sh4g_charge_mem_run.part.0.constprop.0
                0x0030f0a8       0x90 CMakeFiles/cgba-gint-gpsp.dir/Users/ryougi/Dev/cgba/.claude/worktrees/elegant-faraday-ea393c/vendor/gpsp/cpu_threaded.c.obj
 .text.sh4g_set_flags.part.0.constprop.0
                0x0030f138      0x160 CMakeFiles/cgba-gint-gpsp.dir/Users/ryougi/Dev/cgba/.claude/worktrees/elegant-faraday-ea393c/vendor/gpsp/cpu_threaded.c.obj
 .text.sh4g_cond_to_T
                0x0030f298      0x124 CMakeFiles/cgba-gint-gpsp.dir/Users/ryougi/Dev/cgba/.claude/worktrees/elegant-faraday-ea393c/vendor/gpsp/cpu_threaded.c.obj
 .text.sh4g_arm_shift_imm_op2
                0x0030f3bc       0xb8 CMakeFiles/cgba-gint-gpsp.dir/Users/ryougi/Dev/cgba/.claude/worktrees/elegant-faraday-ea393c/vendor/gpsp/cpu_threaded.c.obj
 .text.sh4g_dp_addsub
                0x0030f474      0x264 CMakeFiles/cgba-gint-gpsp.dir/Users/ryougi/Dev/cgba/.claude/worktrees/elegant-faraday-ea393c/vendor/gpsp/cpu_threaded.c.obj
 .text.sh4g_op2_tramp_call
                0x0030f6d8      0x128 CMakeFiles/cgba-gint-gpsp.dir/Users/ryougi/Dev/cgba/.claude/worktrees/elegant-faraday-ea393c/vendor/gpsp/cpu_threaded.c.obj
 .text.sh4g_dp_carry.constprop.0
                0x0030f800      0x284 CMakeFiles/cgba-gint-gpsp.dir/Users/ryougi/Dev/cgba/.claude/worktrees/elegant-faraday-ea393c/vendor/gpsp/cpu_threaded.c.obj
 .text.sh4g_fastmem_site_raw
                0x0030fa84      0x128 CMakeFiles/cgba-gint-gpsp.dir/Users/ryougi/Dev/cgba/.claude/worktrees/elegant-faraday-ea393c/vendor/gpsp/cpu_threaded.c.obj
 .text.sh4g_shift_imm
                0x0030fbac      0x1f0 CMakeFiles/cgba-gint-gpsp.dir/Users/ryougi/Dev/cgba/.claude/worktrees/elegant-faraday-ea393c/vendor/gpsp/cpu_threaded.c.obj
 .text.sh4g_arm_multiply_native
                0x0030fd9c       0xfc CMakeFiles/cgba-gint-gpsp.dir/Users/ryougi/Dev/cgba/.claude/worktrees/elegant-faraday-ea393c/vendor/gpsp/cpu_threaded.c.obj
 .text.sh4g_const
                0x0030fe98      0x258 CMakeFiles/cgba-gint-gpsp.dir/Users/ryougi/Dev/cgba/.claude/worktrees/elegant-faraday-ea393c/vendor/gpsp/cpu_threaded.c.obj
 .text.sh4g_cycle_debit
                0x003100f0       0x50 CMakeFiles/cgba-gint-gpsp.dir/Users/ryougi/Dev/cgba/.claude/worktrees/elegant-faraday-ea393c/vendor/gpsp/cpu_threaded.c.obj
 .text.sh4g_thumb_ldst_const_native
                0x00310140      0x2ec CMakeFiles/cgba-gint-gpsp.dir/Users/ryougi/Dev/cgba/.claude/worktrees/elegant-faraday-ea393c/vendor/gpsp/cpu_threaded.c.obj
 .text.sh4g_branch_exit_idle.constprop.0
                0x0031042c      0x14c CMakeFiles/cgba-gint-gpsp.dir/Users/ryougi/Dev/cgba/.claude/worktrees/elegant-faraday-ea393c/vendor/gpsp/cpu_threaded.c.obj
 .text.sh4g_branch_exit.constprop.0
                0x00310578      0x11c CMakeFiles/cgba-gint-gpsp.dir/Users/ryougi/Dev/cgba/.claude/worktrees/elegant-faraday-ea393c/vendor/gpsp/cpu_threaded.c.obj
 .text.sh4g_thumb_ldst_native
                0x00310694      0x574 CMakeFiles/cgba-gint-gpsp.dir/Users/ryougi/Dev/cgba/.claude/worktrees/elegant-faraday-ea393c/vendor/gpsp/cpu_threaded.c.obj
 .text.sh4g_cycle_sub.part.0
                0x00310c08       0xa0 CMakeFiles/cgba-gint-gpsp.dir/Users/ryougi/Dev/cgba/.claude/worktrees/elegant-faraday-ea393c/vendor/gpsp/cpu_threaded.c.obj
 .text.sh4g_arm_multiply_long_native
                0x00310ca8      0x1c8 CMakeFiles/cgba-gint-gpsp.dir/Users/ryougi/Dev/cgba/.claude/worktrees/elegant-faraday-ea393c/vendor/gpsp/cpu_threaded.c.obj
 .text.sh4g_thumb_shift_reg_native.isra.0
                0x00310e70      0x500 CMakeFiles/cgba-gint-gpsp.dir/Users/ryougi/Dev/cgba/.claude/worktrees/elegant-faraday-ea393c/vendor/gpsp/cpu_threaded.c.obj
 .text.sh4g_arm_ldst_native
                0x00311370      0x444 CMakeFiles/cgba-gint-gpsp.dir/Users/ryougi/Dev/cgba/.claude/worktrees/elegant-faraday-ea393c/vendor/gpsp/cpu_threaded.c.obj
 .text.sh4g_arm_psr_native
                0x003117b4      0x644 CMakeFiles/cgba-gint-gpsp.dir/Users/ryougi/Dev/cgba/.claude/worktrees/elegant-faraday-ea393c/vendor/gpsp/cpu_threaded.c.obj
 .text.sh4g_thumb_block_native
                0x00311df8      0xf9c CMakeFiles/cgba-gint-gpsp.dir/Users/ryougi/Dev/cgba/.claude/worktrees/elegant-faraday-ea393c/vendor/gpsp/cpu_threaded.c.obj
 .text.sh4g_arm_block_native
                0x00312d94      0x9dc CMakeFiles/cgba-gint-gpsp.dir/Users/ryougi/Dev/cgba/.claude/worktrees/elegant-faraday-ea393c/vendor/gpsp/cpu_threaded.c.obj
 .text.sh4g_arm_dp_native
                0x00313770      0x674 CMakeFiles/cgba-gint-gpsp.dir/Users/ryougi/Dev/cgba/.claude/worktrees/elegant-faraday-ea393c/vendor/gpsp/cpu_threaded.c.obj
 .text.sh4g_thumb_dp_native
                0x00313de4      0x660 CMakeFiles/cgba-gint-gpsp.dir/Users/ryougi/Dev/cgba/.claude/worktrees/elegant-faraday-ea393c/vendor/gpsp/cpu_threaded.c.obj
 .text.cgba_sh4_prof_counter_for_key
                0x00314444       0x8c CMakeFiles/cgba-gint-gpsp.dir/Users/ryougi/Dev/cgba/.claude/worktrees/elegant-faraday-ea393c/vendor/gpsp/cpu_threaded.c.obj
                0x00314444                _cgba_sh4_prof_counter_for_key
 .text.cgba_sh4_prof_reset
                0x003144d0       0x44 CMakeFiles/cgba-gint-gpsp.dir/Users/ryougi/Dev/cgba/.claude/worktrees/elegant-faraday-ea393c/vendor/gpsp/cpu_threaded.c.obj
                0x003144d0                _cgba_sh4_prof_reset
 .text.translate_icache_sync
                0x00314514       0xc0 CMakeFiles/cgba-gint-gpsp.dir/Users/ryougi/Dev/cgba/.claude/worktrees/elegant-faraday-ea393c/vendor/gpsp/cpu_threaded.c.obj
                0x00314514                _translate_icache_sync
 .text.flush_translation_cache_ram
                0x003145d4      0x13c CMakeFiles/cgba-gint-gpsp.dir/Users/ryougi/Dev/cgba/.claude/worktrees/elegant-faraday-ea393c/vendor/gpsp/cpu_threaded.c.obj
                0x003145d4                _flush_translation_cache_ram
 .text.cgba_sh4_dump_rom_blockmap
                0x00314710      0x10c CMakeFiles/cgba-gint-gpsp.dir/Users/ryougi/Dev/cgba/.claude/worktrees/elegant-faraday-ea393c/vendor/gpsp/cpu_threaded.c.obj
                0x00314710                _cgba_sh4_dump_rom_blockmap
 .text.flush_translation_cache_rom
                0x0031481c       0x8c CMakeFiles/cgba-gint-gpsp.dir/Users/ryougi/Dev/cgba/.claude/worktrees/elegant-faraday-ea393c/vendor/gpsp/cpu_threaded.c.obj
                0x0031481c                _flush_translation_cache_rom
 .text.translate_block_arm
                0x003148a8     0x5d0c CMakeFiles/cgba-gint-gpsp.dir/Users/ryougi/Dev/cgba/.claude/worktrees/elegant-faraday-ea393c/vendor/gpsp/cpu_threaded.c.obj
                0x003148a8                _translate_block_arm
 .text.block_lookup_translate_arm
                0x0031a5b4      0x1bc CMakeFiles/cgba-gint-gpsp.dir/Users/ryougi/Dev/cgba/.claude/worktrees/elegant-faraday-ea393c/vendor/gpsp/cpu_threaded.c.obj
                0x0031a5b4                _block_lookup_translate_arm
 .text.translate_block_thumb
                0x0031a770     0x4e68 CMakeFiles/cgba-gint-gpsp.dir/Users/ryougi/Dev/cgba/.claude/worktrees/elegant-faraday-ea393c/vendor/gpsp/cpu_threaded.c.obj
                0x0031a770                _translate_block_thumb
 .text.block_lookup_translate_thumb
                0x0031f5d8      0x1b4 CMakeFiles/cgba-gint-gpsp.dir/Users/ryougi/Dev/cgba/.claude/worktrees/elegant-faraday-ea393c/vendor/gpsp/cpu_threaded.c.obj
                0x0031f5d8                _block_lookup_translate_thumb
 .text.block_lookup_address_thumb
                0x0031f78c       0xec CMakeFiles/cgba-gint-gpsp.dir/Users/ryougi/Dev/cgba/.claude/worktrees/elegant-faraday-ea393c/vendor/gpsp/cpu_threaded.c.obj
                0x0031f78c                _block_lookup_address_thumb
 .text.block_lookup_address_arm
                0x0031f878      0x17c CMakeFiles/cgba-gint-gpsp.dir/Users/ryougi/Dev/cgba/.claude/worktrees/elegant-faraday-ea393c/vendor/gpsp/cpu_threaded.c.obj
                0x0031f878                _block_lookup_address_arm
 .text.block_lookup_address_dual
                0x0031f9f4      0x130 CMakeFiles/cgba-gint-gpsp.dir/Users/ryougi/Dev/cgba/.claude/worktrees/elegant-faraday-ea393c/vendor/gpsp/cpu_threaded.c.obj
                0x0031f9f4                _block_lookup_address_dual
 .text.init_dynarec_caches
                0x0031fb24       0xd8 CMakeFiles/cgba-gint-gpsp.dir/Users/ryougi/Dev/cgba/.claude/worktrees/elegant-faraday-ea393c/vendor/gpsp/cpu_threaded.c.obj
                0x0031fb24                _init_dynarec_caches
 .text.flush_dynarec_caches
                0x0031fbfc       0x44 CMakeFiles/cgba-gint-gpsp.dir/Users/ryougi/Dev/cgba/.claude/worktrees/elegant-faraday-ea393c/vendor/gpsp/cpu_threaded.c.obj
                0x0031fbfc                _flush_dynarec_caches
 .text.cgba_sh4_helper_thumb_ldst_detail
                0x0031fc40      0x1fc CMakeFiles/cgba-gint-gpsp.dir/Users/ryougi/Dev/cgba/.claude/worktrees/elegant-faraday-ea393c/ports/fxcg100/sh4/sh4_interp_helpers.c.obj
 .text.cgba_bulk_ram_host
                0x0031fe3c       0x98 CMakeFiles/cgba-gint-gpsp.dir/Users/ryougi/Dev/cgba/.claude/worktrees/elegant-faraday-ea393c/ports/fxcg100/sh4/sh4_interp_helpers.c.obj
 .text.sh4_rebank_and_irq
                0x0031fed4       0x78 CMakeFiles/cgba-gint-gpsp.dir/Users/ryougi/Dev/cgba/.claude/worktrees/elegant-faraday-ea393c/ports/fxcg100/sh4/sh4_interp_helpers.c.obj
 .text.cgba_bulk_cpuset
                0x0031ff4c      0x2dc CMakeFiles/cgba-gint-gpsp.dir/Users/ryougi/Dev/cgba/.claude/worktrees/elegant-faraday-ea393c/ports/fxcg100/sh4/sh4_interp_helpers.c.obj
 .text.execute_store_u8
                0x00320228       0xdc CMakeFiles/cgba-gint-gpsp.dir/Users/ryougi/Dev/cgba/.claude/worktrees/elegant-faraday-ea393c/ports/fxcg100/sh4/sh4_interp_helpers.c.obj
                0x00320228                _execute_store_u8
 .text.execute_store_u16
                0x00320304       0xe0 CMakeFiles/cgba-gint-gpsp.dir/Users/ryougi/Dev/cgba/.claude/worktrees/elegant-faraday-ea393c/ports/fxcg100/sh4/sh4_interp_helpers.c.obj
                0x00320304                _execute_store_u16
 .text.execute_store_u32
                0x003203e4       0xcc CMakeFiles/cgba-gint-gpsp.dir/Users/ryougi/Dev/cgba/.claude/worktrees/elegant-faraday-ea393c/ports/fxcg100/sh4/sh4_interp_helpers.c.obj
                0x003203e4                _execute_store_u32
 .text.cgba_sh4_thumb_ldst
                0x003204b0      0x42c CMakeFiles/cgba-gint-gpsp.dir/Users/ryougi/Dev/cgba/.claude/worktrees/elegant-faraday-ea393c/ports/fxcg100/sh4/sh4_interp_helpers.c.obj
                0x003204b0                _cgba_sh4_thumb_ldst
 .text.cgba_sh4_thumb_block
                0x003208dc      0x320 CMakeFiles/cgba-gint-gpsp.dir/Users/ryougi/Dev/cgba/.claude/worktrees/elegant-faraday-ea393c/ports/fxcg100/sh4/sh4_interp_helpers.c.obj
                0x003208dc                _cgba_sh4_thumb_block
 .text.cgba_sh4_thumb_shift_reg
                0x00320bfc      0x17c CMakeFiles/cgba-gint-gpsp.dir/Users/ryougi/Dev/cgba/.claude/worktrees/elegant-faraday-ea393c/ports/fxcg100/sh4/sh4_interp_helpers.c.obj
                0x00320bfc                _cgba_sh4_thumb_shift_reg
 .text.cgba_sh4_thumb_shift_imm
                0x00320d78      0x118 CMakeFiles/cgba-gint-gpsp.dir/Users/ryougi/Dev/cgba/.claude/worktrees/elegant-faraday-ea393c/ports/fxcg100/sh4/sh4_interp_helpers.c.obj
                0x00320d78                _cgba_sh4_thumb_shift_imm
 .text.cgba_sh4_thumb_dp
                0x00320e90      0x6d0 CMakeFiles/cgba-gint-gpsp.dir/Users/ryougi/Dev/cgba/.claude/worktrees/elegant-faraday-ea393c/ports/fxcg100/sh4/sh4_interp_helpers.c.obj
                0x00320e90                _cgba_sh4_thumb_dp
 .text.cgba_sh4_arm_ldst
                0x00321560      0x4d8 CMakeFiles/cgba-gint-gpsp.dir/Users/ryougi/Dev/cgba/.claude/worktrees/elegant-faraday-ea393c/ports/fxcg100/sh4/sh4_interp_helpers.c.obj
                0x00321560                _cgba_sh4_arm_ldst
 .text.execute_spsr_restore
                0x00321a38       0x58 CMakeFiles/cgba-gint-gpsp.dir/Users/ryougi/Dev/cgba/.claude/worktrees/elegant-faraday-ea393c/ports/fxcg100/sh4/sh4_interp_helpers.c.obj
                0x00321a38                _execute_spsr_restore
 .text.cgba_sh4_arm_block
                0x00321a90      0x360 CMakeFiles/cgba-gint-gpsp.dir/Users/ryougi/Dev/cgba/.claude/worktrees/elegant-faraday-ea393c/ports/fxcg100/sh4/sh4_interp_helpers.c.obj
                0x00321a90                _cgba_sh4_arm_block
 .text.cgba_sh4_arm_dp
                0x00321df0      0x524 CMakeFiles/cgba-gint-gpsp.dir/Users/ryougi/Dev/cgba/.claude/worktrees/elegant-faraday-ea393c/ports/fxcg100/sh4/sh4_interp_helpers.c.obj
                0x00321df0                _cgba_sh4_arm_dp
 .text.cgba_sh4_arm_multiply
                0x00322314       0x94 CMakeFiles/cgba-gint-gpsp.dir/Users/ryougi/Dev/cgba/.claude/worktrees/elegant-faraday-ea393c/ports/fxcg100/sh4/sh4_interp_helpers.c.obj
                0x00322314                _cgba_sh4_arm_multiply
 .text.cgba_sh4_arm_multiply_long
                0x003223a8       0xb8 CMakeFiles/cgba-gint-gpsp.dir/Users/ryougi/Dev/cgba/.claude/worktrees/elegant-faraday-ea393c/ports/fxcg100/sh4/sh4_interp_helpers.c.obj
                0x003223a8                _cgba_sh4_arm_multiply_long
 .text.cgba_sh4_arm_psr
                0x00322460      0x124 CMakeFiles/cgba-gint-gpsp.dir/Users/ryougi/Dev/cgba/.claude/worktrees/elegant-faraday-ea393c/ports/fxcg100/sh4/sh4_interp_helpers.c.obj
                0x00322460                _cgba_sh4_arm_psr
 .text.cgba_sh4_arm_swap
                0x00322584      0x110 CMakeFiles/cgba-gint-gpsp.dir/Users/ryougi/Dev/cgba/.claude/worktrees/elegant-faraday-ea393c/ports/fxcg100/sh4/sh4_interp_helpers.c.obj
                0x00322584                _cgba_sh4_arm_swap
 .text.cgba_sh4_hle_div
                0x00322694       0x44 CMakeFiles/cgba-gint-gpsp.dir/Users/ryougi/Dev/cgba/.claude/worktrees/elegant-faraday-ea393c/ports/fxcg100/sh4/sh4_interp_helpers.c.obj
                0x00322694                _cgba_sh4_hle_div
 .text.sh4_swi_handler
                0x003226d8       0x4c CMakeFiles/cgba-gint-gpsp.dir/Users/ryougi/Dev/cgba/.claude/worktrees/elegant-faraday-ea393c/ports/fxcg100/sh4/sh4_interp_helpers.c.obj
                0x003226d8                _sh4_swi_handler
 .text.cgba_hle_bios_irq_entry
                0x00322724      0x260 CMakeFiles/cgba-gint-gpsp.dir/Users/ryougi/Dev/cgba/.claude/worktrees/elegant-faraday-ea393c/ports/fxcg100/sh4/sh4_interp_helpers.c.obj
                0x00322724                _cgba_hle_bios_irq_entry
 .text.cgba_hle_bios_irq_exit
                0x00322984      0x3e4 CMakeFiles/cgba-gint-gpsp.dir/Users/ryougi/Dev/cgba/.claude/worktrees/elegant-faraday-ea393c/ports/fxcg100/sh4/sh4_interp_helpers.c.obj
                0x00322984                _cgba_hle_bios_irq_exit
 .text.cgba_sh4_interp_swi_hle
                0x00322d68        0x4 CMakeFiles/cgba-gint-gpsp.dir/Users/ryougi/Dev/cgba/.claude/worktrees/elegant-faraday-ea393c/ports/fxcg100/sh4/sh4_interp_helpers.c.obj
                0x00322d68                _cgba_sh4_interp_swi_hle
 .text.cgba_sh4_bios_fallback
                0x00322d6c     0x1070 CMakeFiles/cgba-gint-gpsp.dir/Users/ryougi/Dev/cgba/.claude/worktrees/elegant-faraday-ea393c/ports/fxcg100/sh4/sh4_interp_helpers.c.obj
                0x00322d6c                _cgba_sh4_bios_fallback
 .text.cgba_sh4_cold_interp
                0x00323ddc       0xe0 CMakeFiles/cgba-gint-gpsp.dir/Users/ryougi/Dev/cgba/.claude/worktrees/elegant-faraday-ea393c/ports/fxcg100/sh4/sh4_interp_helpers.c.obj
                0x00323ddc                _cgba_sh4_cold_interp
 .text.init_emitter
                0x00323ebc        0x4 CMakeFiles/cgba-gint-gpsp.dir/Users/ryougi/Dev/cgba/.claude/worktrees/elegant-faraday-ea393c/ports/fxcg100/sh4/sh4_interp_helpers.c.obj
                0x00323ebc                _init_emitter
 .text.execute_arm_translate
                0x00323ec0       0x10 CMakeFiles/cgba-gint-gpsp.dir/Users/ryougi/Dev/cgba/.claude/worktrees/elegant-faraday-ea393c/ports/fxcg100/sh4/sh4_interp_helpers.c.obj
                0x00323ec0                _execute_arm_translate
 .text.sh4g_const
                0x00323ed0      0x258 CMakeFiles/cgba-gint-gpsp.dir/Users/ryougi/Dev/cgba/.claude/worktrees/elegant-faraday-ea393c/ports/fxcg100/sh4/sh4_fastmem.c.obj
 .text.sh4g_fastmem_emit_block_routine
                0x00324128      0x7ac CMakeFiles/cgba-gint-gpsp.dir/Users/ryougi/Dev/cgba/.claude/worktrees/elegant-faraday-ea393c/ports/fxcg100/sh4/sh4_fastmem.c.obj
 .text.sh4g_fastmem_emit_routine
                0x003248d4      0xcbc CMakeFiles/cgba-gint-gpsp.dir/Users/ryougi/Dev/cgba/.claude/worktrees/elegant-faraday-ea393c/ports/fxcg100/sh4/sh4_fastmem.c.obj
 .text.cgba_sh4_fastmem_init
                0x00325590      0x4a8 CMakeFiles/cgba-gint-gpsp.dir/Users/ryougi/Dev/cgba/.claude/worktrees/elegant-faraday-ea393c/ports/fxcg100/sh4/sh4_fastmem.c.obj
                0x00325590                _cgba_sh4_fastmem_init
 .text.cgba_sh4_checkpoint_buffer
                0x00325a38        0xc CMakeFiles/cgba-gint-gpsp.dir/Users/ryougi/Dev/cgba/.claude/worktrees/elegant-faraday-ea393c/ports/fxcg100/sh4/sh4_diff_harness.c.obj
                0x00325a38                _cgba_sh4_checkpoint_buffer
 .text.cgba_sh4_checkpoint_size
                0x00325a44        0xc CMakeFiles/cgba-gint-gpsp.dir/Users/ryougi/Dev/cgba/.claude/worktrees/elegant-faraday-ea393c/ports/fxcg100/sh4/sh4_diff_harness.c.obj
                0x00325a44                _cgba_sh4_checkpoint_size
 .text.cgba_sh4_checkpoint_restore
                0x00325a50       0x18 CMakeFiles/cgba-gint-gpsp.dir/Users/ryougi/Dev/cgba/.claude/worktrees/elegant-faraday-ea393c/ports/fxcg100/sh4/sh4_diff_harness.c.obj
                0x00325a50                _cgba_sh4_checkpoint_restore
 .text.cgba_sh4_diff_regions
                0x00325a68      0x41c CMakeFiles/cgba-gint-gpsp.dir/Users/ryougi/Dev/cgba/.claude/worktrees/elegant-faraday-ea393c/ports/fxcg100/sh4/sh4_diff_harness.c.obj
                0x00325a68                _cgba_sh4_diff_regions
 .text._Z20exec_thumb_block_memIL7AccMode0EL8AddrMode2EEhjjRi.isra.0
                0x00325e84      0x138 CMakeFiles/cgba-gint-gpsp.dir/Users/ryougi/Dev/cgba/.claude/worktrees/elegant-faraday-ea393c/vendor/gpsp/cpu.cc.obj
 .text.set_cpu_mode
                0x00325fbc       0xcc CMakeFiles/cgba-gint-gpsp.dir/Users/ryougi/Dev/cgba/.claude/worktrees/elegant-faraday-ea393c/vendor/gpsp/cpu.cc.obj
                0x00325fbc                _set_cpu_mode
 .text.check_interrupt
                0x00326088       0x34 CMakeFiles/cgba-gint-gpsp.dir/Users/ryougi/Dev/cgba/.claude/worktrees/elegant-faraday-ea393c/vendor/gpsp/cpu.cc.obj
                0x00326088                _check_interrupt
 .text.check_and_raise_interrupts
                0x003260bc       0x94 CMakeFiles/cgba-gint-gpsp.dir/Users/ryougi/Dev/cgba/.claude/worktrees/elegant-faraday-ea393c/vendor/gpsp/cpu.cc.obj
                0x003260bc                _check_and_raise_interrupts
 .text.flag_interrupt
                0x00326150       0x40 CMakeFiles/cgba-gint-gpsp.dir/Users/ryougi/Dev/cgba/.claude/worktrees/elegant-faraday-ea393c/vendor/gpsp/cpu.cc.obj
                0x00326150                _flag_interrupt
 .text.execute_arm
                0x00326190    0x12ec4 CMakeFiles/cgba-gint-gpsp.dir/Users/ryougi/Dev/cgba/.claude/worktrees/elegant-faraday-ea393c/vendor/gpsp/cpu.cc.obj
                0x00326190                _execute_arm
 .text.init_cpu
                0x00339054       0xc4 CMakeFiles/cgba-gint-gpsp.dir/Users/ryougi/Dev/cgba/.claude/worktrees/elegant-faraday-ea393c/vendor/gpsp/cpu.cc.obj
                0x00339054                _init_cpu
 .text.cpu_check_savestate
                0x00339118       0x74 CMakeFiles/cgba-gint-gpsp.dir/Users/ryougi/Dev/cgba/.claude/worktrees/elegant-faraday-ea393c/vendor/gpsp/cpu.cc.obj
                0x00339118                _cpu_check_savestate
 .text.cpu_read_savestate
                0x0033918c       0x90 CMakeFiles/cgba-gint-gpsp.dir/Users/ryougi/Dev/cgba/.claude/worktrees/elegant-faraday-ea393c/vendor/gpsp/cpu.cc.obj
                0x0033918c                _cpu_read_savestate
 .text.cpu_write_savestate
                0x0033921c      0x2c0 CMakeFiles/cgba-gint-gpsp.dir/Users/ryougi/Dev/cgba/.claude/worktrees/elegant-faraday-ea393c/vendor/gpsp/cpu.cc.obj
                0x0033921c                _cpu_write_savestate
 .text._Z22render_scanline_bitmapIL8rendtype1EjLj5EtLj160ELj128EL11bm_rendmode2ELb1EEvjjPvPKt
                0x003394dc      0x11c CMakeFiles/cgba-gint-gpsp.dir/Users/ryougi/Dev/cgba/.claude/worktrees/elegant-faraday-ea393c/vendor/gpsp/video.cc.obj
 .text._Z22render_scanline_bitmapIL8rendtype1EjLj5EtLj160ELj128EL11bm_rendmode1ELb1EEvjjPvPKt
                0x003395f8      0x10c CMakeFiles/cgba-gint-gpsp.dir/Users/ryougi/Dev/cgba/.claude/worktrees/elegant-faraday-ea393c/vendor/gpsp/video.cc.obj
 .text._Z22render_scanline_bitmapIL8rendtype1EjLj5EtLj160ELj128EL11bm_rendmode0ELb1EEvjjPvPKt
                0x00339704       0xf8 CMakeFiles/cgba-gint-gpsp.dir/Users/ryougi/Dev/cgba/.claude/worktrees/elegant-faraday-ea393c/vendor/gpsp/video.cc.obj
 .text._Z22render_scanline_bitmapIL8rendtype1EjLj5EtLj160ELj128EL11bm_rendmode2ELb0EEvjjPvPKt
                0x003397fc       0xf8 CMakeFiles/cgba-gint-gpsp.dir/Users/ryougi/Dev/cgba/.claude/worktrees/elegant-faraday-ea393c/vendor/gpsp/video.cc.obj
 .text._Z22render_scanline_bitmapIL8rendtype1EjLj5EtLj160ELj128EL11bm_rendmode1ELb0EEvjjPvPKt
                0x003398f4       0xec CMakeFiles/cgba-gint-gpsp.dir/Users/ryougi/Dev/cgba/.claude/worktrees/elegant-faraday-ea393c/vendor/gpsp/video.cc.obj
 .text._Z22render_scanline_bitmapIL8rendtype1EjLj5EtLj160ELj128EL11bm_rendmode0ELb0EEvjjPvPKt
                0x003399e0       0xe4 CMakeFiles/cgba-gint-gpsp.dir/Users/ryougi/Dev/cgba/.claude/worktrees/elegant-faraday-ea393c/vendor/gpsp/video.cc.obj
 .text._Z22render_scanline_bitmapIL8rendtype1EjLj4EhLj240ELj160EL11bm_rendmode2ELb1EEvjjPvPKt
                0x00339ac4      0x120 CMakeFiles/cgba-gint-gpsp.dir/Users/ryougi/Dev/cgba/.claude/worktrees/elegant-faraday-ea393c/vendor/gpsp/video.cc.obj
 .text._Z22render_scanline_bitmapIL8rendtype1EjLj4EhLj240ELj160EL11bm_rendmode1ELb1EEvjjPvPKt
                0x00339be4      0x108 CMakeFiles/cgba-gint-gpsp.dir/Users/ryougi/Dev/cgba/.claude/worktrees/elegant-faraday-ea393c/vendor/gpsp/video.cc.obj
 .text._Z22render_scanline_bitmapIL8rendtype1EjLj4EhLj240ELj160EL11bm_rendmode0ELb1EEvjjPvPKt
                0x00339cec       0xf4 CMakeFiles/cgba-gint-gpsp.dir/Users/ryougi/Dev/cgba/.claude/worktrees/elegant-faraday-ea393c/vendor/gpsp/video.cc.obj
 .text._Z22render_scanline_bitmapIL8rendtype1EjLj4EhLj240ELj160EL11bm_rendmode2ELb0EEvjjPvPKt
                0x00339de0      0x104 CMakeFiles/cgba-gint-gpsp.dir/Users/ryougi/Dev/cgba/.claude/worktrees/elegant-faraday-ea393c/vendor/gpsp/video.cc.obj
 .text._Z22render_scanline_bitmapIL8rendtype1EjLj4EhLj240ELj160EL11bm_rendmode1ELb0EEvjjPvPKt
                0x00339ee4       0xf0 CMakeFiles/cgba-gint-gpsp.dir/Users/ryougi/Dev/cgba/.claude/worktrees/elegant-faraday-ea393c/vendor/gpsp/video.cc.obj
 .text._Z22render_scanline_bitmapIL8rendtype1EjLj4EhLj240ELj160EL11bm_rendmode0ELb0EEvjjPvPKt
                0x00339fd4       0xdc CMakeFiles/cgba-gint-gpsp.dir/Users/ryougi/Dev/cgba/.claude/worktrees/elegant-faraday-ea393c/vendor/gpsp/video.cc.obj
 .text._Z22render_scanline_bitmapIL8rendtype1EjLj3EtLj240ELj160EL11bm_rendmode2ELb1EEvjjPvPKt
                0x0033a0b0      0x100 CMakeFiles/cgba-gint-gpsp.dir/Users/ryougi/Dev/cgba/.claude/worktrees/elegant-faraday-ea393c/vendor/gpsp/video.cc.obj
 .text._Z22render_scanline_bitmapIL8rendtype1EjLj3EtLj240ELj160EL11bm_rendmode1ELb1EEvjjPvPKt
                0x0033a1b0       0xf0 CMakeFiles/cgba-gint-gpsp.dir/Users/ryougi/Dev/cgba/.claude/worktrees/elegant-faraday-ea393c/vendor/gpsp/video.cc.obj
 .text._Z22render_scanline_bitmapIL8rendtype1EjLj3EtLj240ELj160EL11bm_rendmode0ELb1EEvjjPvPKt
                0x0033a2a0       0xd4 CMakeFiles/cgba-gint-gpsp.dir/Users/ryougi/Dev/cgba/.claude/worktrees/elegant-faraday-ea393c/vendor/gpsp/video.cc.obj
 .text._Z22render_scanline_bitmapIL8rendtype1EjLj3EtLj240ELj160EL11bm_rendmode2ELb0EEvjjPvPKt
                0x0033a374       0xe4 CMakeFiles/cgba-gint-gpsp.dir/Users/ryougi/Dev/cgba/.claude/worktrees/elegant-faraday-ea393c/vendor/gpsp/video.cc.obj
 .text._Z22render_scanline_bitmapIL8rendtype1EjLj3EtLj240ELj160EL11bm_rendmode1ELb0EEvjjPvPKt
                0x0033a458       0xd4 CMakeFiles/cgba-gint-gpsp.dir/Users/ryougi/Dev/cgba/.claude/worktrees/elegant-faraday-ea393c/vendor/gpsp/video.cc.obj
 .text._Z22render_scanline_bitmapIL8rendtype1EjLj3EtLj240ELj160EL11bm_rendmode0ELb0EEvjjPvPKt
                0x0033a52c       0xb0 CMakeFiles/cgba-gint-gpsp.dir/Users/ryougi/Dev/cgba/.claude/worktrees/elegant-faraday-ea393c/vendor/gpsp/video.cc.obj
 .text._Z22render_scanline_bitmapIL8rendtype0EtLj5EtLj160ELj128EL11bm_rendmode2ELb1EEvjjPvPKt
                0x0033a5dc      0x11c CMakeFiles/cgba-gint-gpsp.dir/Users/ryougi/Dev/cgba/.claude/worktrees/elegant-faraday-ea393c/vendor/gpsp/video.cc.obj
 .text._Z22render_scanline_bitmapIL8rendtype0EtLj5EtLj160ELj128EL11bm_rendmode1ELb1EEvjjPvPKt
                0x0033a6f8      0x10c CMakeFiles/cgba-gint-gpsp.dir/Users/ryougi/Dev/cgba/.claude/worktrees/elegant-faraday-ea393c/vendor/gpsp/video.cc.obj
 .text._Z22render_scanline_bitmapIL8rendtype0EtLj5EtLj160ELj128EL11bm_rendmode0ELb1EEvjjPvPKt
                0x0033a804       0xf8 CMakeFiles/cgba-gint-gpsp.dir/Users/ryougi/Dev/cgba/.claude/worktrees/elegant-faraday-ea393c/vendor/gpsp/video.cc.obj
 .text._Z22render_scanline_bitmapIL8rendtype0EtLj5EtLj160ELj128EL11bm_rendmode2ELb0EEvjjPvPKt
                0x0033a8fc       0xf8 CMakeFiles/cgba-gint-gpsp.dir/Users/ryougi/Dev/cgba/.claude/worktrees/elegant-faraday-ea393c/vendor/gpsp/video.cc.obj
 .text._Z22render_scanline_bitmapIL8rendtype0EtLj5EtLj160ELj128EL11bm_rendmode1ELb0EEvjjPvPKt
                0x0033a9f4       0xe8 CMakeFiles/cgba-gint-gpsp.dir/Users/ryougi/Dev/cgba/.claude/worktrees/elegant-faraday-ea393c/vendor/gpsp/video.cc.obj
 .text._Z22render_scanline_bitmapIL8rendtype0EtLj5EtLj160ELj128EL11bm_rendmode0ELb0EEvjjPvPKt
                0x0033aadc       0xe0 CMakeFiles/cgba-gint-gpsp.dir/Users/ryougi/Dev/cgba/.claude/worktrees/elegant-faraday-ea393c/vendor/gpsp/video.cc.obj
 .text._Z22render_scanline_bitmapIL8rendtype0EtLj4EhLj240ELj160EL11bm_rendmode2ELb1EEvjjPvPKt
                0x0033abbc      0x10c CMakeFiles/cgba-gint-gpsp.dir/Users/ryougi/Dev/cgba/.claude/worktrees/elegant-faraday-ea393c/vendor/gpsp/video.cc.obj
 .text._Z22render_scanline_bitmapIL8rendtype0EtLj4EhLj240ELj160EL11bm_rendmode1ELb1EEvjjPvPKt
                0x0033acc8       0xec CMakeFiles/cgba-gint-gpsp.dir/Users/ryougi/Dev/cgba/.claude/worktrees/elegant-faraday-ea393c/vendor/gpsp/video.cc.obj
 .text._Z22render_scanline_bitmapIL8rendtype0EtLj4EhLj240ELj160EL11bm_rendmode0ELb1EEvjjPvPKt
                0x0033adb4       0xe0 CMakeFiles/cgba-gint-gpsp.dir/Users/ryougi/Dev/cgba/.claude/worktrees/elegant-faraday-ea393c/vendor/gpsp/video.cc.obj
 .text._Z22render_scanline_bitmapIL8rendtype0EtLj4EhLj240ELj160EL11bm_rendmode2ELb0EEvjjPvPKt
                0x0033ae94       0xec CMakeFiles/cgba-gint-gpsp.dir/Users/ryougi/Dev/cgba/.claude/worktrees/elegant-faraday-ea393c/vendor/gpsp/video.cc.obj
 .text._Z22render_scanline_bitmapIL8rendtype0EtLj4EhLj240ELj160EL11bm_rendmode1ELb0EEvjjPvPKt
                0x0033af80       0xcc CMakeFiles/cgba-gint-gpsp.dir/Users/ryougi/Dev/cgba/.claude/worktrees/elegant-faraday-ea393c/vendor/gpsp/video.cc.obj
 .text._Z22render_scanline_bitmapIL8rendtype0EtLj4EhLj240ELj160EL11bm_rendmode0ELb0EEvjjPvPKt
                0x0033b04c      0x108 CMakeFiles/cgba-gint-gpsp.dir/Users/ryougi/Dev/cgba/.claude/worktrees/elegant-faraday-ea393c/vendor/gpsp/video.cc.obj
 .text._Z22render_scanline_bitmapIL8rendtype0EtLj3EtLj240ELj160EL11bm_rendmode2ELb1EEvjjPvPKt
                0x0033b154      0x100 CMakeFiles/cgba-gint-gpsp.dir/Users/ryougi/Dev/cgba/.claude/worktrees/elegant-faraday-ea393c/vendor/gpsp/video.cc.obj
 .text._Z22render_scanline_bitmapIL8rendtype0EtLj3EtLj240ELj160EL11bm_rendmode1ELb1EEvjjPvPKt
                0x0033b254       0xf0 CMakeFiles/cgba-gint-gpsp.dir/Users/ryougi/Dev/cgba/.claude/worktrees/elegant-faraday-ea393c/vendor/gpsp/video.cc.obj
 .text._Z22render_scanline_bitmapIL8rendtype0EtLj3EtLj240ELj160EL11bm_rendmode0ELb1EEvjjPvPKt
                0x0033b344       0xd4 CMakeFiles/cgba-gint-gpsp.dir/Users/ryougi/Dev/cgba/.claude/worktrees/elegant-faraday-ea393c/vendor/gpsp/video.cc.obj
 .text._Z22render_scanline_bitmapIL8rendtype0EtLj3EtLj240ELj160EL11bm_rendmode2ELb0EEvjjPvPKt
                0x0033b418       0xe0 CMakeFiles/cgba-gint-gpsp.dir/Users/ryougi/Dev/cgba/.claude/worktrees/elegant-faraday-ea393c/vendor/gpsp/video.cc.obj
 .text._Z22render_scanline_bitmapIL8rendtype0EtLj3EtLj240ELj160EL11bm_rendmode1ELb0EEvjjPvPKt
                0x0033b4f8       0xd4 CMakeFiles/cgba-gint-gpsp.dir/Users/ryougi/Dev/cgba/.claude/worktrees/elegant-faraday-ea393c/vendor/gpsp/video.cc.obj
 .text._Z22render_scanline_bitmapIL8rendtype0EtLj3EtLj240ELj160EL11bm_rendmode0ELb0EEvjjPvPKt
                0x0033b5cc       0xb0 CMakeFiles/cgba-gint-gpsp.dir/Users/ryougi/Dev/cgba/.claude/worktrees/elegant-faraday-ea393c/vendor/gpsp/video.cc.obj
 .text._Z22render_scanline_bitmapIL8rendtype1EtLj4EhLj240ELj160EL11bm_rendmode2ELb1EEvjjPvPKt
                0x0033b67c      0x124 CMakeFiles/cgba-gint-gpsp.dir/Users/ryougi/Dev/cgba/.claude/worktrees/elegant-faraday-ea393c/vendor/gpsp/video.cc.obj
 .text._Z22render_scanline_bitmapIL8rendtype1EtLj4EhLj240ELj160EL11bm_rendmode1ELb1EEvjjPvPKt
                0x0033b7a0      0x104 CMakeFiles/cgba-gint-gpsp.dir/Users/ryougi/Dev/cgba/.claude/worktrees/elegant-faraday-ea393c/vendor/gpsp/video.cc.obj
 .text._Z22render_scanline_bitmapIL8rendtype1EtLj4EhLj240ELj160EL11bm_rendmode0ELb1EEvjjPvPKt
                0x0033b8a4       0xf8 CMakeFiles/cgba-gint-gpsp.dir/Users/ryougi/Dev/cgba/.claude/worktrees/elegant-faraday-ea393c/vendor/gpsp/video.cc.obj
 .text._Z22render_scanline_bitmapIL8rendtype1EtLj4EhLj240ELj160EL11bm_rendmode2ELb0EEvjjPvPKt
                0x0033b99c      0x114 CMakeFiles/cgba-gint-gpsp.dir/Users/ryougi/Dev/cgba/.claude/worktrees/elegant-faraday-ea393c/vendor/gpsp/video.cc.obj
 .text._Z22render_scanline_bitmapIL8rendtype1EtLj4EhLj240ELj160EL11bm_rendmode1ELb0EEvjjPvPKt
                0x0033bab0       0xec CMakeFiles/cgba-gint-gpsp.dir/Users/ryougi/Dev/cgba/.claude/worktrees/elegant-faraday-ea393c/vendor/gpsp/video.cc.obj
 .text._Z22render_scanline_bitmapIL8rendtype1EtLj4EhLj240ELj160EL11bm_rendmode0ELb0EEvjjPvPKt
                0x0033bb9c       0xdc CMakeFiles/cgba-gint-gpsp.dir/Users/ryougi/Dev/cgba/.claude/worktrees/elegant-faraday-ea393c/vendor/gpsp/video.cc.obj
 .text._Z22render_scanline_affineIjL8rendtype1ELb0EEvjjjPvPKt
                0x0033bc78       0xb4 CMakeFiles/cgba-gint-gpsp.dir/Users/ryougi/Dev/cgba/.claude/worktrees/elegant-faraday-ea393c/vendor/gpsp/video.cc.obj
 .text._Z22render_scanline_affineIjL8rendtype1ELb1EEvjjjPvPKt
                0x0033bd2c       0xb4 CMakeFiles/cgba-gint-gpsp.dir/Users/ryougi/Dev/cgba/.claude/worktrees/elegant-faraday-ea393c/vendor/gpsp/video.cc.obj
 .text._Z22render_scanline_affineIjL8rendtype2ELb0EEvjjjPvPKt
                0x0033bde0       0xb4 CMakeFiles/cgba-gint-gpsp.dir/Users/ryougi/Dev/cgba/.claude/worktrees/elegant-faraday-ea393c/vendor/gpsp/video.cc.obj
 .text._Z22render_scanline_affineIjL8rendtype2ELb1EEvjjjPvPKt
                0x0033be94       0xb4 CMakeFiles/cgba-gint-gpsp.dir/Users/ryougi/Dev/cgba/.claude/worktrees/elegant-faraday-ea393c/vendor/gpsp/video.cc.obj
 .text._Z22render_scanline_affineItL8rendtype1ELb0EEvjjjPvPKt
                0x0033bf48       0xb4 CMakeFiles/cgba-gint-gpsp.dir/Users/ryougi/Dev/cgba/.claude/worktrees/elegant-faraday-ea393c/vendor/gpsp/video.cc.obj
 .text._Z22render_scanline_affineItL8rendtype1ELb1EEvjjjPvPKt
                0x0033bffc       0xb4 CMakeFiles/cgba-gint-gpsp.dir/Users/ryougi/Dev/cgba/.claude/worktrees/elegant-faraday-ea393c/vendor/gpsp/video.cc.obj
 .text._Z24render_affine_backgroundItL8rendtype1ELb1ELb0ELb0ELb1EEvjjjPKhjS2_PvPKt
                0x0033c0b0      0x17c CMakeFiles/cgba-gint-gpsp.dir/Users/ryougi/Dev/cgba/.claude/worktrees/elegant-faraday-ea393c/vendor/gpsp/video.cc.obj
 .text._Z22render_scanline_affineItL8rendtype0ELb0EEvjjjPvPKt
                0x0033c22c       0xb4 CMakeFiles/cgba-gint-gpsp.dir/Users/ryougi/Dev/cgba/.claude/worktrees/elegant-faraday-ea393c/vendor/gpsp/video.cc.obj
 .text._Z22render_scanline_affineItL8rendtype0ELb1EEvjjjPvPKt
                0x0033c2e0       0xb4 CMakeFiles/cgba-gint-gpsp.dir/Users/ryougi/Dev/cgba/.claude/worktrees/elegant-faraday-ea393c/vendor/gpsp/video.cc.obj
 .text._ZL16render_w_effectsjjPtjPK19layer_render_struct
                0x0033c394      0x9dc CMakeFiles/cgba-gint-gpsp.dir/Users/ryougi/Dev/cgba/.claude/worktrees/elegant-faraday-ea393c/vendor/gpsp/video.cc.obj
 .text._ZL9order_objj
                0x0033cd70      0x27c CMakeFiles/cgba-gint-gpsp.dir/Users/ryougi/Dev/cgba/.claude/worktrees/elegant-faraday-ea393c/vendor/gpsp/video.cc.obj
 .text._Z22render_scanline_bitmapIL8rendtype2EjLj4EhLj240ELj160EL11bm_rendmode0ELb0EEvjjPvPKt
                0x0033cfec       0xe8 CMakeFiles/cgba-gint-gpsp.dir/Users/ryougi/Dev/cgba/.claude/worktrees/elegant-faraday-ea393c/vendor/gpsp/video.cc.obj
 .text._Z13render_objectIjL8rendtype1ELb1ELb0EEvijPT_jjtPKt.constprop.0.isra.0
                0x0033d0d4      0x17c CMakeFiles/cgba-gint-gpsp.dir/Users/ryougi/Dev/cgba/.claude/worktrees/elegant-faraday-ea393c/vendor/gpsp/video.cc.obj
 .text._Z13render_objectItL8rendtype0ELb1ELb0EEvijPT_jjtPKt.constprop.0.isra.0
                0x0033d250      0x170 CMakeFiles/cgba-gint-gpsp.dir/Users/ryougi/Dev/cgba/.claude/worktrees/elegant-faraday-ea393c/vendor/gpsp/video.cc.obj
 .text._Z13render_objectItL8rendtype1ELb1ELb0EEvijPT_jjtPKt.constprop.0.isra.0
                0x0033d3c0      0x17c CMakeFiles/cgba-gint-gpsp.dir/Users/ryougi/Dev/cgba/.claude/worktrees/elegant-faraday-ea393c/vendor/gpsp/video.cc.obj
 .text._Z13render_objectItL8rendtype3ELb1ELb0EEvijPT_jjtPKt.constprop.0.isra.0
                0x0033d53c      0x174 CMakeFiles/cgba-gint-gpsp.dir/Users/ryougi/Dev/cgba/.claude/worktrees/elegant-faraday-ea393c/vendor/gpsp/video.cc.obj
 .text._Z13render_objectItL8rendtype3ELb1ELb1EEvijPT_jjtPKt.constprop.0.isra.0
                0x0033d6b0      0x1b8 CMakeFiles/cgba-gint-gpsp.dir/Users/ryougi/Dev/cgba/.claude/worktrees/elegant-faraday-ea393c/vendor/gpsp/video.cc.obj
 .text._Z22render_scanline_bitmapIL8rendtype2EjLj4EhLj240ELj160EL11bm_rendmode2ELb1EEvjjPvPKt
                0x0033d868      0x124 CMakeFiles/cgba-gint-gpsp.dir/Users/ryougi/Dev/cgba/.claude/worktrees/elegant-faraday-ea393c/vendor/gpsp/video.cc.obj
 .text._Z22render_scanline_bitmapIL8rendtype2EjLj4EhLj240ELj160EL11bm_rendmode1ELb1EEvjjPvPKt
                0x0033d98c      0x114 CMakeFiles/cgba-gint-gpsp.dir/Users/ryougi/Dev/cgba/.claude/worktrees/elegant-faraday-ea393c/vendor/gpsp/video.cc.obj
 .text._Z22render_scanline_bitmapIL8rendtype2EjLj4EhLj240ELj160EL11bm_rendmode0ELb1EEvjjPvPKt
                0x0033daa0       0xfc CMakeFiles/cgba-gint-gpsp.dir/Users/ryougi/Dev/cgba/.claude/worktrees/elegant-faraday-ea393c/vendor/gpsp/video.cc.obj
 .text._Z22render_scanline_bitmapIL8rendtype2EjLj4EhLj240ELj160EL11bm_rendmode2ELb0EEvjjPvPKt
                0x0033db9c      0x108 CMakeFiles/cgba-gint-gpsp.dir/Users/ryougi/Dev/cgba/.claude/worktrees/elegant-faraday-ea393c/vendor/gpsp/video.cc.obj
 .text._Z22render_scanline_bitmapIL8rendtype2EjLj4EhLj240ELj160EL11bm_rendmode1ELb0EEvjjPvPKt
                0x0033dca4       0xf4 CMakeFiles/cgba-gint-gpsp.dir/Users/ryougi/Dev/cgba/.claude/worktrees/elegant-faraday-ea393c/vendor/gpsp/video.cc.obj
 .text._Z13render_objectItL8rendtype1ELb1ELb1EEvijPT_jjtPKt.constprop.0.isra.0
                0x0033dd98      0x1b4 CMakeFiles/cgba-gint-gpsp.dir/Users/ryougi/Dev/cgba/.claude/worktrees/elegant-faraday-ea393c/vendor/gpsp/video.cc.obj
 .text._Z13render_objectItL8rendtype0ELb1ELb1EEvijPT_jjtPKt.constprop.0.isra.0
                0x0033df4c      0x19c CMakeFiles/cgba-gint-gpsp.dir/Users/ryougi/Dev/cgba/.claude/worktrees/elegant-faraday-ea393c/vendor/gpsp/video.cc.obj
 .text._Z13render_objectIjL8rendtype1ELb1ELb1EEvijPT_jjtPKt.constprop.0.isra.0
                0x0033e0e8      0x19c CMakeFiles/cgba-gint-gpsp.dir/Users/ryougi/Dev/cgba/.claude/worktrees/elegant-faraday-ea393c/vendor/gpsp/video.cc.obj
 .text._Z13render_objectItL8rendtype3ELb0ELb0EEvijPT_jjtPKt.isra.0
                0x0033e284      0x178 CMakeFiles/cgba-gint-gpsp.dir/Users/ryougi/Dev/cgba/.claude/worktrees/elegant-faraday-ea393c/vendor/gpsp/video.cc.obj
 .text._Z13render_objectItL8rendtype3ELb0ELb1EEvijPT_jjtPKt.isra.0
                0x0033e3fc      0x18c CMakeFiles/cgba-gint-gpsp.dir/Users/ryougi/Dev/cgba/.claude/worktrees/elegant-faraday-ea393c/vendor/gpsp/video.cc.obj
 .text._Z13render_objectIjL8rendtype1ELb0ELb0EEvijPT_jjtPKt.isra.0
                0x0033e588      0x1a8 CMakeFiles/cgba-gint-gpsp.dir/Users/ryougi/Dev/cgba/.claude/worktrees/elegant-faraday-ea393c/vendor/gpsp/video.cc.obj
 .text._Z13render_objectItL8rendtype1ELb0ELb0EEvijPT_jjtPKt.isra.0
                0x0033e730      0x1b0 CMakeFiles/cgba-gint-gpsp.dir/Users/ryougi/Dev/cgba/.claude/worktrees/elegant-faraday-ea393c/vendor/gpsp/video.cc.obj
 .text._Z13render_objectItL8rendtype0ELb0ELb0EEvijPT_jjtPKt.isra.0
                0x0033e8e0      0x1b0 CMakeFiles/cgba-gint-gpsp.dir/Users/ryougi/Dev/cgba/.claude/worktrees/elegant-faraday-ea393c/vendor/gpsp/video.cc.obj
 .text._Z13render_objectIjL8rendtype1ELb0ELb1EEvijPT_jjtPKt.isra.0
                0x0033ea90      0x1c8 CMakeFiles/cgba-gint-gpsp.dir/Users/ryougi/Dev/cgba/.claude/worktrees/elegant-faraday-ea393c/vendor/gpsp/video.cc.obj
 .text._Z20render_scanline_objsIjL8rendtype1EEvjjjPvPKt.isra.0
                0x0033ec58     0x12bc CMakeFiles/cgba-gint-gpsp.dir/Users/ryougi/Dev/cgba/.claude/worktrees/elegant-faraday-ea393c/vendor/gpsp/video.cc.obj
 .text._Z13render_objectItL8rendtype1ELb0ELb1EEvijPT_jjtPKt.isra.0
                0x0033ff14      0x1bc CMakeFiles/cgba-gint-gpsp.dir/Users/ryougi/Dev/cgba/.claude/worktrees/elegant-faraday-ea393c/vendor/gpsp/video.cc.obj
 .text._Z20render_scanline_objsItL8rendtype1EEvjjjPvPKt.isra.0
                0x003400d0     0x12dc CMakeFiles/cgba-gint-gpsp.dir/Users/ryougi/Dev/cgba/.claude/worktrees/elegant-faraday-ea393c/vendor/gpsp/video.cc.obj
 .text._Z13render_objectItL8rendtype0ELb0ELb1EEvijPT_jjtPKt.isra.0
                0x003413ac      0x1bc CMakeFiles/cgba-gint-gpsp.dir/Users/ryougi/Dev/cgba/.claude/worktrees/elegant-faraday-ea393c/vendor/gpsp/video.cc.obj
 .text._Z13render_objectIjL8rendtype2ELb1ELb0EEvijPT_jjtPKt.constprop.0.isra.0
                0x00341568      0x1b8 CMakeFiles/cgba-gint-gpsp.dir/Users/ryougi/Dev/cgba/.claude/worktrees/elegant-faraday-ea393c/vendor/gpsp/video.cc.obj
 .text._Z13render_objectIjL8rendtype2ELb1ELb1EEvijPT_jjtPKt.constprop.0.isra.0
                0x00341720      0x1e0 CMakeFiles/cgba-gint-gpsp.dir/Users/ryougi/Dev/cgba/.claude/worktrees/elegant-faraday-ea393c/vendor/gpsp/video.cc.obj
 .text._Z20render_scanline_textItL8rendtype1ELb0EEvjjjPvPKt
                0x00341900      0xcb0 CMakeFiles/cgba-gint-gpsp.dir/Users/ryougi/Dev/cgba/.claude/worktrees/elegant-faraday-ea393c/vendor/gpsp/video.cc.obj
 .text._Z20render_scanline_textIjL8rendtype1ELb0EEvjjjPvPKt
                0x003425b0      0xc8c CMakeFiles/cgba-gint-gpsp.dir/Users/ryougi/Dev/cgba/.claude/worktrees/elegant-faraday-ea393c/vendor/gpsp/video.cc.obj
 .text._Z13render_objectIjL8rendtype2ELb0ELb0EEvijPT_jjtPKt.isra.0
                0x0034323c      0x200 CMakeFiles/cgba-gint-gpsp.dir/Users/ryougi/Dev/cgba/.claude/worktrees/elegant-faraday-ea393c/vendor/gpsp/video.cc.obj
 .text._Z20render_scanline_textItL8rendtype1ELb1EEvjjjPvPKt
                0x0034343c      0xe30 CMakeFiles/cgba-gint-gpsp.dir/Users/ryougi/Dev/cgba/.claude/worktrees/elegant-faraday-ea393c/vendor/gpsp/video.cc.obj
 .text._Z20render_scanline_textIjL8rendtype1ELb1EEvjjjPvPKt
                0x0034426c      0xdcc CMakeFiles/cgba-gint-gpsp.dir/Users/ryougi/Dev/cgba/.claude/worktrees/elegant-faraday-ea393c/vendor/gpsp/video.cc.obj
 .text._Z20render_scanline_textItL8rendtype0ELb0EEvjjjPvPKt
                0x00345038      0xc54 CMakeFiles/cgba-gint-gpsp.dir/Users/ryougi/Dev/cgba/.claude/worktrees/elegant-faraday-ea393c/vendor/gpsp/video.cc.obj
 .text._Z20render_scanline_textIjL8rendtype2ELb0EEvjjjPvPKt
                0x00345c8c      0xcf4 CMakeFiles/cgba-gint-gpsp.dir/Users/ryougi/Dev/cgba/.claude/worktrees/elegant-faraday-ea393c/vendor/gpsp/video.cc.obj
 .text._Z18tile_render_layersIL8rendtype1ELS0_1EtEvjjPT1_j
                0x00346980      0x164 CMakeFiles/cgba-gint-gpsp.dir/Users/ryougi/Dev/cgba/.claude/worktrees/elegant-faraday-ea393c/vendor/gpsp/video.cc.obj
                0x00346980                __Z18tile_render_layersIL8rendtype1ELS0_1EtEvjjPT1_j
 .text._Z13render_objectIjL8rendtype2ELb0ELb1EEvijPT_jjtPKt.isra.0
                0x00346ae4      0x224 CMakeFiles/cgba-gint-gpsp.dir/Users/ryougi/Dev/cgba/.claude/worktrees/elegant-faraday-ea393c/vendor/gpsp/video.cc.obj
 .text._Z20render_scanline_objsIjL8rendtype2EEvjjjPvPKt.isra.0
                0x00346d08     0x1460 CMakeFiles/cgba-gint-gpsp.dir/Users/ryougi/Dev/cgba/.claude/worktrees/elegant-faraday-ea393c/vendor/gpsp/video.cc.obj
 .text._Z20render_scanline_textIjL8rendtype2ELb1EEvjjjPvPKt
                0x00348168      0xe54 CMakeFiles/cgba-gint-gpsp.dir/Users/ryougi/Dev/cgba/.claude/worktrees/elegant-faraday-ea393c/vendor/gpsp/video.cc.obj
 .text._Z18tile_render_layersIL8rendtype1ELS0_2EjEvjjPT1_j
                0x00348fbc      0x1b0 CMakeFiles/cgba-gint-gpsp.dir/Users/ryougi/Dev/cgba/.claude/worktrees/elegant-faraday-ea393c/vendor/gpsp/video.cc.obj
                0x00348fbc                __Z18tile_render_layersIL8rendtype1ELS0_2EjEvjjPT1_j
 .text._Z20render_scanline_textItL8rendtype0ELb1EEvjjjPvPKt
                0x0034916c      0xd50 CMakeFiles/cgba-gint-gpsp.dir/Users/ryougi/Dev/cgba/.claude/worktrees/elegant-faraday-ea393c/vendor/gpsp/video.cc.obj
 .text._Z18tile_render_layersIL8rendtype2ELS0_2EjEvjjPT1_j
                0x00349ebc      0x1dc CMakeFiles/cgba-gint-gpsp.dir/Users/ryougi/Dev/cgba/.claude/worktrees/elegant-faraday-ea393c/vendor/gpsp/video.cc.obj
                0x00349ebc                __Z18tile_render_layersIL8rendtype2ELS0_2EjEvjjPT1_j
 .text._Z20bitmap_render_layersIL8rendtype1ELS0_1EtEvjjPT1_j
                0x0034a098      0x154 CMakeFiles/cgba-gint-gpsp.dir/Users/ryougi/Dev/cgba/.claude/worktrees/elegant-faraday-ea393c/vendor/gpsp/video.cc.obj
 .text._Z20bitmap_render_layersIL8rendtype1ELS0_2EjEvjjPT1_j
                0x0034a1ec      0x194 CMakeFiles/cgba-gint-gpsp.dir/Users/ryougi/Dev/cgba/.claude/worktrees/elegant-faraday-ea393c/vendor/gpsp/video.cc.obj
 .text._Z20bitmap_render_layersIL8rendtype2ELS0_2EjEvjjPT1_j
                0x0034a380      0x18c CMakeFiles/cgba-gint-gpsp.dir/Users/ryougi/Dev/cgba/.claude/worktrees/elegant-faraday-ea393c/vendor/gpsp/video.cc.obj
 .text._Z24render_affine_backgroundItL8rendtype0ELb0ELb1ELb0ELb0EEvjjjPKhjS2_PvPKt
                0x0034a50c       0xc4 CMakeFiles/cgba-gint-gpsp.dir/Users/ryougi/Dev/cgba/.claude/worktrees/elegant-faraday-ea393c/vendor/gpsp/video.cc.obj
 .text._Z24render_affine_backgroundItL8rendtype0ELb1ELb1ELb0ELb0EEvjjjPKhjS2_PvPKt
                0x0034a5d0       0xd4 CMakeFiles/cgba-gint-gpsp.dir/Users/ryougi/Dev/cgba/.claude/worktrees/elegant-faraday-ea393c/vendor/gpsp/video.cc.obj
 .text._Z24render_affine_backgroundIjL8rendtype1ELb0ELb1ELb0ELb0EEvjjjPKhjS2_PvPKt
                0x0034a6a4       0xe8 CMakeFiles/cgba-gint-gpsp.dir/Users/ryougi/Dev/cgba/.claude/worktrees/elegant-faraday-ea393c/vendor/gpsp/video.cc.obj
 .text._Z24render_affine_backgroundItL8rendtype1ELb0ELb1ELb0ELb0EEvjjjPKhjS2_PvPKt
                0x0034a78c       0xec CMakeFiles/cgba-gint-gpsp.dir/Users/ryougi/Dev/cgba/.claude/worktrees/elegant-faraday-ea393c/vendor/gpsp/video.cc.obj
 .text._Z24render_affine_backgroundIjL8rendtype2ELb0ELb1ELb0ELb0EEvjjjPKhjS2_PvPKt
                0x0034a878       0xec CMakeFiles/cgba-gint-gpsp.dir/Users/ryougi/Dev/cgba/.claude/worktrees/elegant-faraday-ea393c/vendor/gpsp/video.cc.obj
 .text._Z24render_affine_backgroundItL8rendtype0ELb0ELb1ELb1ELb0EEvjjjPKhjS2_PvPKt
                0x0034a964       0xd8 CMakeFiles/cgba-gint-gpsp.dir/Users/ryougi/Dev/cgba/.claude/worktrees/elegant-faraday-ea393c/vendor/gpsp/video.cc.obj
 .text._Z24render_affine_backgroundItL8rendtype0ELb1ELb1ELb1ELb0EEvjjjPKhjS2_PvPKt
                0x0034aa3c       0xe4 CMakeFiles/cgba-gint-gpsp.dir/Users/ryougi/Dev/cgba/.claude/worktrees/elegant-faraday-ea393c/vendor/gpsp/video.cc.obj
 .text._Z24render_affine_backgroundIjL8rendtype1ELb1ELb1ELb0ELb0EEvjjjPKhjS2_PvPKt
                0x0034ab20      0x108 CMakeFiles/cgba-gint-gpsp.dir/Users/ryougi/Dev/cgba/.claude/worktrees/elegant-faraday-ea393c/vendor/gpsp/video.cc.obj
 .text._Z24render_affine_backgroundItL8rendtype1ELb1ELb1ELb0ELb0EEvjjjPKhjS2_PvPKt
                0x0034ac28      0x108 CMakeFiles/cgba-gint-gpsp.dir/Users/ryougi/Dev/cgba/.claude/worktrees/elegant-faraday-ea393c/vendor/gpsp/video.cc.obj
 .text._Z22render_scanline_bitmapIL8rendtype1EtLj3EtLj240ELj160EL11bm_rendmode0ELb0EEvjjPvPKt
                0x0034ad30       0xb0 CMakeFiles/cgba-gint-gpsp.dir/Users/ryougi/Dev/cgba/.claude/worktrees/elegant-faraday-ea393c/vendor/gpsp/video.cc.obj
 .text._Z24render_affine_backgroundIjL8rendtype2ELb1ELb1ELb0ELb0EEvjjjPKhjS2_PvPKt
                0x0034ade0      0x10c CMakeFiles/cgba-gint-gpsp.dir/Users/ryougi/Dev/cgba/.claude/worktrees/elegant-faraday-ea393c/vendor/gpsp/video.cc.obj
 .text._Z24render_affine_backgroundIjL8rendtype1ELb0ELb1ELb1ELb0EEvjjjPKhjS2_PvPKt
                0x0034aeec      0x100 CMakeFiles/cgba-gint-gpsp.dir/Users/ryougi/Dev/cgba/.claude/worktrees/elegant-faraday-ea393c/vendor/gpsp/video.cc.obj
 .text._Z24render_affine_backgroundItL8rendtype1ELb0ELb1ELb1ELb0EEvjjjPKhjS2_PvPKt
                0x0034afec      0x104 CMakeFiles/cgba-gint-gpsp.dir/Users/ryougi/Dev/cgba/.claude/worktrees/elegant-faraday-ea393c/vendor/gpsp/video.cc.obj
 .text._Z22render_scanline_bitmapIL8rendtype2EjLj3EtLj240ELj160EL11bm_rendmode0ELb0EEvjjPvPKt
                0x0034b0f0       0xb0 CMakeFiles/cgba-gint-gpsp.dir/Users/ryougi/Dev/cgba/.claude/worktrees/elegant-faraday-ea393c/vendor/gpsp/video.cc.obj
 .text._Z22render_scanline_bitmapIL8rendtype1EtLj3EtLj240ELj160EL11bm_rendmode1ELb0EEvjjPvPKt
                0x0034b1a0       0xd4 CMakeFiles/cgba-gint-gpsp.dir/Users/ryougi/Dev/cgba/.claude/worktrees/elegant-faraday-ea393c/vendor/gpsp/video.cc.obj
 .text._Z24render_affine_backgroundIjL8rendtype2ELb0ELb1ELb1ELb0EEvjjjPKhjS2_PvPKt
                0x0034b274      0x104 CMakeFiles/cgba-gint-gpsp.dir/Users/ryougi/Dev/cgba/.claude/worktrees/elegant-faraday-ea393c/vendor/gpsp/video.cc.obj
 .text._Z24render_affine_backgroundItL8rendtype0ELb0ELb0ELb1ELb0EEvjjjPKhjS2_PvPKt
                0x0034b378      0x110 CMakeFiles/cgba-gint-gpsp.dir/Users/ryougi/Dev/cgba/.claude/worktrees/elegant-faraday-ea393c/vendor/gpsp/video.cc.obj
 .text._Z24render_affine_backgroundIjL8rendtype1ELb1ELb1ELb1ELb0EEvjjjPKhjS2_PvPKt
                0x0034b488      0x118 CMakeFiles/cgba-gint-gpsp.dir/Users/ryougi/Dev/cgba/.claude/worktrees/elegant-faraday-ea393c/vendor/gpsp/video.cc.obj
 .text._Z24render_affine_backgroundItL8rendtype1ELb1ELb1ELb1ELb0EEvjjjPKhjS2_PvPKt
                0x0034b5a0      0x118 CMakeFiles/cgba-gint-gpsp.dir/Users/ryougi/Dev/cgba/.claude/worktrees/elegant-faraday-ea393c/vendor/gpsp/video.cc.obj
 .text._Z22render_scanline_bitmapIL8rendtype2EjLj3EtLj240ELj160EL11bm_rendmode1ELb0EEvjjPvPKt
                0x0034b6b8       0xd4 CMakeFiles/cgba-gint-gpsp.dir/Users/ryougi/Dev/cgba/.claude/worktrees/elegant-faraday-ea393c/vendor/gpsp/video.cc.obj
 .text._Z24render_affine_backgroundIjL8rendtype1ELb0ELb0ELb1ELb0EEvjjjPKhjS2_PvPKt
                0x0034b78c      0x13c CMakeFiles/cgba-gint-gpsp.dir/Users/ryougi/Dev/cgba/.claude/worktrees/elegant-faraday-ea393c/vendor/gpsp/video.cc.obj
 .text._Z24render_affine_backgroundItL8rendtype1ELb0ELb0ELb1ELb0EEvjjjPKhjS2_PvPKt
                0x0034b8c8      0x13c CMakeFiles/cgba-gint-gpsp.dir/Users/ryougi/Dev/cgba/.claude/worktrees/elegant-faraday-ea393c/vendor/gpsp/video.cc.obj
 .text._Z24render_affine_backgroundIjL8rendtype2ELb1ELb1ELb1ELb0EEvjjjPKhjS2_PvPKt
                0x0034ba04      0x118 CMakeFiles/cgba-gint-gpsp.dir/Users/ryougi/Dev/cgba/.claude/worktrees/elegant-faraday-ea393c/vendor/gpsp/video.cc.obj
 .text._Z24render_affine_backgroundIjL8rendtype2ELb0ELb0ELb1ELb0EEvjjjPKhjS2_PvPKt
                0x0034bb1c      0x140 CMakeFiles/cgba-gint-gpsp.dir/Users/ryougi/Dev/cgba/.claude/worktrees/elegant-faraday-ea393c/vendor/gpsp/video.cc.obj
 .text._Z24render_affine_backgroundItL8rendtype0ELb1ELb0ELb1ELb0EEvjjjPKhjS2_PvPKt
                0x0034bc5c      0x154 CMakeFiles/cgba-gint-gpsp.dir/Users/ryougi/Dev/cgba/.claude/worktrees/elegant-faraday-ea393c/vendor/gpsp/video.cc.obj
 .text._Z22render_scanline_bitmapIL8rendtype1EtLj5EtLj160ELj128EL11bm_rendmode0ELb0EEvjjPvPKt
                0x0034bdb0       0xe0 CMakeFiles/cgba-gint-gpsp.dir/Users/ryougi/Dev/cgba/.claude/worktrees/elegant-faraday-ea393c/vendor/gpsp/video.cc.obj
 .text._Z24render_affine_backgroundIjL8rendtype1ELb1ELb0ELb1ELb0EEvjjjPKhjS2_PvPKt
                0x0034be90      0x184 CMakeFiles/cgba-gint-gpsp.dir/Users/ryougi/Dev/cgba/.claude/worktrees/elegant-faraday-ea393c/vendor/gpsp/video.cc.obj
 .text._Z24render_affine_backgroundIjL8rendtype2ELb1ELb0ELb1ELb0EEvjjjPKhjS2_PvPKt
                0x0034c014      0x18c CMakeFiles/cgba-gint-gpsp.dir/Users/ryougi/Dev/cgba/.claude/worktrees/elegant-faraday-ea393c/vendor/gpsp/video.cc.obj
 .text._Z24render_affine_backgroundItL8rendtype1ELb1ELb0ELb1ELb0EEvjjjPKhjS2_PvPKt
                0x0034c1a0      0x19c CMakeFiles/cgba-gint-gpsp.dir/Users/ryougi/Dev/cgba/.claude/worktrees/elegant-faraday-ea393c/vendor/gpsp/video.cc.obj
 .text._Z22render_scanline_bitmapIL8rendtype2EjLj5EtLj160ELj128EL11bm_rendmode0ELb0EEvjjPvPKt
                0x0034c33c       0xe4 CMakeFiles/cgba-gint-gpsp.dir/Users/ryougi/Dev/cgba/.claude/worktrees/elegant-faraday-ea393c/vendor/gpsp/video.cc.obj
 .text._Z22render_scanline_bitmapIL8rendtype1EtLj5EtLj160ELj128EL11bm_rendmode1ELb0EEvjjPvPKt
                0x0034c420       0xe8 CMakeFiles/cgba-gint-gpsp.dir/Users/ryougi/Dev/cgba/.claude/worktrees/elegant-faraday-ea393c/vendor/gpsp/video.cc.obj
 .text._Z22render_scanline_bitmapIL8rendtype2EjLj5EtLj160ELj128EL11bm_rendmode1ELb0EEvjjPvPKt
                0x0034c508       0xec CMakeFiles/cgba-gint-gpsp.dir/Users/ryougi/Dev/cgba/.claude/worktrees/elegant-faraday-ea393c/vendor/gpsp/video.cc.obj
 .text._Z24render_affine_backgroundItL8rendtype0ELb0ELb1ELb0ELb1EEvjjjPKhjS2_PvPKt
                0x0034c5f4       0xe4 CMakeFiles/cgba-gint-gpsp.dir/Users/ryougi/Dev/cgba/.claude/worktrees/elegant-faraday-ea393c/vendor/gpsp/video.cc.obj
 .text._Z24render_affine_backgroundItL8rendtype0ELb0ELb0ELb0ELb0EEvjjjPKhjS2_PvPKt
                0x0034c6d8       0xe8 CMakeFiles/cgba-gint-gpsp.dir/Users/ryougi/Dev/cgba/.claude/worktrees/elegant-faraday-ea393c/vendor/gpsp/video.cc.obj
 .text._Z22render_scanline_bitmapIL8rendtype1EtLj3EtLj240ELj160EL11bm_rendmode2ELb0EEvjjPvPKt
                0x0034c7c0       0xe0 CMakeFiles/cgba-gint-gpsp.dir/Users/ryougi/Dev/cgba/.claude/worktrees/elegant-faraday-ea393c/vendor/gpsp/video.cc.obj
 .text._Z22render_scanline_bitmapIL8rendtype1EtLj3EtLj240ELj160EL11bm_rendmode0ELb1EEvjjPvPKt
                0x0034c8a0       0xd4 CMakeFiles/cgba-gint-gpsp.dir/Users/ryougi/Dev/cgba/.claude/worktrees/elegant-faraday-ea393c/vendor/gpsp/video.cc.obj
 .text._Z24render_affine_backgroundItL8rendtype0ELb1ELb1ELb0ELb1EEvjjjPKhjS2_PvPKt
                0x0034c974       0xe8 CMakeFiles/cgba-gint-gpsp.dir/Users/ryougi/Dev/cgba/.claude/worktrees/elegant-faraday-ea393c/vendor/gpsp/video.cc.obj
 .text._Z22render_scanline_bitmapIL8rendtype2EjLj3EtLj240ELj160EL11bm_rendmode2ELb0EEvjjPvPKt
                0x0034ca5c       0xe4 CMakeFiles/cgba-gint-gpsp.dir/Users/ryougi/Dev/cgba/.claude/worktrees/elegant-faraday-ea393c/vendor/gpsp/video.cc.obj
 .text._Z22render_scanline_bitmapIL8rendtype2EjLj3EtLj240ELj160EL11bm_rendmode0ELb1EEvjjPvPKt
                0x0034cb40       0xd4 CMakeFiles/cgba-gint-gpsp.dir/Users/ryougi/Dev/cgba/.claude/worktrees/elegant-faraday-ea393c/vendor/gpsp/video.cc.obj
 .text._Z22render_scanline_bitmapIL8rendtype1EtLj3EtLj240ELj160EL11bm_rendmode1ELb1EEvjjPvPKt
                0x0034cc14       0xf0 CMakeFiles/cgba-gint-gpsp.dir/Users/ryougi/Dev/cgba/.claude/worktrees/elegant-faraday-ea393c/vendor/gpsp/video.cc.obj
 .text._Z24render_affine_backgroundIjL8rendtype1ELb0ELb0ELb0ELb0EEvjjjPKhjS2_PvPKt